<?xml version="1.0"?>
<link_info>
   <banner>TI ARM Linker PC v15.12.3.LTS</banner>
   <copyright>Copyright (c) 1996-2015 Texas Instruments Incorporated</copyright>
   <link_time>0x57da09c0</link_time>
   <link_errors>0x0</link_errors>
   <output_file>FreeRTOS82_TM4C1294_Base.out</output_file>
   <entry_point>
      <name>_c_int00</name>
      <address>0x3b15</address>
   </entry_point>
   <input_file_list>
      <input_file id="fl-2">
         <path>.\</path>
         <kind>object</kind>
         <file>FreeRTOS_TM4C1294_Base_Startup.obj</file>
         <name>FreeRTOS_TM4C1294_Base_Startup.obj</name>
      </input_file>
      <input_file id="fl-3">
         <path>.\</path>
         <kind>object</kind>
         <file>Main_Base.obj</file>
         <name>Main_Base.obj</name>
      </input_file>
      <input_file id="fl-4">
         <path>.\</path>
         <kind>object</kind>
         <file>heap_2.obj</file>
         <name>heap_2.obj</name>
      </input_file>
      <input_file id="fl-5">
         <path>.\Drivers\</path>
         <kind>object</kind>
         <file>Processor_Initialization_TM4C1294.obj</file>
         <name>Processor_Initialization_TM4C1294.obj</name>
      </input_file>
      <input_file id="fl-6">
         <path>.\Drivers\</path>
         <kind>object</kind>
         <file>uartstdio.obj</file>
         <name>uartstdio.obj</name>
      </input_file>
      <input_file id="fl-7">
         <path>.\Source\</path>
         <kind>object</kind>
         <file>croutine.obj</file>
         <name>croutine.obj</name>
      </input_file>
      <input_file id="fl-8">
         <path>.\Source\</path>
         <kind>object</kind>
         <file>event_groups.obj</file>
         <name>event_groups.obj</name>
      </input_file>
      <input_file id="fl-9">
         <path>.\Source\</path>
         <kind>object</kind>
         <file>list.obj</file>
         <name>list.obj</name>
      </input_file>
      <input_file id="fl-a">
         <path>.\Source\</path>
         <kind>object</kind>
         <file>queue.obj</file>
         <name>queue.obj</name>
      </input_file>
      <input_file id="fl-b">
         <path>.\Source\</path>
         <kind>object</kind>
         <file>tasks.obj</file>
         <name>tasks.obj</name>
      </input_file>
      <input_file id="fl-c">
         <path>.\Source\</path>
         <kind>object</kind>
         <file>timers.obj</file>
         <name>timers.obj</name>
      </input_file>
      <input_file id="fl-d">
         <path>.\Source\portable\CCS\ARM_CM4F\</path>
         <kind>object</kind>
         <file>port.obj</file>
         <name>port.obj</name>
      </input_file>
      <input_file id="fl-e">
         <path>.\Source\portable\CCS\ARM_CM4F\</path>
         <kind>object</kind>
         <file>portasm.obj</file>
         <name>portasm.obj</name>
      </input_file>
      <input_file id="fl-f">
         <path>.\Tasks\</path>
         <kind>object</kind>
         <file>Task_Blinky.obj</file>
         <name>Task_Blinky.obj</name>
      </input_file>
      <input_file id="fl-10">
         <path>.\Tasks\</path>
         <kind>object</kind>
         <file>Task_ReportData.obj</file>
         <name>Task_ReportData.obj</name>
      </input_file>
      <input_file id="fl-11">
         <path>.\Tasks\</path>
         <kind>object</kind>
         <file>Task_ReportTime.obj</file>
         <name>Task_ReportTime.obj</name>
      </input_file>
      <input_file id="fl-12">
         <path>.\Tasks\</path>
         <kind>object</kind>
         <file>Task_TimerInterrupt.obj</file>
         <name>Task_TimerInterrupt.obj</name>
      </input_file>
      <input_file id="fl-ce">
         <path>C:\ti\ccsv6\tools\compiler\arm_15.12.3.LTS\lib\</path>
         <kind>archive</kind>
         <file>rtsv7M4_T_le_v4SPD16_eabi.lib</file>
         <name>boot.obj</name>
      </input_file>
      <input_file id="fl-cf">
         <path>C:\ti\ccsv6\tools\compiler\arm_15.12.3.LTS\lib\</path>
         <kind>archive</kind>
         <file>rtsv7M4_T_le_v4SPD16_eabi.lib</file>
         <name>copy_decompress_none.obj</name>
      </input_file>
      <input_file id="fl-d0">
         <path>C:\ti\ccsv6\tools\compiler\arm_15.12.3.LTS\lib\</path>
         <kind>archive</kind>
         <file>rtsv7M4_T_le_v4SPD16_eabi.lib</file>
         <name>copy_decompress_rle.obj</name>
      </input_file>
      <input_file id="fl-d1">
         <path>C:\ti\ccsv6\tools\compiler\arm_15.12.3.LTS\lib\</path>
         <kind>archive</kind>
         <file>rtsv7M4_T_le_v4SPD16_eabi.lib</file>
         <name>copy_zero_init.obj</name>
      </input_file>
      <input_file id="fl-d2">
         <path>C:\ti\ccsv6\tools\compiler\arm_15.12.3.LTS\lib\</path>
         <kind>archive</kind>
         <file>rtsv7M4_T_le_v4SPD16_eabi.lib</file>
         <name>exit.obj</name>
      </input_file>
      <input_file id="fl-d3">
         <path>C:\ti\ccsv6\tools\compiler\arm_15.12.3.LTS\lib\</path>
         <kind>archive</kind>
         <file>rtsv7M4_T_le_v4SPD16_eabi.lib</file>
         <name>memcpy_t2.obj</name>
      </input_file>
      <input_file id="fl-d4">
         <path>C:\ti\ccsv6\tools\compiler\arm_15.12.3.LTS\lib\</path>
         <kind>archive</kind>
         <file>rtsv7M4_T_le_v4SPD16_eabi.lib</file>
         <name>memset_t2.obj</name>
      </input_file>
      <input_file id="fl-d5">
         <path>C:\ti\ccsv6\tools\compiler\arm_15.12.3.LTS\lib\</path>
         <kind>archive</kind>
         <file>rtsv7M4_T_le_v4SPD16_eabi.lib</file>
         <name>mpu_init.obj</name>
      </input_file>
      <input_file id="fl-d6">
         <path>C:\ti\ccsv6\tools\compiler\arm_15.12.3.LTS\lib\</path>
         <kind>archive</kind>
         <file>rtsv7M4_T_le_v4SPD16_eabi.lib</file>
         <name>pre_init.obj</name>
      </input_file>
      <input_file id="fl-d7">
         <path>C:\ti\ccsv6\tools\compiler\arm_15.12.3.LTS\lib\</path>
         <kind>archive</kind>
         <file>rtsv7M4_T_le_v4SPD16_eabi.lib</file>
         <name>stkdepth_vars.obj</name>
      </input_file>
      <input_file id="fl-d8">
         <path>C:\ti\ccsv6\tools\compiler\arm_15.12.3.LTS\lib\</path>
         <kind>archive</kind>
         <file>rtsv7M4_T_le_v4SPD16_eabi.lib</file>
         <name>u_divt2.obj</name>
      </input_file>
      <input_file id="fl-d9">
         <path>C:\ti\ccsv6\tools\compiler\arm_15.12.3.LTS\lib\</path>
         <kind>archive</kind>
         <file>rtsv7M4_T_le_v4SPD16_eabi.lib</file>
         <name>_lock.obj</name>
      </input_file>
      <input_file id="fl-da">
         <path>C:\ti\ccsv6\tools\compiler\arm_15.12.3.LTS\lib\</path>
         <kind>archive</kind>
         <file>rtsv7M4_T_le_v4SPD16_eabi.lib</file>
         <name>args_main.obj</name>
      </input_file>
      <input_file id="fl-db">
         <path>C:\ti\ccsv6\tools\compiler\arm_15.12.3.LTS\lib\</path>
         <kind>archive</kind>
         <file>rtsv7M4_T_le_v4SPD16_eabi.lib</file>
         <name>autoinit.obj</name>
      </input_file>
      <input_file id="fl-dc">
         <path>C:\ti\ccsv6\tools\compiler\arm_15.12.3.LTS\lib\</path>
         <kind>archive</kind>
         <file>rtsv7M4_T_le_v4SPD16_eabi.lib</file>
         <name>cpy_tbl.obj</name>
      </input_file>
      <input_file id="fl-dd">
         <path>C:\ti\ccsv6\tools\compiler\arm_15.12.3.LTS\lib\</path>
         <kind>archive</kind>
         <file>rtsv7M4_T_le_v4SPD16_eabi.lib</file>
         <name>i_div0.obj</name>
      </input_file>
      <input_file id="fl-de">
         <path>C:\ti\ccsv6\tools\compiler\arm_15.12.3.LTS\lib\</path>
         <kind>archive</kind>
         <file>rtsv7M4_T_le_v4SPD16_eabi.lib</file>
         <name>startup.obj</name>
      </input_file>
      <input_file id="fl-df">
         <path>C:\TI_CodeComposer\TivaWare\driverlib\ccs\Debug\</path>
         <kind>archive</kind>
         <file>driverlib.lib</file>
         <name>gpio.obj</name>
      </input_file>
      <input_file id="fl-e0">
         <path>C:\TI_CodeComposer\TivaWare\driverlib\ccs\Debug\</path>
         <kind>archive</kind>
         <file>driverlib.lib</file>
         <name>interrupt.obj</name>
      </input_file>
      <input_file id="fl-e1">
         <path>C:\TI_CodeComposer\TivaWare\driverlib\ccs\Debug\</path>
         <kind>archive</kind>
         <file>driverlib.lib</file>
         <name>sysctl.obj</name>
      </input_file>
      <input_file id="fl-e2">
         <path>C:\TI_CodeComposer\TivaWare\driverlib\ccs\Debug\</path>
         <kind>archive</kind>
         <file>driverlib.lib</file>
         <name>timer.obj</name>
      </input_file>
      <input_file id="fl-e3">
         <path>C:\TI_CodeComposer\TivaWare\driverlib\ccs\Debug\</path>
         <kind>archive</kind>
         <file>driverlib.lib</file>
         <name>uart.obj</name>
      </input_file>
      <input_file id="fl-e4">
         <path>C:\TI_CodeComposer\TivaWare\driverlib\ccs\Debug\</path>
         <kind>archive</kind>
         <file>driverlib.lib</file>
         <name>cpu.obj</name>
      </input_file>
   </input_file_list>
   <object_component_list>
      <object_component id="oc-f">
         <name>.intvecs</name>
         <load_address>0x0</load_address>
         <run_address>0x0</run_address>
         <size>0x200</size>
         <input_file_ref idref="fl-2"/>
      </object_component>
      <object_component id="oc-98">
         <name>.text</name>
         <load_address>0x200</load_address>
         <run_address>0x200</run_address>
         <size>0x1720</size>
         <input_file_ref idref="fl-b"/>
      </object_component>
      <object_component id="oc-ae">
         <name>.text</name>
         <load_address>0x1920</load_address>
         <run_address>0x1920</run_address>
         <size>0x9ac</size>
         <input_file_ref idref="fl-a"/>
      </object_component>
      <object_component id="oc-144">
         <name>.text</name>
         <load_address>0x22cc</load_address>
         <run_address>0x22cc</run_address>
         <size>0x538</size>
         <input_file_ref idref="fl-c"/>
      </object_component>
      <object_component id="oc-de">
         <name>.text</name>
         <load_address>0x2804</load_address>
         <run_address>0x2804</run_address>
         <size>0x49c</size>
         <input_file_ref idref="fl-6"/>
      </object_component>
      <object_component id="oc-287">
         <name>.text:SysCtlClockFreqSet</name>
         <load_address>0x2ca0</load_address>
         <run_address>0x2ca0</run_address>
         <size>0x204</size>
         <input_file_ref idref="fl-e1"/>
      </object_component>
      <object_component id="oc-153">
         <name>.text</name>
         <load_address>0x2ea4</load_address>
         <run_address>0x2ea4</run_address>
         <size>0x1b8</size>
         <input_file_ref idref="fl-4"/>
      </object_component>
      <object_component id="oc-3f">
         <name>.text</name>
         <load_address>0x305c</load_address>
         <run_address>0x305c</run_address>
         <size>0x17c</size>
         <input_file_ref idref="fl-12"/>
      </object_component>
      <object_component id="oc-39">
         <name>.text</name>
         <load_address>0x31d8</load_address>
         <run_address>0x31d8</run_address>
         <size>0x134</size>
         <input_file_ref idref="fl-d"/>
      </object_component>
      <object_component id="oc-2a9">
         <name>.text:GPIOPadConfigSet</name>
         <load_address>0x330c</load_address>
         <run_address>0x330c</run_address>
         <size>0x132</size>
         <input_file_ref idref="fl-df"/>
      </object_component>
      <object_component id="oc-138">
         <name>.text</name>
         <load_address>0x343e</load_address>
         <run_address>0x343e</run_address>
         <size>0x12a</size>
         <input_file_ref idref="fl-9"/>
      </object_component>
      <object_component id="oc-120">
         <name>.text</name>
         <load_address>0x3568</load_address>
         <run_address>0x3568</run_address>
         <size>0xe4</size>
         <input_file_ref idref="fl-3"/>
      </object_component>
      <object_component id="oc-34">
         <name>.text</name>
         <load_address>0x364c</load_address>
         <run_address>0x364c</run_address>
         <size>0xd2</size>
         <input_file_ref idref="fl-e"/>
      </object_component>
      <object_component id="oc-274">
         <name>.text</name>
         <load_address>0x371e</load_address>
         <run_address>0x371e</run_address>
         <size>0x2</size>
         <input_file_ref idref="fl-dd"/>
      </object_component>
      <object_component id="oc-1ef">
         <name>.text</name>
         <load_address>0x3720</load_address>
         <run_address>0x3720</run_address>
         <size>0xa0</size>
         <input_file_ref idref="fl-10"/>
      </object_component>
      <object_component id="oc-48">
         <name>.text</name>
         <load_address>0x37c0</load_address>
         <run_address>0x37c0</run_address>
         <size>0x9c</size>
         <input_file_ref idref="fl-d3"/>
      </object_component>
      <object_component id="oc-1e3">
         <name>.text</name>
         <load_address>0x385c</load_address>
         <run_address>0x385c</run_address>
         <size>0x98</size>
         <input_file_ref idref="fl-5"/>
      </object_component>
      <object_component id="oc-61">
         <name>.text</name>
         <load_address>0x38f4</load_address>
         <run_address>0x38f4</run_address>
         <size>0x7a</size>
         <input_file_ref idref="fl-d4"/>
      </object_component>
      <object_component id="oc-6d">
         <name>.text</name>
         <load_address>0x396e</load_address>
         <run_address>0x396e</run_address>
         <size>0x2</size>
         <input_file_ref idref="fl-d5"/>
      </object_component>
      <object_component id="oc-79">
         <name>.text</name>
         <load_address>0x3970</load_address>
         <run_address>0x3970</run_address>
         <size>0x70</size>
         <input_file_ref idref="fl-db"/>
      </object_component>
      <object_component id="oc-54">
         <name>.text</name>
         <load_address>0x39e0</load_address>
         <run_address>0x39e0</run_address>
         <size>0x6a</size>
         <input_file_ref idref="fl-d0"/>
      </object_component>
      <object_component id="oc-118">
         <name>.text</name>
         <load_address>0x3a4a</load_address>
         <run_address>0x3a4a</run_address>
         <size>0x2</size>
         <input_file_ref idref="fl-de"/>
      </object_component>
      <object_component id="oc-d8">
         <name>.text:IntEnable</name>
         <load_address>0x3a4c</load_address>
         <run_address>0x3a4c</run_address>
         <size>0x68</size>
         <input_file_ref idref="fl-e0"/>
      </object_component>
      <object_component id="oc-ba">
         <name>.text:TimerConfigure</name>
         <load_address>0x3ab4</load_address>
         <run_address>0x3ab4</run_address>
         <size>0x60</size>
         <input_file_ref idref="fl-e2"/>
      </object_component>
      <object_component id="oc-24">
         <name>.text</name>
         <load_address>0x3b14</load_address>
         <run_address>0x3b14</run_address>
         <size>0x54</size>
         <input_file_ref idref="fl-ce"/>
      </object_component>
      <object_component id="oc-85">
         <name>.text</name>
         <load_address>0x3b68</load_address>
         <run_address>0x3b68</run_address>
         <size>0x54</size>
         <input_file_ref idref="fl-d2"/>
      </object_component>
      <object_component id="oc-1e9">
         <name>.text</name>
         <load_address>0x3bbc</load_address>
         <run_address>0x3bbc</run_address>
         <size>0x50</size>
         <input_file_ref idref="fl-f"/>
      </object_component>
      <object_component id="oc-112">
         <name>.text</name>
         <load_address>0x3c0c</load_address>
         <run_address>0x3c0c</run_address>
         <size>0x4c</size>
         <input_file_ref idref="fl-dc"/>
      </object_component>
      <object_component id="oc-28d">
         <name>.text:GPIOPinConfigure</name>
         <load_address>0x3c58</load_address>
         <run_address>0x3c58</run_address>
         <size>0x48</size>
         <input_file_ref idref="fl-df"/>
      </object_component>
      <object_component id="oc-2f4">
         <name>.text:_SysCtlFrequencyGet</name>
         <load_address>0x3ca0</load_address>
         <run_address>0x3ca0</run_address>
         <size>0x48</size>
         <input_file_ref idref="fl-e1"/>
      </object_component>
      <object_component id="oc-195">
         <name>.text:UARTConfigSetExpClk</name>
         <load_address>0x3ce8</load_address>
         <run_address>0x3ce8</run_address>
         <size>0x46</size>
         <input_file_ref idref="fl-e3"/>
      </object_component>
      <object_component id="oc-1f5">
         <name>.text</name>
         <load_address>0x3d30</load_address>
         <run_address>0x3d30</run_address>
         <size>0x44</size>
         <input_file_ref idref="fl-11"/>
      </object_component>
      <object_component id="oc-1b6">
         <name>.text</name>
         <load_address>0x3d74</load_address>
         <run_address>0x3d74</run_address>
         <size>0x40</size>
         <input_file_ref idref="fl-d8"/>
      </object_component>
      <object_component id="oc-18f">
         <name>.text:SysCtlPeripheralPresent</name>
         <load_address>0x3db4</load_address>
         <run_address>0x3db4</run_address>
         <size>0x38</size>
         <input_file_ref idref="fl-e1"/>
      </object_component>
      <object_component id="oc-b4">
         <name>.text:SysCtlPeripheralEnable</name>
         <load_address>0x3dec</load_address>
         <run_address>0x3dec</run_address>
         <size>0x34</size>
         <input_file_ref idref="fl-e1"/>
      </object_component>
      <object_component id="oc-309">
         <name>.text:GPIODirModeSet</name>
         <load_address>0x3e20</load_address>
         <run_address>0x3e20</run_address>
         <size>0x2a</size>
         <input_file_ref idref="fl-df"/>
      </object_component>
      <object_component id="oc-263">
         <name>.text:UARTDisable</name>
         <load_address>0x3e4c</load_address>
         <run_address>0x3e4c</run_address>
         <size>0x20</size>
         <input_file_ref idref="fl-e3"/>
      </object_component>
      <object_component id="oc-2ee">
         <name>.text:_SysCtlMemTimingGet</name>
         <load_address>0x3e6c</load_address>
         <run_address>0x3e6c</run_address>
         <size>0x20</size>
         <input_file_ref idref="fl-e1"/>
      </object_component>
      <object_component id="oc-2a3">
         <name>.text:GPIOPinTypeGPIOOutput</name>
         <load_address>0x3e8c</load_address>
         <run_address>0x3e8c</run_address>
         <size>0x18</size>
         <input_file_ref idref="fl-df"/>
      </object_component>
      <object_component id="oc-7f">
         <name>.text</name>
         <load_address>0x3ea4</load_address>
         <run_address>0x3ea4</run_address>
         <size>0x18</size>
         <input_file_ref idref="fl-da"/>
      </object_component>
      <object_component id="oc-19b">
         <name>.text:UARTEnable</name>
         <load_address>0x3ebc</load_address>
         <run_address>0x3ebc</run_address>
         <size>0x14</size>
         <input_file_ref idref="fl-e3"/>
      </object_component>
      <object_component id="oc-205">
         <name>.text</name>
         <load_address>0x3ed0</load_address>
         <run_address>0x3ed0</run_address>
         <size>0x14</size>
         <input_file_ref idref="fl-d9"/>
      </object_component>
      <object_component id="oc-293">
         <name>.text:GPIOPinTypeUART</name>
         <load_address>0x3ee4</load_address>
         <run_address>0x3ee4</run_address>
         <size>0x12</size>
         <input_file_ref idref="fl-df"/>
      </object_component>
      <object_component id="oc-c6">
         <name>.text:TimerLoadSet</name>
         <load_address>0x3ef6</load_address>
         <run_address>0x3ef6</run_address>
         <size>0x12</size>
         <input_file_ref idref="fl-e2"/>
      </object_component>
      <object_component id="oc-c0">
         <name>.text:TimerPrescaleSet</name>
         <load_address>0x3f08</load_address>
         <run_address>0x3f08</run_address>
         <size>0x12</size>
         <input_file_ref idref="fl-e2"/>
      </object_component>
      <object_component id="oc-cc">
         <name>.text:TimerEnable</name>
         <load_address>0x3f1a</load_address>
         <run_address>0x3f1a</run_address>
         <size>0xe</size>
         <input_file_ref idref="fl-e2"/>
      </object_component>
      <object_component id="oc-12">
         <name>.text:decompress:none</name>
         <load_address>0x3f28</load_address>
         <run_address>0x3f28</run_address>
         <size>0xe</size>
         <input_file_ref idref="fl-cf"/>
      </object_component>
      <object_component id="oc-2e">
         <name>.text</name>
         <load_address>0x3f36</load_address>
         <run_address>0x3f36</run_address>
         <size>0xc</size>
         <input_file_ref idref="fl-2"/>
      </object_component>
      <object_component id="oc-1a7">
         <name>.text:UARTCharGet</name>
         <load_address>0x3f42</load_address>
         <run_address>0x3f42</run_address>
         <size>0xa</size>
         <input_file_ref idref="fl-e3"/>
      </object_component>
      <object_component id="oc-1a1">
         <name>.text:UARTCharPut</name>
         <load_address>0x3f4c</load_address>
         <run_address>0x3f4c</run_address>
         <size>0xa</size>
         <input_file_ref idref="fl-e3"/>
      </object_component>
      <object_component id="oc-d2">
         <name>.text:TimerIntEnable</name>
         <load_address>0x3f56</load_address>
         <run_address>0x3f56</run_address>
         <size>0x8</size>
         <input_file_ref idref="fl-e2"/>
      </object_component>
      <object_component id="oc-2af">
         <name>.text:GPIOPinRead</name>
         <load_address>0x3f5e</load_address>
         <run_address>0x3f5e</run_address>
         <size>0x6</size>
         <input_file_ref idref="fl-df"/>
      </object_component>
      <object_component id="oc-2b5">
         <name>.text:GPIOPinWrite</name>
         <load_address>0x3f64</load_address>
         <run_address>0x3f64</run_address>
         <size>0x6</size>
         <input_file_ref idref="fl-df"/>
      </object_component>
      <object_component id="oc-299">
         <name>.text:UARTClockSourceSet</name>
         <load_address>0x3f6a</load_address>
         <run_address>0x3f6a</run_address>
         <size>0x6</size>
         <input_file_ref idref="fl-e3"/>
      </object_component>
      <object_component id="oc-18">
         <name>.text:decompress:rle24</name>
         <load_address>0x3f70</load_address>
         <run_address>0x3f70</run_address>
         <size>0x6</size>
         <input_file_ref idref="fl-d0"/>
      </object_component>
      <object_component id="oc-e4">
         <name>.text:TimerIntClear</name>
         <load_address>0x3f76</load_address>
         <run_address>0x3f76</run_address>
         <size>0x4</size>
         <input_file_ref idref="fl-e2"/>
      </object_component>
      <object_component id="oc-73">
         <name>.text</name>
         <load_address>0x3f7a</load_address>
         <run_address>0x3f7a</run_address>
         <size>0x4</size>
         <input_file_ref idref="fl-d6"/>
      </object_component>
      <object_component id="oc-2fd">
         <name>.const:g_pppui32XTALtoVCO</name>
         <load_address>0x3f80</load_address>
         <run_address>0x3f80</run_address>
         <size>0x120</size>
         <input_file_ref idref="fl-e1"/>
      </object_component>
      <object_component id="oc-304">
         <name>.const:g_pui32GPIOBaseAddrs</name>
         <load_address>0x40a0</load_address>
         <run_address>0x40a0</run_address>
         <size>0x90</size>
         <input_file_ref idref="fl-df"/>
      </object_component>
      <object_component id="oc-18a">
         <name>.const</name>
         <load_address>0x4130</load_address>
         <run_address>0x4130</run_address>
         <size>0x70</size>
         <input_file_ref idref="fl-e0"/>
      </object_component>
      <object_component id="oc-2fa">
         <name>.const:g_pui32Xtals</name>
         <load_address>0x41a0</load_address>
         <run_address>0x41a0</run_address>
         <size>0x6c</size>
         <input_file_ref idref="fl-e1"/>
      </object_component>
      <object_component id="oc-32b">
         <name>.const:g_sXTALtoMEMTIM</name>
         <load_address>0x420c</load_address>
         <run_address>0x420c</run_address>
         <size>0x30</size>
         <input_file_ref idref="fl-e1"/>
      </object_component>
      <object_component id="oc-27b">
         <name>.const:.string</name>
         <load_address>0x423c</load_address>
         <run_address>0x423c</run_address>
         <size>0x12</size>
         <input_file_ref idref="fl-6"/>
      </object_component>
      <object_component id="oc-243">
         <name>.const</name>
         <load_address>0x424e</load_address>
         <run_address>0x424e</run_address>
         <size>0x2</size>
         <input_file_ref idref="fl-4"/>
      </object_component>
      <object_component id="oc-1b3">
         <name>.const:g_ui32UARTBase</name>
         <load_address>0x4250</load_address>
         <run_address>0x4250</run_address>
         <size>0xc</size>
         <input_file_ref idref="fl-6"/>
      </object_component>
      <object_component id="oc-1ad">
         <name>.const:g_ui32UARTPeriph</name>
         <load_address>0x425c</load_address>
         <run_address>0x425c</run_address>
         <size>0xc</size>
         <input_file_ref idref="fl-6"/>
      </object_component>
      <object_component id="oc-300">
         <name>.const</name>
         <load_address>0x4268</load_address>
         <run_address>0x4268</run_address>
         <size>0x8</size>
         <input_file_ref idref="fl-e1"/>
      </object_component>
      <object_component id="oc-95">
         <name>.const</name>
         <load_address>0x4270</load_address>
         <run_address>0x4270</run_address>
         <size>0x4</size>
         <input_file_ref idref="fl-d"/>
      </object_component>
      <object_component id="oc-1bb">
         <name>.const</name>
         <load_address>0x4274</load_address>
         <run_address>0x4274</run_address>
         <size>0x4</size>
         <input_file_ref idref="fl-6"/>
      </object_component>
      <object_component id="oc-35e">
         <name>.cinit..data.load</name>
         <load_address>0x4278</load_address>
         <run_address>0x4278</run_address>
         <size>0x20</size>
      </object_component>
      <object_component id="oc-35f">
         <name>.cinit..bss.load</name>
         <load_address>0x4298</load_address>
         <run_address>0x4298</run_address>
         <size>0xb</size>
      </object_component>
      <object_component id="oc-35c">
         <name>__TI_handler_table</name>
         <load_address>0x42a4</load_address>
         <run_address>0x42a4</run_address>
         <size>0x8</size>
      </object_component>
      <object_component id="oc-35d">
         <name>__TI_cinit_table</name>
         <load_address>0x42ac</load_address>
         <run_address>0x42ac</run_address>
         <size>0x10</size>
      </object_component>
      <object_component id="oc-237">
         <name>.data</name>
         <load_address>0x2000ce04</load_address>
         <run_address>0x2000ce04</run_address>
         <size>0x8</size>
         <input_file_ref idref="fl-4"/>
      </object_component>
      <object_component id="oc-29f">
         <name>.data</name>
         <load_address>0x2000cdd4</load_address>
         <run_address>0x2000cdd4</run_address>
         <size>0x10</size>
         <input_file_ref idref="fl-5"/>
      </object_component>
      <object_component id="oc-1b0">
         <name>.data</name>
         <load_address>0x2000ce1c</load_address>
         <run_address>0x2000ce1c</run_address>
         <size>0x5</size>
         <input_file_ref idref="fl-6"/>
      </object_component>
      <object_component id="oc-92">
         <name>.data</name>
         <load_address>0x2000cda4</load_address>
         <run_address>0x2000cda4</run_address>
         <size>0x30</size>
         <input_file_ref idref="fl-b"/>
      </object_component>
      <object_component id="oc-21e">
         <name>.data</name>
         <load_address>0x2000ce14</load_address>
         <run_address>0x2000ce14</run_address>
         <size>0x8</size>
         <input_file_ref idref="fl-c"/>
      </object_component>
      <object_component id="oc-9f">
         <name>.data</name>
         <load_address>0x2000ce0c</load_address>
         <run_address>0x2000ce0c</run_address>
         <size>0x8</size>
         <input_file_ref idref="fl-d"/>
      </object_component>
      <object_component id="oc-2bd">
         <name>.data</name>
         <load_address>0x2000ce24</load_address>
         <run_address>0x2000ce24</run_address>
         <size>0x4</size>
         <input_file_ref idref="fl-10"/>
      </object_component>
      <object_component id="oc-ed">
         <name>.data</name>
         <load_address>0x2000cdf0</load_address>
         <run_address>0x2000cdf0</run_address>
         <size>0xc</size>
         <input_file_ref idref="fl-12"/>
      </object_component>
      <object_component id="oc-128">
         <name>.data:$O1$$</name>
         <load_address>0x2000cde4</load_address>
         <run_address>0x2000cde4</run_address>
         <size>0xc</size>
         <input_file_ref idref="fl-d2"/>
      </object_component>
      <object_component id="oc-8b">
         <name>.data</name>
         <load_address>0x2000ce28</load_address>
         <run_address>0x2000ce28</run_address>
         <size>0x4</size>
         <input_file_ref idref="fl-d7"/>
      </object_component>
      <object_component id="oc-12b">
         <name>.data:$O1$$</name>
         <load_address>0x2000cdfc</load_address>
         <run_address>0x2000cdfc</run_address>
         <size>0x8</size>
         <input_file_ref idref="fl-d9"/>
      </object_component>
      <object_component id="oc-2b">
         <name>.bss:pulStack</name>
         <uninitialized>true</uninitialized>
         <run_address>0x2000c350</run_address>
         <size>0x100</size>
         <input_file_ref idref="fl-2"/>
      </object_component>
      <object_component id="oc-23d">
         <name>.bss:xHeap</name>
         <uninitialized>true</uninitialized>
         <run_address>0x20000000</run_address>
         <size>0xc350</size>
         <input_file_ref idref="fl-4"/>
      </object_component>
      <object_component id="oc-23a">
         <name>.bss:xStart</name>
         <uninitialized>true</uninitialized>
         <run_address>0x2000c598</run_address>
         <size>0x8</size>
         <input_file_ref idref="fl-4"/>
      </object_component>
      <object_component id="oc-240">
         <name>.bss:xEnd</name>
         <uninitialized>true</uninitialized>
         <run_address>0x2000c590</run_address>
         <size>0x8</size>
         <input_file_ref idref="fl-4"/>
      </object_component>
      <object_component id="oc-13e">
         <name>.bss:pxReadyTasksLists</name>
         <uninitialized>true</uninitialized>
         <run_address>0x2000c450</run_address>
         <size>0x64</size>
         <input_file_ref idref="fl-b"/>
      </object_component>
      <object_component id="oc-159">
         <name>.bss:xDelayedTaskList1</name>
         <uninitialized>true</uninitialized>
         <run_address>0x2000c51c</run_address>
         <size>0x14</size>
         <input_file_ref idref="fl-b"/>
      </object_component>
      <object_component id="oc-15c">
         <name>.bss:xDelayedTaskList2</name>
         <uninitialized>true</uninitialized>
         <run_address>0x2000c530</run_address>
         <size>0x14</size>
         <input_file_ref idref="fl-b"/>
      </object_component>
      <object_component id="oc-150">
         <name>.bss</name>
         <uninitialized>true</uninitialized>
         <run_address>0x2000c580</run_address>
         <size>0x8</size>
         <input_file_ref idref="fl-b"/>
      </object_component>
      <object_component id="oc-14d">
         <name>.bss:xPendingReadyList</name>
         <uninitialized>true</uninitialized>
         <run_address>0x2000c544</run_address>
         <size>0x14</size>
         <input_file_ref idref="fl-b"/>
      </object_component>
      <object_component id="oc-141">
         <name>.bss:xTasksWaitingTermination</name>
         <uninitialized>true</uninitialized>
         <run_address>0x2000c56c</run_address>
         <size>0x14</size>
         <input_file_ref idref="fl-b"/>
      </object_component>
      <object_component id="oc-14a">
         <name>.bss:xSuspendedTaskList</name>
         <uninitialized>true</uninitialized>
         <run_address>0x2000c558</run_address>
         <size>0x14</size>
         <input_file_ref idref="fl-b"/>
      </object_component>
      <object_component id="oc-224">
         <name>.bss:xActiveTimerList1</name>
         <uninitialized>true</uninitialized>
         <run_address>0x2000c4f4</run_address>
         <size>0x14</size>
         <input_file_ref idref="fl-c"/>
      </object_component>
      <object_component id="oc-227">
         <name>.bss:xActiveTimerList2</name>
         <uninitialized>true</uninitialized>
         <run_address>0x2000c508</run_address>
         <size>0x14</size>
         <input_file_ref idref="fl-c"/>
      </object_component>
      <object_component id="oc-221">
         <name>.bss</name>
         <uninitialized>true</uninitialized>
         <run_address>0x2000c588</run_address>
         <size>0x8</size>
         <input_file_ref idref="fl-c"/>
      </object_component>
      <object_component id="oc-174">
         <name>.common:xQueueRegistry</name>
         <uninitialized>true</uninitialized>
         <run_address>0x2000c4b4</run_address>
         <size>0x40</size>
      </object_component>
      <object_component id="oc-ea">
         <name>.common:Timer_0_A_Semaphore</name>
         <uninitialized>true</uninitialized>
         <run_address>0x2000c5a0</run_address>
         <size>0x4</size>
      </object_component>
      <object_component id="oc-2a">
         <name>.stack</name>
         <uninitialized>true</uninitialized>
         <run_address>0x2000c5a4</run_address>
         <size>0x0</size>
         <input_file_ref idref="fl-ce"/>
      </object_component>
      <object_component id="oc-360">
         <name>.stack</name>
         <uninitialized>true</uninitialized>
         <run_address>0x2000c5a4</run_address>
         <size>0x0</size>
      </object_component>
      <object_component id="oc-47">
         <name>.debug_info</name>
         <load_address>0x0</load_address>
         <run_address>0x0</run_address>
         <size>0x1b8</size>
         <input_file_ref idref="fl-2"/>
      </object_component>
      <object_component id="oc-2c">
         <name>.debug_info</name>
         <load_address>0x1b8</load_address>
         <run_address>0x1b8</run_address>
         <size>0xf5</size>
         <input_file_ref idref="fl-2"/>
      </object_component>
      <object_component id="oc-10">
         <name>.debug_info</name>
         <load_address>0x2ad</load_address>
         <run_address>0x2ad</run_address>
         <size>0xfe</size>
         <input_file_ref idref="fl-2"/>
      </object_component>
      <object_component id="oc-2f">
         <name>.debug_info</name>
         <load_address>0x3ab</load_address>
         <run_address>0x3ab</run_address>
         <size>0x2aa</size>
         <input_file_ref idref="fl-2"/>
      </object_component>
      <object_component id="oc-f8">
         <name>.debug_info</name>
         <load_address>0x655</load_address>
         <run_address>0x655</run_address>
         <size>0x84</size>
         <input_file_ref idref="fl-2"/>
      </object_component>
      <object_component id="oc-f1">
         <name>.debug_info</name>
         <load_address>0x6d9</load_address>
         <run_address>0x6d9</run_address>
         <size>0x18b</size>
         <input_file_ref idref="fl-2"/>
      </object_component>
      <object_component id="oc-1c5">
         <name>.debug_info</name>
         <load_address>0x864</load_address>
         <run_address>0x864</run_address>
         <size>0x4e</size>
         <input_file_ref idref="fl-2"/>
      </object_component>
      <object_component id="oc-173">
         <name>.debug_info</name>
         <load_address>0x8b2</load_address>
         <run_address>0x8b2</run_address>
         <size>0x338</size>
         <input_file_ref idref="fl-3"/>
      </object_component>
      <object_component id="oc-121">
         <name>.debug_info</name>
         <load_address>0xbea</load_address>
         <run_address>0xbea</run_address>
         <size>0x1e9</size>
         <input_file_ref idref="fl-3"/>
      </object_component>
      <object_component id="oc-160">
         <name>.debug_info</name>
         <load_address>0xdd3</load_address>
         <run_address>0xdd3</run_address>
         <size>0x2ef</size>
         <input_file_ref idref="fl-3"/>
      </object_component>
      <object_component id="oc-a4">
         <name>.debug_info</name>
         <load_address>0x10c2</load_address>
         <run_address>0x10c2</run_address>
         <size>0x2c</size>
         <input_file_ref idref="fl-3"/>
      </object_component>
      <object_component id="oc-a9">
         <name>.debug_info</name>
         <load_address>0x10ee</load_address>
         <run_address>0x10ee</run_address>
         <size>0xae</size>
         <input_file_ref idref="fl-3"/>
      </object_component>
      <object_component id="oc-16e">
         <name>.debug_info</name>
         <load_address>0x119c</load_address>
         <run_address>0x119c</run_address>
         <size>0x14c</size>
         <input_file_ref idref="fl-3"/>
      </object_component>
      <object_component id="oc-247">
         <name>.debug_info</name>
         <load_address>0x12e8</load_address>
         <run_address>0x12e8</run_address>
         <size>0x1cb</size>
         <input_file_ref idref="fl-4"/>
      </object_component>
      <object_component id="oc-23e">
         <name>.debug_info</name>
         <load_address>0x14b3</load_address>
         <run_address>0x14b3</run_address>
         <size>0xd7</size>
         <input_file_ref idref="fl-4"/>
      </object_component>
      <object_component id="oc-244">
         <name>.debug_info</name>
         <load_address>0x158a</load_address>
         <run_address>0x158a</run_address>
         <size>0xeb</size>
         <input_file_ref idref="fl-4"/>
      </object_component>
      <object_component id="oc-23b">
         <name>.debug_info</name>
         <load_address>0x1675</load_address>
         <run_address>0x1675</run_address>
         <size>0xd9</size>
         <input_file_ref idref="fl-4"/>
      </object_component>
      <object_component id="oc-241">
         <name>.debug_info</name>
         <load_address>0x174e</load_address>
         <run_address>0x174e</run_address>
         <size>0xd5</size>
         <input_file_ref idref="fl-4"/>
      </object_component>
      <object_component id="oc-238">
         <name>.debug_info</name>
         <load_address>0x1823</load_address>
         <run_address>0x1823</run_address>
         <size>0xf3</size>
         <input_file_ref idref="fl-4"/>
      </object_component>
      <object_component id="oc-154">
         <name>.debug_info</name>
         <load_address>0x1916</load_address>
         <run_address>0x1916</run_address>
         <size>0x485</size>
         <input_file_ref idref="fl-4"/>
      </object_component>
      <object_component id="oc-17d">
         <name>.debug_info</name>
         <load_address>0x1d9b</load_address>
         <run_address>0x1d9b</run_address>
         <size>0x110</size>
         <input_file_ref idref="fl-4"/>
      </object_component>
      <object_component id="oc-2dd">
         <name>.debug_info</name>
         <load_address>0x1eab</load_address>
         <run_address>0x1eab</run_address>
         <size>0x99</size>
         <input_file_ref idref="fl-4"/>
      </object_component>
      <object_component id="oc-2a0">
         <name>.debug_info</name>
         <load_address>0x1f44</load_address>
         <run_address>0x1f44</run_address>
         <size>0x19c</size>
         <input_file_ref idref="fl-5"/>
      </object_component>
      <object_component id="oc-1e4">
         <name>.debug_info</name>
         <load_address>0x20e0</load_address>
         <run_address>0x20e0</run_address>
         <size>0x325</size>
         <input_file_ref idref="fl-5"/>
      </object_component>
      <object_component id="oc-1c4">
         <name>.debug_info</name>
         <load_address>0x2405</load_address>
         <run_address>0x2405</run_address>
         <size>0x24f</size>
         <input_file_ref idref="fl-6"/>
      </object_component>
      <object_component id="oc-1b1">
         <name>.debug_info</name>
         <load_address>0x2654</load_address>
         <run_address>0x2654</run_address>
         <size>0xec</size>
         <input_file_ref idref="fl-6"/>
      </object_component>
      <object_component id="oc-1bc">
         <name>.debug_info</name>
         <load_address>0x2740</load_address>
         <run_address>0x2740</run_address>
         <size>0xe6</size>
         <input_file_ref idref="fl-6"/>
      </object_component>
      <object_component id="oc-1b4">
         <name>.debug_info</name>
         <load_address>0x2826</load_address>
         <run_address>0x2826</run_address>
         <size>0xf4</size>
         <input_file_ref idref="fl-6"/>
      </object_component>
      <object_component id="oc-1ae">
         <name>.debug_info</name>
         <load_address>0x291a</load_address>
         <run_address>0x291a</run_address>
         <size>0xf8</size>
         <input_file_ref idref="fl-6"/>
      </object_component>
      <object_component id="oc-df">
         <name>.debug_info</name>
         <load_address>0x2a12</load_address>
         <run_address>0x2a12</run_address>
         <size>0x7f5</size>
         <input_file_ref idref="fl-6"/>
      </object_component>
      <object_component id="oc-1bf">
         <name>.debug_info</name>
         <load_address>0x3207</load_address>
         <run_address>0x3207</run_address>
         <size>0x8b</size>
         <input_file_ref idref="fl-6"/>
      </object_component>
      <object_component id="oc-2cc">
         <name>.debug_info</name>
         <load_address>0x3292</load_address>
         <run_address>0x3292</run_address>
         <size>0x43d</size>
         <input_file_ref idref="fl-8"/>
      </object_component>
      <object_component id="oc-321">
         <name>.debug_info</name>
         <load_address>0x36cf</load_address>
         <run_address>0x36cf</run_address>
         <size>0x39</size>
         <input_file_ref idref="fl-8"/>
      </object_component>
      <object_component id="oc-213">
         <name>.debug_info</name>
         <load_address>0x3708</load_address>
         <run_address>0x3708</run_address>
         <size>0x46</size>
         <input_file_ref idref="fl-8"/>
      </object_component>
      <object_component id="oc-326">
         <name>.debug_info</name>
         <load_address>0x374e</load_address>
         <run_address>0x374e</run_address>
         <size>0x76</size>
         <input_file_ref idref="fl-8"/>
      </object_component>
      <object_component id="oc-219">
         <name>.debug_info</name>
         <load_address>0x37c4</load_address>
         <run_address>0x37c4</run_address>
         <size>0x14c</size>
         <input_file_ref idref="fl-9"/>
      </object_component>
      <object_component id="oc-139">
         <name>.debug_info</name>
         <load_address>0x3910</load_address>
         <run_address>0x3910</run_address>
         <size>0x5dd</size>
         <input_file_ref idref="fl-9"/>
      </object_component>
      <object_component id="oc-175">
         <name>.debug_info</name>
         <load_address>0x3eed</load_address>
         <run_address>0x3eed</run_address>
         <size>0x65f</size>
         <input_file_ref idref="fl-a"/>
      </object_component>
      <object_component id="oc-af">
         <name>.debug_info</name>
         <load_address>0x454c</load_address>
         <run_address>0x454c</run_address>
         <size>0x2e52</size>
         <input_file_ref idref="fl-a"/>
      </object_component>
      <object_component id="oc-250">
         <name>.debug_info</name>
         <load_address>0x739e</load_address>
         <run_address>0x739e</run_address>
         <size>0x1cd</size>
         <input_file_ref idref="fl-a"/>
      </object_component>
      <object_component id="oc-178">
         <name>.debug_info</name>
         <load_address>0x756b</load_address>
         <run_address>0x756b</run_address>
         <size>0x46</size>
         <input_file_ref idref="fl-a"/>
      </object_component>
      <object_component id="oc-135">
         <name>.debug_info</name>
         <load_address>0x75b1</load_address>
         <run_address>0x75b1</run_address>
         <size>0x5b0</size>
         <input_file_ref idref="fl-b"/>
      </object_component>
      <object_component id="oc-93">
         <name>.debug_info</name>
         <load_address>0x7b61</load_address>
         <run_address>0x7b61</run_address>
         <size>0x316</size>
         <input_file_ref idref="fl-b"/>
      </object_component>
      <object_component id="oc-13f">
         <name>.debug_info</name>
         <load_address>0x7e77</load_address>
         <run_address>0x7e77</run_address>
         <size>0x112</size>
         <input_file_ref idref="fl-b"/>
      </object_component>
      <object_component id="oc-15a">
         <name>.debug_info</name>
         <load_address>0x7f89</load_address>
         <run_address>0x7f89</run_address>
         <size>0x112</size>
         <input_file_ref idref="fl-b"/>
      </object_component>
      <object_component id="oc-15d">
         <name>.debug_info</name>
         <load_address>0x809b</load_address>
         <run_address>0x809b</run_address>
         <size>0x112</size>
         <input_file_ref idref="fl-b"/>
      </object_component>
      <object_component id="oc-151">
         <name>.debug_info</name>
         <load_address>0x81ad</load_address>
         <run_address>0x81ad</run_address>
         <size>0x154</size>
         <input_file_ref idref="fl-b"/>
      </object_component>
      <object_component id="oc-14e">
         <name>.debug_info</name>
         <load_address>0x8301</load_address>
         <run_address>0x8301</run_address>
         <size>0x112</size>
         <input_file_ref idref="fl-b"/>
      </object_component>
      <object_component id="oc-142">
         <name>.debug_info</name>
         <load_address>0x8413</load_address>
         <run_address>0x8413</run_address>
         <size>0x120</size>
         <input_file_ref idref="fl-b"/>
      </object_component>
      <object_component id="oc-14b">
         <name>.debug_info</name>
         <load_address>0x8533</load_address>
         <run_address>0x8533</run_address>
         <size>0x114</size>
         <input_file_ref idref="fl-b"/>
      </object_component>
      <object_component id="oc-99">
         <name>.debug_info</name>
         <load_address>0x8647</load_address>
         <run_address>0x8647</run_address>
         <size>0x4ebe</size>
         <input_file_ref idref="fl-b"/>
      </object_component>
      <object_component id="oc-165">
         <name>.debug_info</name>
         <load_address>0xd505</load_address>
         <run_address>0xd505</run_address>
         <size>0x169</size>
         <input_file_ref idref="fl-b"/>
      </object_component>
      <object_component id="oc-22b">
         <name>.debug_info</name>
         <load_address>0xd66e</load_address>
         <run_address>0xd66e</run_address>
         <size>0x659</size>
         <input_file_ref idref="fl-c"/>
      </object_component>
      <object_component id="oc-225">
         <name>.debug_info</name>
         <load_address>0xdcc7</load_address>
         <run_address>0xdcc7</run_address>
         <size>0x113</size>
         <input_file_ref idref="fl-c"/>
      </object_component>
      <object_component id="oc-228">
         <name>.debug_info</name>
         <load_address>0xddda</load_address>
         <run_address>0xddda</run_address>
         <size>0x113</size>
         <input_file_ref idref="fl-c"/>
      </object_component>
      <object_component id="oc-222">
         <name>.debug_info</name>
         <load_address>0xdeed</load_address>
         <run_address>0xdeed</run_address>
         <size>0x14b</size>
         <input_file_ref idref="fl-c"/>
      </object_component>
      <object_component id="oc-21f">
         <name>.debug_info</name>
         <load_address>0xe038</load_address>
         <run_address>0xe038</run_address>
         <size>0x107</size>
         <input_file_ref idref="fl-c"/>
      </object_component>
      <object_component id="oc-145">
         <name>.debug_info</name>
         <load_address>0xe13f</load_address>
         <run_address>0xe13f</run_address>
         <size>0x1a7e</size>
         <input_file_ref idref="fl-c"/>
      </object_component>
      <object_component id="oc-22c">
         <name>.debug_info</name>
         <load_address>0xfbbd</load_address>
         <run_address>0xfbbd</run_address>
         <size>0x1ce</size>
         <input_file_ref idref="fl-c"/>
      </object_component>
      <object_component id="oc-a3">
         <name>.debug_info</name>
         <load_address>0xfd8b</load_address>
         <run_address>0xfd8b</run_address>
         <size>0x222</size>
         <input_file_ref idref="fl-d"/>
      </object_component>
      <object_component id="oc-96">
         <name>.debug_info</name>
         <load_address>0xffad</load_address>
         <run_address>0xffad</run_address>
         <size>0x140</size>
         <input_file_ref idref="fl-d"/>
      </object_component>
      <object_component id="oc-a0">
         <name>.debug_info</name>
         <load_address>0x100ed</load_address>
         <run_address>0x100ed</run_address>
         <size>0x15b</size>
         <input_file_ref idref="fl-d"/>
      </object_component>
      <object_component id="oc-3a">
         <name>.debug_info</name>
         <load_address>0x10248</load_address>
         <run_address>0x10248</run_address>
         <size>0x88c</size>
         <input_file_ref idref="fl-d"/>
      </object_component>
      <object_component id="oc-35">
         <name>.debug_info</name>
         <load_address>0x10ad4</load_address>
         <run_address>0x10ad4</run_address>
         <size>0x278</size>
         <input_file_ref idref="fl-e"/>
      </object_component>
      <object_component id="oc-2bc">
         <name>.debug_info</name>
         <load_address>0x10d4c</load_address>
         <run_address>0x10d4c</run_address>
         <size>0x27e</size>
         <input_file_ref idref="fl-f"/>
      </object_component>
      <object_component id="oc-1ea">
         <name>.debug_info</name>
         <load_address>0x10fca</load_address>
         <run_address>0x10fca</run_address>
         <size>0x21c</size>
         <input_file_ref idref="fl-f"/>
      </object_component>
      <object_component id="oc-2c1">
         <name>.debug_info</name>
         <load_address>0x111e6</load_address>
         <run_address>0x111e6</run_address>
         <size>0x232</size>
         <input_file_ref idref="fl-10"/>
      </object_component>
      <object_component id="oc-2be">
         <name>.debug_info</name>
         <load_address>0x11418</load_address>
         <run_address>0x11418</run_address>
         <size>0xfd</size>
         <input_file_ref idref="fl-10"/>
      </object_component>
      <object_component id="oc-1f0">
         <name>.debug_info</name>
         <load_address>0x11515</load_address>
         <run_address>0x11515</run_address>
         <size>0x26b</size>
         <input_file_ref idref="fl-10"/>
      </object_component>
      <object_component id="oc-2c2">
         <name>.debug_info</name>
         <load_address>0x11780</load_address>
         <run_address>0x11780</run_address>
         <size>0xb7</size>
         <input_file_ref idref="fl-10"/>
      </object_component>
      <object_component id="oc-2c8">
         <name>.debug_info</name>
         <load_address>0x11837</load_address>
         <run_address>0x11837</run_address>
         <size>0x218</size>
         <input_file_ref idref="fl-11"/>
      </object_component>
      <object_component id="oc-1f6">
         <name>.debug_info</name>
         <load_address>0x11a4f</load_address>
         <run_address>0x11a4f</run_address>
         <size>0x1e2</size>
         <input_file_ref idref="fl-11"/>
      </object_component>
      <object_component id="oc-eb">
         <name>.debug_info</name>
         <load_address>0x11c31</load_address>
         <run_address>0x11c31</run_address>
         <size>0x46a</size>
         <input_file_ref idref="fl-12"/>
      </object_component>
      <object_component id="oc-ee">
         <name>.debug_info</name>
         <load_address>0x1209b</load_address>
         <run_address>0x1209b</run_address>
         <size>0x11e</size>
         <input_file_ref idref="fl-12"/>
      </object_component>
      <object_component id="oc-40">
         <name>.debug_info</name>
         <load_address>0x121b9</load_address>
         <run_address>0x121b9</run_address>
         <size>0x3e7</size>
         <input_file_ref idref="fl-12"/>
      </object_component>
      <object_component id="oc-1cd">
         <name>.debug_info</name>
         <load_address>0x125a0</load_address>
         <run_address>0x125a0</run_address>
         <size>0x2c</size>
         <input_file_ref idref="fl-12"/>
      </object_component>
      <object_component id="oc-25">
         <name>.debug_info</name>
         <load_address>0x125cc</load_address>
         <run_address>0x125cc</run_address>
         <size>0x161</size>
         <input_file_ref idref="fl-ce"/>
      </object_component>
      <object_component id="oc-53">
         <name>.debug_info</name>
         <load_address>0x1272d</load_address>
         <run_address>0x1272d</run_address>
         <size>0x141</size>
         <input_file_ref idref="fl-cf"/>
      </object_component>
      <object_component id="oc-14">
         <name>.debug_info</name>
         <load_address>0x1286e</load_address>
         <run_address>0x1286e</run_address>
         <size>0x1e0</size>
         <input_file_ref idref="fl-cf"/>
      </object_component>
      <object_component id="oc-4e">
         <name>.debug_info</name>
         <load_address>0x12a4e</load_address>
         <run_address>0x12a4e</run_address>
         <size>0x46</size>
         <input_file_ref idref="fl-cf"/>
      </object_component>
      <object_component id="oc-fe">
         <name>.debug_info</name>
         <load_address>0x12a94</load_address>
         <run_address>0x12a94</run_address>
         <size>0x2c</size>
         <input_file_ref idref="fl-cf"/>
      </object_component>
      <object_component id="oc-5b">
         <name>.debug_info</name>
         <load_address>0x12ac0</load_address>
         <run_address>0x12ac0</run_address>
         <size>0x135</size>
         <input_file_ref idref="fl-d0"/>
      </object_component>
      <object_component id="oc-58">
         <name>.debug_info</name>
         <load_address>0x12bf5</load_address>
         <run_address>0x12bf5</run_address>
         <size>0x248</size>
         <input_file_ref idref="fl-d0"/>
      </object_component>
      <object_component id="oc-1b">
         <name>.debug_info</name>
         <load_address>0x12e3d</load_address>
         <run_address>0x12e3d</run_address>
         <size>0x1b2</size>
         <input_file_ref idref="fl-d0"/>
      </object_component>
      <object_component id="oc-5c">
         <name>.debug_info</name>
         <load_address>0x12fef</load_address>
         <run_address>0x12fef</run_address>
         <size>0x39</size>
         <input_file_ref idref="fl-d0"/>
      </object_component>
      <object_component id="oc-108">
         <name>.debug_info</name>
         <load_address>0x13028</load_address>
         <run_address>0x13028</run_address>
         <size>0x2c</size>
         <input_file_ref idref="fl-d0"/>
      </object_component>
      <object_component id="oc-12f">
         <name>.debug_info</name>
         <load_address>0x13054</load_address>
         <run_address>0x13054</run_address>
         <size>0x235</size>
         <input_file_ref idref="fl-d2"/>
      </object_component>
      <object_component id="oc-129">
         <name>.debug_info</name>
         <load_address>0x13289</load_address>
         <run_address>0x13289</run_address>
         <size>0x186</size>
         <input_file_ref idref="fl-d2"/>
      </object_component>
      <object_component id="oc-86">
         <name>.debug_info</name>
         <load_address>0x1340f</load_address>
         <run_address>0x1340f</run_address>
         <size>0x215</size>
         <input_file_ref idref="fl-d2"/>
      </object_component>
      <object_component id="oc-49">
         <name>.debug_info</name>
         <load_address>0x13624</load_address>
         <run_address>0x13624</run_address>
         <size>0x112</size>
         <input_file_ref idref="fl-d3"/>
      </object_component>
      <object_component id="oc-62">
         <name>.debug_info</name>
         <load_address>0x13736</load_address>
         <run_address>0x13736</run_address>
         <size>0x140</size>
         <input_file_ref idref="fl-d4"/>
      </object_component>
      <object_component id="oc-6e">
         <name>.debug_info</name>
         <load_address>0x13876</load_address>
         <run_address>0x13876</run_address>
         <size>0x139</size>
         <input_file_ref idref="fl-d5"/>
      </object_component>
      <object_component id="oc-74">
         <name>.debug_info</name>
         <load_address>0x139af</load_address>
         <run_address>0x139af</run_address>
         <size>0x149</size>
         <input_file_ref idref="fl-d6"/>
      </object_component>
      <object_component id="oc-8c">
         <name>.debug_info</name>
         <load_address>0x13af8</load_address>
         <run_address>0x13af8</run_address>
         <size>0x10a</size>
         <input_file_ref idref="fl-d7"/>
      </object_component>
      <object_component id="oc-1b8">
         <name>.debug_info</name>
         <load_address>0x13c02</load_address>
         <run_address>0x13c02</run_address>
         <size>0x13b</size>
         <input_file_ref idref="fl-d8"/>
      </object_component>
      <object_component id="oc-20d">
         <name>.debug_info</name>
         <load_address>0x13d3d</load_address>
         <run_address>0x13d3d</run_address>
         <size>0x125</size>
         <input_file_ref idref="fl-d9"/>
      </object_component>
      <object_component id="oc-12c">
         <name>.debug_info</name>
         <load_address>0x13e62</load_address>
         <run_address>0x13e62</run_address>
         <size>0x114</size>
         <input_file_ref idref="fl-d9"/>
      </object_component>
      <object_component id="oc-206">
         <name>.debug_info</name>
         <load_address>0x13f76</load_address>
         <run_address>0x13f76</run_address>
         <size>0x220</size>
         <input_file_ref idref="fl-d9"/>
      </object_component>
      <object_component id="oc-127">
         <name>.debug_info</name>
         <load_address>0x14196</load_address>
         <run_address>0x14196</run_address>
         <size>0x167</size>
         <input_file_ref idref="fl-da"/>
      </object_component>
      <object_component id="oc-80">
         <name>.debug_info</name>
         <load_address>0x142fd</load_address>
         <run_address>0x142fd</run_address>
         <size>0x168</size>
         <input_file_ref idref="fl-da"/>
      </object_component>
      <object_component id="oc-1fe">
         <name>.debug_info</name>
         <load_address>0x14465</load_address>
         <run_address>0x14465</run_address>
         <size>0x5e</size>
         <input_file_ref idref="fl-da"/>
      </object_component>
      <object_component id="oc-11f">
         <name>.debug_info</name>
         <load_address>0x144c3</load_address>
         <run_address>0x144c3</run_address>
         <size>0x2ea</size>
         <input_file_ref idref="fl-db"/>
      </object_component>
      <object_component id="oc-7a">
         <name>.debug_info</name>
         <load_address>0x147ad</load_address>
         <run_address>0x147ad</run_address>
         <size>0x191</size>
         <input_file_ref idref="fl-db"/>
      </object_component>
      <object_component id="oc-1d9">
         <name>.debug_info</name>
         <load_address>0x1493e</load_address>
         <run_address>0x1493e</run_address>
         <size>0x39</size>
         <input_file_ref idref="fl-db"/>
      </object_component>
      <object_component id="oc-1de">
         <name>.debug_info</name>
         <load_address>0x14977</load_address>
         <run_address>0x14977</run_address>
         <size>0xcd</size>
         <input_file_ref idref="fl-db"/>
      </object_component>
      <object_component id="oc-1d5">
         <name>.debug_info</name>
         <load_address>0x14a44</load_address>
         <run_address>0x14a44</run_address>
         <size>0x1e1</size>
         <input_file_ref idref="fl-dc"/>
      </object_component>
      <object_component id="oc-113">
         <name>.debug_info</name>
         <load_address>0x14c25</load_address>
         <run_address>0x14c25</run_address>
         <size>0x184</size>
         <input_file_ref idref="fl-dc"/>
      </object_component>
      <object_component id="oc-282">
         <name>.debug_info</name>
         <load_address>0x14da9</load_address>
         <run_address>0x14da9</run_address>
         <size>0x2c</size>
         <input_file_ref idref="fl-dc"/>
      </object_component>
      <object_component id="oc-276">
         <name>.debug_info</name>
         <load_address>0x14dd5</load_address>
         <run_address>0x14dd5</run_address>
         <size>0x148</size>
         <input_file_ref idref="fl-dd"/>
      </object_component>
      <object_component id="oc-119">
         <name>.debug_info</name>
         <load_address>0x14f1d</load_address>
         <run_address>0x14f1d</run_address>
         <size>0x146</size>
         <input_file_ref idref="fl-de"/>
      </object_component>
      <object_component id="oc-308">
         <name>.debug_info</name>
         <load_address>0x15063</load_address>
         <run_address>0x15063</run_address>
         <size>0x230</size>
         <input_file_ref idref="fl-df"/>
      </object_component>
      <object_component id="oc-305">
         <name>.debug_info</name>
         <load_address>0x15293</load_address>
         <run_address>0x15293</run_address>
         <size>0x15b</size>
         <input_file_ref idref="fl-df"/>
      </object_component>
      <object_component id="oc-2b6">
         <name>.debug_info</name>
         <load_address>0x153ee</load_address>
         <run_address>0x153ee</run_address>
         <size>0x2a3</size>
         <input_file_ref idref="fl-df"/>
      </object_component>
      <object_component id="oc-30a">
         <name>.debug_info</name>
         <load_address>0x15691</load_address>
         <run_address>0x15691</run_address>
         <size>0x2b3</size>
         <input_file_ref idref="fl-df"/>
      </object_component>
      <object_component id="oc-2aa">
         <name>.debug_info</name>
         <load_address>0x15944</load_address>
         <run_address>0x15944</run_address>
         <size>0x316</size>
         <input_file_ref idref="fl-df"/>
      </object_component>
      <object_component id="oc-294">
         <name>.debug_info</name>
         <load_address>0x15c5a</load_address>
         <run_address>0x15c5a</run_address>
         <size>0x27b</size>
         <input_file_ref idref="fl-df"/>
      </object_component>
      <object_component id="oc-2a4">
         <name>.debug_info</name>
         <load_address>0x15ed5</load_address>
         <run_address>0x15ed5</run_address>
         <size>0x2b7</size>
         <input_file_ref idref="fl-df"/>
      </object_component>
      <object_component id="oc-2b0">
         <name>.debug_info</name>
         <load_address>0x1618c</load_address>
         <run_address>0x1618c</run_address>
         <size>0x27b</size>
         <input_file_ref idref="fl-df"/>
      </object_component>
      <object_component id="oc-28e">
         <name>.debug_info</name>
         <load_address>0x16407</load_address>
         <run_address>0x16407</run_address>
         <size>0x280</size>
         <input_file_ref idref="fl-df"/>
      </object_component>
      <object_component id="oc-18e">
         <name>.debug_info</name>
         <load_address>0x16687</load_address>
         <run_address>0x16687</run_address>
         <size>0x20e</size>
         <input_file_ref idref="fl-e0"/>
      </object_component>
      <object_component id="oc-18b">
         <name>.debug_info</name>
         <load_address>0x16895</load_address>
         <run_address>0x16895</run_address>
         <size>0x210</size>
         <input_file_ref idref="fl-e0"/>
      </object_component>
      <object_component id="oc-d9">
         <name>.debug_info</name>
         <load_address>0x16aa5</load_address>
         <run_address>0x16aa5</run_address>
         <size>0x268</size>
         <input_file_ref idref="fl-e0"/>
      </object_component>
      <object_component id="oc-183">
         <name>.debug_info</name>
         <load_address>0x16d0d</load_address>
         <run_address>0x16d0d</run_address>
         <size>0x27f</size>
         <input_file_ref idref="fl-e1"/>
      </object_component>
      <object_component id="oc-2fb">
         <name>.debug_info</name>
         <load_address>0x16f8c</load_address>
         <run_address>0x16f8c</run_address>
         <size>0x14d</size>
         <input_file_ref idref="fl-e1"/>
      </object_component>
      <object_component id="oc-2fe">
         <name>.debug_info</name>
         <load_address>0x170d9</load_address>
         <run_address>0x170d9</run_address>
         <size>0x159</size>
         <input_file_ref idref="fl-e1"/>
      </object_component>
      <object_component id="oc-32c">
         <name>.debug_info</name>
         <load_address>0x17232</load_address>
         <run_address>0x17232</run_address>
         <size>0x153</size>
         <input_file_ref idref="fl-e1"/>
      </object_component>
      <object_component id="oc-301">
         <name>.debug_info</name>
         <load_address>0x17385</load_address>
         <run_address>0x17385</run_address>
         <size>0x160</size>
         <input_file_ref idref="fl-e1"/>
      </object_component>
      <object_component id="oc-190">
         <name>.debug_info</name>
         <load_address>0x174e5</load_address>
         <run_address>0x174e5</run_address>
         <size>0x283</size>
         <input_file_ref idref="fl-e1"/>
      </object_component>
      <object_component id="oc-b5">
         <name>.debug_info</name>
         <load_address>0x17768</load_address>
         <run_address>0x17768</run_address>
         <size>0x27d</size>
         <input_file_ref idref="fl-e1"/>
      </object_component>
      <object_component id="oc-2ef">
         <name>.debug_info</name>
         <load_address>0x179e5</load_address>
         <run_address>0x179e5</run_address>
         <size>0x270</size>
         <input_file_ref idref="fl-e1"/>
      </object_component>
      <object_component id="oc-2f5">
         <name>.debug_info</name>
         <load_address>0x17c55</load_address>
         <run_address>0x17c55</run_address>
         <size>0x2ba</size>
         <input_file_ref idref="fl-e1"/>
      </object_component>
      <object_component id="oc-288">
         <name>.debug_info</name>
         <load_address>0x17f0f</load_address>
         <run_address>0x17f0f</run_address>
         <size>0x4cf</size>
         <input_file_ref idref="fl-e1"/>
      </object_component>
      <object_component id="oc-257">
         <name>.debug_info</name>
         <load_address>0x183de</load_address>
         <run_address>0x183de</run_address>
         <size>0x5f</size>
         <input_file_ref idref="fl-e1"/>
      </object_component>
      <object_component id="oc-185">
         <name>.debug_info</name>
         <load_address>0x1843d</load_address>
         <run_address>0x1843d</run_address>
         <size>0x223</size>
         <input_file_ref idref="fl-e2"/>
      </object_component>
      <object_component id="oc-c1">
         <name>.debug_info</name>
         <load_address>0x18660</load_address>
         <run_address>0x18660</run_address>
         <size>0x2c2</size>
         <input_file_ref idref="fl-e2"/>
      </object_component>
      <object_component id="oc-c7">
         <name>.debug_info</name>
         <load_address>0x18922</load_address>
         <run_address>0x18922</run_address>
         <size>0x2ba</size>
         <input_file_ref idref="fl-e2"/>
      </object_component>
      <object_component id="oc-d3">
         <name>.debug_info</name>
         <load_address>0x18bdc</load_address>
         <run_address>0x18bdc</run_address>
         <size>0x294</size>
         <input_file_ref idref="fl-e2"/>
      </object_component>
      <object_component id="oc-e5">
         <name>.debug_info</name>
         <load_address>0x18e70</load_address>
         <run_address>0x18e70</run_address>
         <size>0x292</size>
         <input_file_ref idref="fl-e2"/>
      </object_component>
      <object_component id="oc-cd">
         <name>.debug_info</name>
         <load_address>0x19102</load_address>
         <run_address>0x19102</run_address>
         <size>0x27f</size>
         <input_file_ref idref="fl-e2"/>
      </object_component>
      <object_component id="oc-bb">
         <name>.debug_info</name>
         <load_address>0x19381</load_address>
         <run_address>0x19381</run_address>
         <size>0x28c</size>
         <input_file_ref idref="fl-e2"/>
      </object_component>
      <object_component id="oc-26a">
         <name>.debug_info</name>
         <load_address>0x1960d</load_address>
         <run_address>0x1960d</run_address>
         <size>0x227</size>
         <input_file_ref idref="fl-e3"/>
      </object_component>
      <object_component id="oc-19c">
         <name>.debug_info</name>
         <load_address>0x19834</load_address>
         <run_address>0x19834</run_address>
         <size>0x247</size>
         <input_file_ref idref="fl-e3"/>
      </object_component>
      <object_component id="oc-264">
         <name>.debug_info</name>
         <load_address>0x19a7b</load_address>
         <run_address>0x19a7b</run_address>
         <size>0x249</size>
         <input_file_ref idref="fl-e3"/>
      </object_component>
      <object_component id="oc-196">
         <name>.debug_info</name>
         <load_address>0x19cc4</load_address>
         <run_address>0x19cc4</run_address>
         <size>0x326</size>
         <input_file_ref idref="fl-e3"/>
      </object_component>
      <object_component id="oc-29a">
         <name>.debug_info</name>
         <load_address>0x19fea</load_address>
         <run_address>0x19fea</run_address>
         <size>0x291</size>
         <input_file_ref idref="fl-e3"/>
      </object_component>
      <object_component id="oc-1a2">
         <name>.debug_info</name>
         <load_address>0x1a27b</load_address>
         <run_address>0x1a27b</run_address>
         <size>0x273</size>
         <input_file_ref idref="fl-e3"/>
      </object_component>
      <object_component id="oc-1a8">
         <name>.debug_info</name>
         <load_address>0x1a4ee</load_address>
         <run_address>0x1a4ee</run_address>
         <size>0x24d</size>
         <input_file_ref idref="fl-e3"/>
      </object_component>
      <object_component id="oc-361">
         <name>.debug_info</name>
         <load_address>0x1a73b</load_address>
         <run_address>0x1a73b</run_address>
         <size>0xae</size>
      </object_component>
      <object_component id="oc-f7">
         <name>.debug_line</name>
         <load_address>0x0</load_address>
         <run_address>0x0</run_address>
         <size>0x47</size>
         <input_file_ref idref="fl-2"/>
      </object_component>
      <object_component id="oc-90">
         <name>.debug_line</name>
         <load_address>0x47</load_address>
         <run_address>0x47</run_address>
         <size>0x47</size>
         <input_file_ref idref="fl-2"/>
      </object_component>
      <object_component id="oc-46">
         <name>.debug_line</name>
         <load_address>0x8e</load_address>
         <run_address>0x8e</run_address>
         <size>0x47</size>
         <input_file_ref idref="fl-2"/>
      </object_component>
      <object_component id="oc-32">
         <name>.debug_line</name>
         <load_address>0xd5</load_address>
         <run_address>0xd5</run_address>
         <size>0xa7</size>
         <input_file_ref idref="fl-2"/>
      </object_component>
      <object_component id="oc-fb">
         <name>.debug_line</name>
         <load_address>0x17c</load_address>
         <run_address>0x17c</run_address>
         <size>0x20</size>
         <input_file_ref idref="fl-2"/>
      </object_component>
      <object_component id="oc-f4">
         <name>.debug_line</name>
         <load_address>0x19c</load_address>
         <run_address>0x19c</run_address>
         <size>0x5f</size>
         <input_file_ref idref="fl-2"/>
      </object_component>
      <object_component id="oc-1c8">
         <name>.debug_line</name>
         <load_address>0x1fb</load_address>
         <run_address>0x1fb</run_address>
         <size>0x5f</size>
         <input_file_ref idref="fl-2"/>
      </object_component>
      <object_component id="oc-24d">
         <name>.debug_line</name>
         <load_address>0x25a</load_address>
         <run_address>0x25a</run_address>
         <size>0xae</size>
         <input_file_ref idref="fl-3"/>
      </object_component>
      <object_component id="oc-124">
         <name>.debug_line</name>
         <load_address>0x308</load_address>
         <run_address>0x308</run_address>
         <size>0x50</size>
         <input_file_ref idref="fl-3"/>
      </object_component>
      <object_component id="oc-163">
         <name>.debug_line</name>
         <load_address>0x358</load_address>
         <run_address>0x358</run_address>
         <size>0x59</size>
         <input_file_ref idref="fl-3"/>
      </object_component>
      <object_component id="oc-a7">
         <name>.debug_line</name>
         <load_address>0x3b1</load_address>
         <run_address>0x3b1</run_address>
         <size>0x5d</size>
         <input_file_ref idref="fl-3"/>
      </object_component>
      <object_component id="oc-ac">
         <name>.debug_line</name>
         <load_address>0x40e</load_address>
         <run_address>0x40e</run_address>
         <size>0x6c</size>
         <input_file_ref idref="fl-3"/>
      </object_component>
      <object_component id="oc-171">
         <name>.debug_line</name>
         <load_address>0x47a</load_address>
         <run_address>0x47a</run_address>
         <size>0x59</size>
         <input_file_ref idref="fl-3"/>
      </object_component>
      <object_component id="oc-2e9">
         <name>.debug_line</name>
         <load_address>0x4d3</load_address>
         <run_address>0x4d3</run_address>
         <size>0x59</size>
         <input_file_ref idref="fl-4"/>
      </object_component>
      <object_component id="oc-2e3">
         <name>.debug_line</name>
         <load_address>0x52c</load_address>
         <run_address>0x52c</run_address>
         <size>0x2f</size>
         <input_file_ref idref="fl-4"/>
      </object_component>
      <object_component id="oc-2e7">
         <name>.debug_line</name>
         <load_address>0x55b</load_address>
         <run_address>0x55b</run_address>
         <size>0x2f</size>
         <input_file_ref idref="fl-4"/>
      </object_component>
      <object_component id="oc-2dc">
         <name>.debug_line</name>
         <load_address>0x58a</load_address>
         <run_address>0x58a</run_address>
         <size>0x2f</size>
         <input_file_ref idref="fl-4"/>
      </object_component>
      <object_component id="oc-2e5">
         <name>.debug_line</name>
         <load_address>0x5b9</load_address>
         <run_address>0x5b9</run_address>
         <size>0x2f</size>
         <input_file_ref idref="fl-4"/>
      </object_component>
      <object_component id="oc-2da">
         <name>.debug_line</name>
         <load_address>0x5e8</load_address>
         <run_address>0x5e8</run_address>
         <size>0x2f</size>
         <input_file_ref idref="fl-4"/>
      </object_component>
      <object_component id="oc-157">
         <name>.debug_line</name>
         <load_address>0x617</load_address>
         <run_address>0x617</run_address>
         <size>0xe2</size>
         <input_file_ref idref="fl-4"/>
      </object_component>
      <object_component id="oc-180">
         <name>.debug_line</name>
         <load_address>0x6f9</load_address>
         <run_address>0x6f9</run_address>
         <size>0x5f</size>
         <input_file_ref idref="fl-4"/>
      </object_component>
      <object_component id="oc-2e0">
         <name>.debug_line</name>
         <load_address>0x758</load_address>
         <run_address>0x758</run_address>
         <size>0x2f</size>
         <input_file_ref idref="fl-4"/>
      </object_component>
      <object_component id="oc-312">
         <name>.debug_line</name>
         <load_address>0x787</load_address>
         <run_address>0x787</run_address>
         <size>0x52</size>
         <input_file_ref idref="fl-5"/>
      </object_component>
      <object_component id="oc-1e7">
         <name>.debug_line</name>
         <load_address>0x7d9</load_address>
         <run_address>0x7d9</run_address>
         <size>0x9e</size>
         <input_file_ref idref="fl-5"/>
      </object_component>
      <object_component id="oc-27f">
         <name>.debug_line</name>
         <load_address>0x877</load_address>
         <run_address>0x877</run_address>
         <size>0x82</size>
         <input_file_ref idref="fl-6"/>
      </object_component>
      <object_component id="oc-271">
         <name>.debug_line</name>
         <load_address>0x8f9</load_address>
         <run_address>0x8f9</run_address>
         <size>0x3a</size>
         <input_file_ref idref="fl-6"/>
      </object_component>
      <object_component id="oc-27d">
         <name>.debug_line</name>
         <load_address>0x933</load_address>
         <run_address>0x933</run_address>
         <size>0x3a</size>
         <input_file_ref idref="fl-6"/>
      </object_component>
      <object_component id="oc-273">
         <name>.debug_line</name>
         <load_address>0x96d</load_address>
         <run_address>0x96d</run_address>
         <size>0x3a</size>
         <input_file_ref idref="fl-6"/>
      </object_component>
      <object_component id="oc-26f">
         <name>.debug_line</name>
         <load_address>0x9a7</load_address>
         <run_address>0x9a7</run_address>
         <size>0x3a</size>
         <input_file_ref idref="fl-6"/>
      </object_component>
      <object_component id="oc-e2">
         <name>.debug_line</name>
         <load_address>0x9e1</load_address>
         <run_address>0x9e1</run_address>
         <size>0x28b</size>
         <input_file_ref idref="fl-6"/>
      </object_component>
      <object_component id="oc-1c2">
         <name>.debug_line</name>
         <load_address>0xc6c</load_address>
[...]
      </symbol>
      <symbol id="sm-422">
         <name>xTaskPriorityDisinherit</name>
         <value>0x13af</value>
         <object_component_ref idref="oc-98"/>
      </symbol>
      <symbol id="sm-423">
         <name>vTaskStartScheduler</name>
         <value>0x821</value>
         <object_component_ref idref="oc-98"/>
      </symbol>
      <symbol id="sm-424">
         <name>xTaskNotifyStateClear</name>
         <value>0x18cf</value>
         <object_component_ref idref="oc-98"/>
      </symbol>
      <symbol id="sm-425">
         <name>pvTaskIncrementMutexHeldCount</name>
         <value>0x146f</value>
         <object_component_ref idref="oc-98"/>
      </symbol>
      <symbol id="sm-426">
         <name>xTaskGenericNotify</name>
         <value>0x163f</value>
         <object_component_ref idref="oc-98"/>
      </symbol>
      <symbol id="sm-427">
         <name>vTaskDelayUntil</name>
         <value>0x3a5</value>
         <object_component_ref idref="oc-98"/>
      </symbol>
      <symbol id="sm-428">
         <name>uxTaskGetTaskNumber</name>
         <value>0xead</value>
         <object_component_ref idref="oc-98"/>
      </symbol>
      <symbol id="sm-429">
         <name>vTaskEndScheduler</name>
         <value>0x889</value>
         <object_component_ref idref="oc-98"/>
      </symbol>
      <symbol id="sm-42a">
         <name>xTaskNotifyWait</name>
         <value>0x1555</value>
         <object_component_ref idref="oc-98"/>
      </symbol>
      <symbol id="sm-42b">
         <name>vTaskMissedYield</name>
         <value>0xe9f</value>
         <object_component_ref idref="oc-98"/>
      </symbol>
      <symbol id="sm-42c">
         <name>uxTaskGetNumberOfTasks</name>
         <value>0x9a1</value>
         <object_component_ref idref="oc-98"/>
      </symbol>
      <symbol id="sm-42d">
         <name>xTaskGenericNotifyFromISR</name>
         <value>0x1721</value>
         <object_component_ref idref="oc-98"/>
      </symbol>
      <symbol id="sm-42e">
         <name>uxTaskPriorityGet</name>
         <value>0x4a9</value>
         <object_component_ref idref="oc-98"/>
      </symbol>
      <symbol id="sm-42f">
         <name>xTaskResumeAll</name>
         <value>0x8bd</value>
         <object_component_ref idref="oc-98"/>
      </symbol>
      <symbol id="sm-430">
         <name>xTaskGetTickCount</name>
         <value>0x97d</value>
         <object_component_ref idref="oc-98"/>
      </symbol>
      <symbol id="sm-431">
         <name>xTaskGenericCreate</name>
         <value>0x201</value>
         <object_component_ref idref="oc-98"/>
      </symbol>
      <symbol id="sm-432">
         <name>uxTaskGetSystemState</name>
         <value>0x9b1</value>
         <object_component_ref idref="oc-98"/>
      </symbol>
      <symbol id="sm-433">
         <name>vTaskDelete</name>
         <value>0x309</value>
         <object_component_ref idref="oc-98"/>
      </symbol>
      <symbol id="sm-434">
         <name>pxCurrentTCB</name>
         <value>0x2000cda4</value>
         <object_component_ref idref="oc-92"/>
      </symbol>
      <symbol id="sm-435">
         <name>vTaskNotifyGiveFromISR</name>
         <value>0x1829</value>
         <object_component_ref idref="oc-98"/>
      </symbol>
      <symbol id="sm-436">
         <name>vTaskSuspend</name>
         <value>0x631</value>
         <object_component_ref idref="oc-98"/>
      </symbol>
      <symbol id="sm-437">
         <name>xTaskGetTickCountFromISR</name>
         <value>0x98d</value>
         <object_component_ref idref="oc-98"/>
      </symbol>
      <symbol id="sm-438">
         <name>vTaskResume</name>
         <value>0x725</value>
         <object_component_ref idref="oc-98"/>
      </symbol>
      <symbol id="sm-439">
         <name>vTaskPlaceOnEventListRestricted</name>
         <value>0xcad</value>
         <object_component_ref idref="oc-98"/>
      </symbol>
      <symbol id="sm-43a">
         <name>vTaskSetTimeOutState</name>
         <value>0xe07</value>
         <object_component_ref idref="oc-98"/>
      </symbol>
      <symbol id="sm-43b">
         <name>xTaskIncrementTick</name>
         <value>0xa81</value>
         <object_component_ref idref="oc-98"/>
      </symbol>
      <symbol id="sm-43c">
         <name>vTaskSwitchContext</name>
         <value>0xb61</value>
         <object_component_ref idref="oc-98"/>
      </symbol>
      <symbol id="sm-43d">
         <name>uxTaskResetEventItemValue</name>
         <value>0x144d</value>
         <object_component_ref idref="oc-98"/>
      </symbol>
      <symbol id="sm-43e">
         <name>xTaskGetSchedulerState</name>
         <value>0x12c1</value>
         <object_component_ref idref="oc-98"/>
      </symbol>
      <symbol id="sm-43f">
         <name>xTaskResumeFromISR</name>
         <value>0x795</value>
         <object_component_ref idref="oc-98"/>
      </symbol>
      <symbol id="sm-440">
         <name>xTaskGetCurrentTaskHandle</name>
         <value>0x12a7</value>
         <object_component_ref idref="oc-98"/>
      </symbol>
      <symbol id="sm-441">
         <name>vTaskPlaceOnUnorderedEventList</name>
         <value>0xc35</value>
         <object_component_ref idref="oc-98"/>
      </symbol>
      <symbol id="sm-442">
         <name>xTaskRemoveFromEventList</name>
         <value>0xd15</value>
         <object_component_ref idref="oc-98"/>
      </symbol>
      <symbol id="sm-4c6">
         <name>xTimerCreateTimerTask</name>
         <value>0x22cd</value>
         <object_component_ref idref="oc-144"/>
      </symbol>
      <symbol id="sm-4c7">
         <name>pcTimerGetTimerName</name>
         <value>0x23c9</value>
         <object_component_ref idref="oc-144"/>
      </symbol>
      <symbol id="sm-4c8">
         <name>xTimerIsTimerActive</name>
         <value>0x2789</value>
         <object_component_ref idref="oc-144"/>
      </symbol>
      <symbol id="sm-4c9">
         <name>xTimerCreate</name>
         <value>0x2307</value>
         <object_component_ref idref="oc-144"/>
      </symbol>
      <symbol id="sm-4ca">
         <name>xTimerGenericCommand</name>
         <value>0x235b</value>
         <object_component_ref idref="oc-144"/>
      </symbol>
      <symbol id="sm-4cb">
         <name>pvTimerGetTimerID</name>
         <value>0x27b5</value>
         <object_component_ref idref="oc-144"/>
      </symbol>
      <symbol id="sm-4cc">
         <name>vTimerSetTimerID</name>
         <value>0x27cf</value>
         <object_component_ref idref="oc-144"/>
      </symbol>
      <symbol id="sm-4fd">
         <name>ulMaxSyscallInterruptPriority</name>
         <value>0x4270</value>
         <object_component_ref idref="oc-95"/>
      </symbol>
      <symbol id="sm-4fe">
         <name>vPortSetupTimerInterrupt</name>
         <value>0x32db</value>
         <object_component_ref idref="oc-39"/>
      </symbol>
      <symbol id="sm-4ff">
         <name>vPortEndScheduler</name>
         <value>0x3275</value>
         <object_component_ref idref="oc-39"/>
      </symbol>
      <symbol id="sm-500">
         <name>xPortSysTickCount</name>
         <value>0x2000ce10</value>
         <object_component_ref idref="oc-9f"/>
      </symbol>
      <symbol id="sm-501">
         <name>xPortSysTickHandler</name>
         <value>0x32ad</value>
         <object_component_ref idref="oc-39"/>
      </symbol>
      <symbol id="sm-502">
         <name>pxPortInitialiseStack</name>
         <value>0x31d9</value>
         <object_component_ref idref="oc-39"/>
      </symbol>
      <symbol id="sm-503">
         <name>vPortExitCritical</name>
         <value>0x3297</value>
         <object_component_ref idref="oc-39"/>
      </symbol>
      <symbol id="sm-504">
         <name>xPortStartScheduler</name>
         <value>0x323f</value>
         <object_component_ref idref="oc-39"/>
      </symbol>
      <symbol id="sm-505">
         <name>vPortEnterCritical</name>
         <value>0x3277</value>
         <object_component_ref idref="oc-39"/>
      </symbol>
      <symbol id="sm-514">
         <name>vPortStartFirstTask</name>
         <value>0x36f5</value>
         <object_component_ref idref="oc-34"/>
      </symbol>
      <symbol id="sm-515">
         <name>ulPortGetIPSR</name>
         <value>0x365d</value>
         <object_component_ref idref="oc-34"/>
      </symbol>
      <symbol id="sm-516">
         <name>vPortEnableVFP</name>
         <value>0x3711</value>
         <object_component_ref idref="oc-34"/>
      </symbol>
      <symbol id="sm-517">
         <name>xPortPendSVHandler</name>
         <value>0x3675</value>
         <object_component_ref idref="oc-34"/>
      </symbol>
      <symbol id="sm-518">
         <name>vPortSVCHandler</name>
         <value>0x36d5</value>
         <object_component_ref idref="oc-34"/>
      </symbol>
      <symbol id="sm-529">
         <name>Task_Blink_LED_D1</name>
         <value>0x3bbd</value>
         <object_component_ref idref="oc-1e9"/>
      </symbol>
      <symbol id="sm-54a">
         <name>ReportData_Queue</name>
         <value>0x2000ce24</value>
         <object_component_ref idref="oc-2bd"/>
      </symbol>
      <symbol id="sm-54b">
         <name>Task_ReportData</name>
         <value>0x3721</value>
         <object_component_ref idref="oc-1ef"/>
      </symbol>
      <symbol id="sm-55c">
         <name>Task_ReportTime</name>
         <value>0x3d31</value>
         <object_component_ref idref="oc-1f5"/>
      </symbol>
      <symbol id="sm-587">
         <name>Timer_0_A_Semaphore</name>
         <value>0x2000c5a0</value>
      </symbol>
      <symbol id="sm-588">
         <name>Task_TimeOfDay</name>
         <value>0x305d</value>
         <object_component_ref idref="oc-3f"/>
      </symbol>
      <symbol id="sm-589">
         <name>TimerStatus_1</name>
         <value>0x2000cdf4</value>
         <object_component_ref idref="oc-ed"/>
      </symbol>
      <symbol id="sm-58a">
         <name>TimeCount</name>
         <value>0x2000cdf0</value>
         <object_component_ref idref="oc-ed"/>
      </symbol>
      <symbol id="sm-58b">
         <name>Timer_0_A_ISR_Handler</name>
         <value>0x3171</value>
         <object_component_ref idref="oc-3f"/>
      </symbol>
      <symbol id="sm-59c">
         <name>_c_int00</name>
         <value>0x3b15</value>
         <object_component_ref idref="oc-24"/>
      </symbol>
      <symbol id="sm-59d">
         <name>__stack</name>
         <value>0x2000c5a4</value>
         <object_component_ref idref="oc-2a"/>
      </symbol>
      <symbol id="sm-5b4">
         <name>__TI_decompress_none</name>
         <value>0x3f29</value>
         <object_component_ref idref="oc-12"/>
      </symbol>
      <symbol id="sm-5dc">
         <name>__TI_decompress_rle24</name>
         <value>0x3f71</value>
         <object_component_ref idref="oc-18"/>
      </symbol>
      <symbol id="sm-5fe">
         <name>C$$EXIT</name>
         <value>0x3b69</value>
         <object_component_ref idref="oc-85"/>
      </symbol>
      <symbol id="sm-5ff">
         <name>abort</name>
         <value>0x3b6d</value>
         <object_component_ref idref="oc-85"/>
      </symbol>
      <symbol id="sm-600">
         <name>exit</name>
         <value>0x3b75</value>
         <object_component_ref idref="oc-85"/>
      </symbol>
      <symbol id="sm-601">
         <name>__TI_dtors_ptr</name>
         <value>0x2000cde8</value>
         <object_component_ref idref="oc-128"/>
      </symbol>
      <symbol id="sm-602">
         <name>__TI_cleanup_ptr</name>
         <value>0x2000cde4</value>
         <object_component_ref idref="oc-128"/>
      </symbol>
      <symbol id="sm-603">
         <name>__TI_enable_exit_profile_output</name>
         <value>0x2000cdec</value>
         <object_component_ref idref="oc-128"/>
      </symbol>
      <symbol id="sm-61e">
         <name>memcpy</name>
         <value>0x37c1</value>
         <object_component_ref idref="oc-48"/>
      </symbol>
      <symbol id="sm-61f">
         <name>__aeabi_memcpy</name>
         <value>0x37c1</value>
         <object_component_ref idref="oc-48"/>
      </symbol>
      <symbol id="sm-620">
         <name>__aeabi_memcpy8</name>
         <value>0x37c1</value>
         <object_component_ref idref="oc-48"/>
      </symbol>
      <symbol id="sm-621">
         <name>__aeabi_memcpy4</name>
         <value>0x37c1</value>
         <object_component_ref idref="oc-48"/>
      </symbol>
      <symbol id="sm-630">
         <name>__aeabi_memset</name>
         <value>0x38f7</value>
         <object_component_ref idref="oc-61"/>
      </symbol>
      <symbol id="sm-631">
         <name>memset</name>
         <value>0x38fd</value>
         <object_component_ref idref="oc-61"/>
      </symbol>
      <symbol id="sm-632">
         <name>__aeabi_memset8</name>
         <value>0x38f7</value>
         <object_component_ref idref="oc-61"/>
      </symbol>
      <symbol id="sm-633">
         <name>__aeabi_memset4</name>
         <value>0x38f7</value>
         <object_component_ref idref="oc-61"/>
      </symbol>
      <symbol id="sm-634">
         <name>__aeabi_memclr8</name>
         <value>0x38f5</value>
         <object_component_ref idref="oc-61"/>
      </symbol>
      <symbol id="sm-635">
         <name>__aeabi_memclr4</name>
         <value>0x38f5</value>
         <object_component_ref idref="oc-61"/>
      </symbol>
      <symbol id="sm-636">
         <name>__aeabi_memclr</name>
         <value>0x38f5</value>
         <object_component_ref idref="oc-61"/>
      </symbol>
      <symbol id="sm-640">
         <name>__mpu_init</name>
         <value>0x396f</value>
         <object_component_ref idref="oc-6d"/>
      </symbol>
      <symbol id="sm-64a">
         <name>_system_pre_init</name>
         <value>0x3f7b</value>
         <object_component_ref idref="oc-73"/>
      </symbol>
      <symbol id="sm-652">
         <name>main_func_sp</name>
         <value>0x2000ce28</value>
         <object_component_ref idref="oc-8b"/>
      </symbol>
      <symbol id="sm-661">
         <name>__aeabi_uidivmod</name>
         <value>0x3d75</value>
         <object_component_ref idref="oc-1b6"/>
      </symbol>
      <symbol id="sm-662">
         <name>__aeabi_uidiv</name>
         <value>0x3d75</value>
         <object_component_ref idref="oc-1b6"/>
      </symbol>
      <symbol id="sm-67b">
         <name>_nop</name>
         <value>0x3edf</value>
         <object_component_ref idref="oc-205"/>
      </symbol>
      <symbol id="sm-67c">
         <name>_lock</name>
         <value>0x2000cdfc</value>
         <object_component_ref idref="oc-12b"/>
      </symbol>
      <symbol id="sm-67d">
         <name>_unlock</name>
         <value>0x2000ce00</value>
         <object_component_ref idref="oc-12b"/>
      </symbol>
      <symbol id="sm-67e">
         <name>_register_lock</name>
         <value>0x3ed7</value>
         <object_component_ref idref="oc-205"/>
      </symbol>
      <symbol id="sm-67f">
         <name>_register_unlock</name>
         <value>0x3ed1</value>
         <object_component_ref idref="oc-205"/>
      </symbol>
      <symbol id="sm-693">
         <name>_args_main</name>
         <value>0x3ea5</value>
         <object_component_ref idref="oc-7f"/>
      </symbol>
      <symbol id="sm-6b8">
         <name>__TI_auto_init</name>
         <value>0x3971</value>
         <object_component_ref idref="oc-79"/>
      </symbol>
      <symbol id="sm-6d2">
         <name>copy_in</name>
         <value>0x3c0d</value>
         <object_component_ref idref="oc-112"/>
      </symbol>
      <symbol id="sm-6dc">
         <name>__aeabi_idiv0</name>
         <value>0x371f</value>
         <object_component_ref idref="oc-274"/>
      </symbol>
      <symbol id="sm-6e6">
         <name>_system_post_cinit</name>
         <value>0x3a4b</value>
         <object_component_ref idref="oc-118"/>
      </symbol>
      <symbol id="sm-730">
         <name>GPIOPinConfigure</name>
         <value>0x3c59</value>
         <object_component_ref idref="oc-28d"/>
      </symbol>
      <symbol id="sm-731">
         <name>GPIOPinTypeUART</name>
         <value>0x3ee5</value>
         <object_component_ref idref="oc-293"/>
      </symbol>
      <symbol id="sm-732">
         <name>GPIOPinTypeGPIOOutput</name>
         <value>0x3e8d</value>
         <object_component_ref idref="oc-2a3"/>
      </symbol>
      <symbol id="sm-733">
         <name>GPIOPinRead</name>
         <value>0x3f5f</value>
         <object_component_ref idref="oc-2af"/>
      </symbol>
      <symbol id="sm-734">
         <name>GPIODirModeSet</name>
         <value>0x3e21</value>
         <object_component_ref idref="oc-309"/>
      </symbol>
      <symbol id="sm-735">
         <name>GPIOPinWrite</name>
         <value>0x3f65</value>
         <object_component_ref idref="oc-2b5"/>
      </symbol>
      <symbol id="sm-736">
         <name>GPIOPadConfigSet</name>
         <value>0x330d</value>
         <object_component_ref idref="oc-2a9"/>
      </symbol>
      <symbol id="sm-75d">
         <name>IntEnable</name>
         <value>0x3a4d</value>
         <object_component_ref idref="oc-d8"/>
      </symbol>
      <symbol id="sm-7d7">
         <name>SysCtlPeripheralPresent</name>
         <value>0x3db5</value>
         <object_component_ref idref="oc-18f"/>
      </symbol>
      <symbol id="sm-7d8">
         <name>SysCtlPeripheralEnable</name>
         <value>0x3ded</value>
         <object_component_ref idref="oc-b4"/>
      </symbol>
      <symbol id="sm-7d9">
         <name>SysCtlClockFreqSet</name>
         <value>0x2ca1</value>
         <object_component_ref idref="oc-287"/>
      </symbol>
      <symbol id="sm-815">
         <name>TimerLoadSet</name>
         <value>0x3ef7</value>
         <object_component_ref idref="oc-c6"/>
      </symbol>
      <symbol id="sm-816">
         <name>TimerEnable</name>
         <value>0x3f1b</value>
         <object_component_ref idref="oc-cc"/>
      </symbol>
      <symbol id="sm-817">
         <name>TimerPrescaleSet</name>
         <value>0x3f09</value>
         <object_component_ref idref="oc-c0"/>
      </symbol>
      <symbol id="sm-818">
         <name>TimerIntEnable</name>
         <value>0x3f57</value>
         <object_component_ref idref="oc-d2"/>
      </symbol>
      <symbol id="sm-819">
         <name>TimerConfigure</name>
         <value>0x3ab5</value>
         <object_component_ref idref="oc-ba"/>
      </symbol>
      <symbol id="sm-81a">
         <name>TimerIntClear</name>
         <value>0x3f77</value>
         <object_component_ref idref="oc-e4"/>
      </symbol>
      <symbol id="sm-855">
         <name>UARTConfigSetExpClk</name>
         <value>0x3ce9</value>
         <object_component_ref idref="oc-195"/>
      </symbol>
      <symbol id="sm-856">
         <name>UARTDisable</name>
         <value>0x3e4d</value>
         <object_component_ref idref="oc-263"/>
      </symbol>
      <symbol id="sm-857">
         <name>UARTClockSourceSet</name>
         <value>0x3f6b</value>
         <object_component_ref idref="oc-299"/>
      </symbol>
      <symbol id="sm-858">
         <name>UARTCharPut</name>
         <value>0x3f4d</value>
         <object_component_ref idref="oc-1a1"/>
      </symbol>
      <symbol id="sm-859">
         <name>UARTEnable</name>
         <value>0x3ebd</value>
         <object_component_ref idref="oc-19b"/>
      </symbol>
      <symbol id="sm-85a">
         <name>UARTCharGet</name>
         <value>0x3f43</value>
         <object_component_ref idref="oc-1a7"/>
      </symbol>
      <symbol id="sm-85c">
         <name>__TI_static_base__</name>
         <value>0x0</value>
      </symbol>
      <symbol id="sm-85f">
         <name>SHT$$INIT_ARRAY$$Limit</name>
         <value>0x0</value>
      </symbol>
      <symbol id="sm-860">
         <name>SHT$$INIT_ARRAY$$Base</name>
         <value>0x0</value>
      </symbol>
   </symbol_table>
   <title>Link successful</title>
</link_info>
