******************************************************************************
                  TI ARM Linker PC v15.12.3                    
******************************************************************************
>> Linked Wed Sep 14 21:38:56 2016

OUTPUT FILE NAME:   <FreeRTOS82_TM4C1294_Base.out>
ENTRY POINT SYMBOL: "_c_int00"  address: 00003b15


MEMORY CONFIGURATION

         name            origin    length      used     unused   attr    fill
----------------------  --------  ---------  --------  --------  ----  --------
  FLASH                 00000000   00100000  000042ba  000fbd46  R  X
  SRAM                  20000000   00040000  0000ce2c  000331d4  RW X


SEGMENT ALLOCATION MAP

run origin  load origin   length   init length attrs members
----------  ----------- ---------- ----------- ----- -------
00000000    00000000    000042bc   000042bc    r-x
  00000000    00000000    00000200   00000200    r-- .intvecs
  00000200    00000200    00003d7e   00003d7e    r-x .text
  00003f80    00003f80    000002f8   000002f8    r-- .const
  00004278    00004278    00000044   00000044    r-- .cinit
20000000    20000000    0000ce2c   00000000    rw-
  20000000    20000000    0000c5a4   00000000    rw- .bss
  2000c5a4    2000c5a4    00000800   00000000    rw- .stack
  2000cda4    2000cda4    00000088   00000000    rw- .data


SECTION ALLOCATION MAP

 output                                  attributes/
section   page    origin      length       input sections
--------  ----  ----------  ----------   ----------------
.intvecs   0    00000000    00000200     
                  00000000    00000200     FreeRTOS_TM4C1294_Base_Startup.obj (.intvecs)

.text      0    00000200    00003d7e     
                  00000200    00001720     tasks.obj (.text)
                  00001920    000009ac     queue.obj (.text)
                  000022cc    00000538     timers.obj (.text)
                  00002804    0000049c     uartstdio.obj (.text)
                  00002ca0    00000204     driverlib.lib : sysctl.obj (.text:SysCtlClockFreqSet)
                  00002ea4    000001b8     heap_2.obj (.text)
                  0000305c    0000017c     Task_TimerInterrupt.obj (.text)
                  000031d8    00000134     port.obj (.text)
                  0000330c    00000132     driverlib.lib : gpio.obj (.text:GPIOPadConfigSet)
                  0000343e    0000012a     list.obj (.text)
                  00003568    000000e4     Main_Base.obj (.text)
                  0000364c    000000d2     portasm.obj (.text)
                  0000371e    00000002     rtsv7M4_T_le_v4SPD16_eabi.lib : i_div0.obj (.text)
                  00003720    000000a0     Task_ReportData.obj (.text)
                  000037c0    0000009c     rtsv7M4_T_le_v4SPD16_eabi.lib : memcpy_t2.obj (.text)
                  0000385c    00000098     Processor_Initialization_TM4C1294.obj (.text)
                  000038f4    0000007a     rtsv7M4_T_le_v4SPD16_eabi.lib : memset_t2.obj (.text)
                  0000396e    00000002                                   : mpu_init.obj (.text)
                  00003970    00000070                                   : autoinit.obj (.text)
                  000039e0    0000006a                                   : copy_decompress_rle.obj (.text)
                  00003a4a    00000002                                   : startup.obj (.text)
                  00003a4c    00000068     driverlib.lib : interrupt.obj (.text:IntEnable)
                  00003ab4    00000060                   : timer.obj (.text:TimerConfigure)
                  00003b14    00000054     rtsv7M4_T_le_v4SPD16_eabi.lib : boot.obj (.text)
                  00003b68    00000054                                   : exit.obj (.text)
                  00003bbc    00000050     Task_Blinky.obj (.text)
                  00003c0c    0000004c     rtsv7M4_T_le_v4SPD16_eabi.lib : cpy_tbl.obj (.text)
                  00003c58    00000048     driverlib.lib : gpio.obj (.text:GPIOPinConfigure)
                  00003ca0    00000048                   : sysctl.obj (.text:_SysCtlFrequencyGet)
                  00003ce8    00000046                   : uart.obj (.text:UARTConfigSetExpClk)
                  00003d2e    00000002     --HOLE-- [fill = 0]
                  00003d30    00000044     Task_ReportTime.obj (.text)
                  00003d74    00000040     rtsv7M4_T_le_v4SPD16_eabi.lib : u_divt2.obj (.text)
                  00003db4    00000038     driverlib.lib : sysctl.obj (.text:SysCtlPeripheralPresent)
                  00003dec    00000034                   : sysctl.obj (.text:SysCtlPeripheralEnable)
                  00003e20    0000002a                   : gpio.obj (.text:GPIODirModeSet)
                  00003e4a    00000002     --HOLE-- [fill = 0]
                  00003e4c    00000020                   : uart.obj (.text:UARTDisable)
                  00003e6c    00000020                   : sysctl.obj (.text:_SysCtlMemTimingGet)
                  00003e8c    00000018                   : gpio.obj (.text:GPIOPinTypeGPIOOutput)
                  00003ea4    00000018     rtsv7M4_T_le_v4SPD16_eabi.lib : args_main.obj (.text)
                  00003ebc    00000014     driverlib.lib : uart.obj (.text:UARTEnable)
                  00003ed0    00000014     rtsv7M4_T_le_v4SPD16_eabi.lib : _lock.obj (.text)
                  00003ee4    00000012     driverlib.lib : gpio.obj (.text:GPIOPinTypeUART)
                  00003ef6    00000012                   : timer.obj (.text:TimerLoadSet)
                  00003f08    00000012                   : timer.obj (.text:TimerPrescaleSet)
                  00003f1a    0000000e                   : timer.obj (.text:TimerEnable)
                  00003f28    0000000e     rtsv7M4_T_le_v4SPD16_eabi.lib : copy_decompress_none.obj (.text:decompress:none)
                  00003f36    0000000c     FreeRTOS_TM4C1294_Base_Startup.obj (.text)
                  00003f42    0000000a     driverlib.lib : uart.obj (.text:UARTCharGet)
                  00003f4c    0000000a                   : uart.obj (.text:UARTCharPut)
                  00003f56    00000008                   : timer.obj (.text:TimerIntEnable)
                  00003f5e    00000006                   : gpio.obj (.text:GPIOPinRead)
                  00003f64    00000006                   : gpio.obj (.text:GPIOPinWrite)
                  00003f6a    00000006                   : uart.obj (.text:UARTClockSourceSet)
                  00003f70    00000006     rtsv7M4_T_le_v4SPD16_eabi.lib : copy_decompress_rle.obj (.text:decompress:rle24)
                  00003f76    00000004     driverlib.lib : timer.obj (.text:TimerIntClear)
                  00003f7a    00000004     rtsv7M4_T_le_v4SPD16_eabi.lib : pre_init.obj (.text)

.const     0    00003f80    000002f8     
                  00003f80    00000120     driverlib.lib : sysctl.obj (.const:g_pppui32XTALtoVCO)
                  000040a0    00000090                   : gpio.obj (.const:g_pui32GPIOBaseAddrs)
                  00004130    00000070                   : interrupt.obj (.const)
                  000041a0    0000006c                   : sysctl.obj (.const:g_pui32Xtals)
                  0000420c    00000030                   : sysctl.obj (.const:g_sXTALtoMEMTIM)
                  0000423c    00000012     uartstdio.obj (.const:.string)
                  0000424e    00000002     heap_2.obj (.const)
                  00004250    0000000c     uartstdio.obj (.const:g_ui32UARTBase)
                  0000425c    0000000c     uartstdio.obj (.const:g_ui32UARTPeriph)
                  00004268    00000008     driverlib.lib : sysctl.obj (.const)
                  00004270    00000004     port.obj (.const)
                  00004274    00000004     uartstdio.obj (.const)

.cinit     0    00004278    00000044     
                  00004278    00000020     (.cinit..data.load) [load image, compression = rle]
                  00004298    0000000b     (.cinit..bss.load) [load image, compression = rle]
                  000042a3    00000001     --HOLE-- [fill = 0]
                  000042a4    00000008     (__TI_handler_table)
                  000042ac    00000010     (__TI_cinit_table)

.init_array 
*          0    00000000    00000000     UNINITIALIZED

.bss       0    20000000    0000c5a4     UNINITIALIZED
                  20000000    0000c350     heap_2.obj (.bss:xHeap)
                  2000c350    00000100     FreeRTOS_TM4C1294_Base_Startup.obj (.bss:pulStack)
                  2000c450    00000064     tasks.obj (.bss:pxReadyTasksLists)
                  2000c4b4    00000040     (.common:xQueueRegistry)
                  2000c4f4    00000014     timers.obj (.bss:xActiveTimerList1)
                  2000c508    00000014     timers.obj (.bss:xActiveTimerList2)
                  2000c51c    00000014     tasks.obj (.bss:xDelayedTaskList1)
                  2000c530    00000014     tasks.obj (.bss:xDelayedTaskList2)
                  2000c544    00000014     tasks.obj (.bss:xPendingReadyList)
                  2000c558    00000014     tasks.obj (.bss:xSuspendedTaskList)
                  2000c56c    00000014     tasks.obj (.bss:xTasksWaitingTermination)
                  2000c580    00000008     tasks.obj (.bss)
                  2000c588    00000008     timers.obj (.bss)
                  2000c590    00000008     heap_2.obj (.bss:xEnd)
                  2000c598    00000008     heap_2.obj (.bss:xStart)
                  2000c5a0    00000004     (.common:Timer_0_A_Semaphore)

.stack     0    2000c5a4    00000800     UNINITIALIZED
                  2000c5a4    00000800     --HOLE--

.data      0    2000cda4    00000088     UNINITIALIZED
                  2000cda4    00000030     tasks.obj (.data)
                  2000cdd4    00000010     Processor_Initialization_TM4C1294.obj (.data)
                  2000cde4    0000000c     rtsv7M4_T_le_v4SPD16_eabi.lib : exit.obj (.data:$O1$$)
                  2000cdf0    0000000c     Task_TimerInterrupt.obj (.data)
                  2000cdfc    00000008     rtsv7M4_T_le_v4SPD16_eabi.lib : _lock.obj (.data:$O1$$)
                  2000ce04    00000008     heap_2.obj (.data)
                  2000ce0c    00000008     port.obj (.data)
                  2000ce14    00000008     timers.obj (.data)
                  2000ce1c    00000005     uartstdio.obj (.data)
                  2000ce21    00000003     --HOLE--
                  2000ce24    00000004     Task_ReportData.obj (.data)
                  2000ce28    00000004     rtsv7M4_T_le_v4SPD16_eabi.lib : stkdepth_vars.obj (.data)

MODULE SUMMARY

       Module                                  code    ro data   rw data
       ------                                  ----    -------   -------
    .\
       heap_2.obj                              440     2         50024  
       FreeRTOS_TM4C1294_Base_Startup.obj      12      512       256    
       Main_Base.obj                           228     0         0      
    +--+---------------------------------------+-------+---------+---------+
       Total:                                  680     514       50280  
                                                                        
    .\Drivers\
       uartstdio.obj                           1180    46        5      
       Processor_Initialization_TM4C1294.obj   152     0         16     
    +--+---------------------------------------+-------+---------+---------+
       Total:                                  1332    46        21     
                                                                        
    .\Source\
       tasks.obj                               5920    0         256    
       queue.obj                               2476    0         64     
       timers.obj                              1336    0         56     
       list.obj                                298     0         0      
    +--+---------------------------------------+-------+---------+---------+
       Total:                                  10030   0         376    
                                                                        
    .\Source\portable\CCS\ARM_CM4F\
       port.obj                                308     4         8      
       portasm.obj                             210     0         0      
    +--+---------------------------------------+-------+---------+---------+
       Total:                                  518     4         8      
                                                                        
    .\Tasks\
       Task_TimerInterrupt.obj                 380     0         16     
       Task_ReportData.obj                     160     0         4      
       Task_Blinky.obj                         80      0         0      
       Task_ReportTime.obj                     68      0         0      
    +--+---------------------------------------+-------+---------+---------+
       Total:                                  688     0         20     
                                                                        
    C:/TI_CodeComposer/TivaWare/driverlib/ccs/Debug/driverlib.lib
       sysctl.obj                              728     452       0      
       gpio.obj                                474     144       0      
       interrupt.obj                           104     112       0      
       timer.obj                               158     0         0      
       uart.obj                                148     0         0      
    +--+---------------------------------------+-------+---------+---------+
       Total:                                  1612    708       0      
                                                                        
    C:\ti\ccsv6\tools\compiler\arm_15.12.3.LTS\lib\rtsv7M4_T_le_v4SPD16_eabi.lib
       memcpy_t2.obj                           156     0         0      
       memset_t2.obj                           122     0         0      
       autoinit.obj                            112     0         0      
       copy_decompress_rle.obj                 112     0         0      
       exit.obj                                84      0         12     
       boot.obj                                84      0         0      
       cpy_tbl.obj                             76      0         0      
       u_divt2.obj                             64      0         0      
       _lock.obj                               20      0         8      
       args_main.obj                           24      0         0      
       copy_decompress_none.obj                14      0         0      
       pre_init.obj                            4       0         0      
       stkdepth_vars.obj                       0       0         4      
       i_div0.obj                              2       0         0      
       mpu_init.obj                            2       0         0      
       startup.obj                             2       0         0      
    +--+---------------------------------------+-------+---------+---------+
       Total:                                  878     0         24     
                                                                        
       Stack:                                  0       0         2048   
       Linker Generated:                       0       67        0      
    +--+---------------------------------------+-------+---------+---------+
       Grand Total:                            15738   1339      52777  


LINKER GENERATED COPY TABLES

__TI_cinit_table @ 000042ac records: 2, size/record: 8, table size: 16
	.data: load addr=00004278, load size=00000020 bytes, run addr=2000cda4, run size=00000088 bytes, compression=rle
	.bss: load addr=00004298, load size=0000000b bytes, run addr=20000000, run size=0000c5a4 bytes, compression=rle


LINKER GENERATED HANDLER TABLE

__TI_handler_table @ 000042a4 records: 2, size/record: 4, table size: 8
	index: 0, handler: __TI_decompress_rle24
	index: 1, handler: __TI_decompress_none


GLOBAL SYMBOLS: SORTED ALPHABETICALLY BY Name 

address   name                             
-------   ----                             
00003b69  C$$EXIT                          
2000cde0  FPUInitFlag                      
00003e21  GPIODirModeSet                   
0000330d  GPIOPadConfigSet                 
00003c59  GPIOPinConfigure                 
00003f5f  GPIOPinRead                      
00003e8d  GPIOPinTypeGPIOOutput            
00003ee5  GPIOPinTypeUART                  
00003f65  GPIOPinWrite                     
00003a4d  IntEnable                        
2000cdd8  ProcessorInitFlag                
0000385d  Processor_Initialization         
2000ce24  ReportData_Queue                 
00003f37  ResetISR                         
UNDEFED   SHT$$INIT_ARRAY$$Base            
UNDEFED   SHT$$INIT_ARRAY$$Limit           
00002ca1  SysCtlClockFreqSet               
00003ded  SysCtlPeripheralEnable           
00003db5  SysCtlPeripheralPresent          
00003bbd  Task_Blink_LED_D1                
00003721  Task_ReportData                  
00003d31  Task_ReportTime                  
0000305d  Task_TimeOfDay                   
2000cdf0  TimeCount                        
00003ab5  TimerConfigure                   
00003f1b  TimerEnable                      
00003f77  TimerIntClear                    
00003f57  TimerIntEnable                   
00003ef7  TimerLoadSet                     
00003f09  TimerPrescaleSet                 
2000cdf4  TimerStatus_1                    
00003171  Timer_0_A_ISR_Handler            
2000c5a0  Timer_0_A_Semaphore              
00003f43  UARTCharGet                      
00003f4d  UARTCharPut                      
00003f6b  UARTClockSourceSet               
00003ce9  UARTConfigSetExpClk              
00003e4d  UARTDisable                      
00003ebd  UARTEnable                       
00002805  UARTStdioConfig                  
2000cddc  UARTStdioInitFlag                
00003881  UART_Initialization              
0000294b  UARTgetc                         
00002891  UARTgets                         
00002c6b  UARTprintf                       
00002971  UARTvprintf                      
0000284b  UARTwrite                        
2000cda4  __STACK_END                      
00000800  __STACK_SIZE                     
2000c7a4  __STACK_TOP                      
000042ac  __TI_CINIT_Base                  
000042bc  __TI_CINIT_Limit                 
000042a4  __TI_Handler_Table_Base          
000042ac  __TI_Handler_Table_Limit         
00003971  __TI_auto_init                   
2000cde4  __TI_cleanup_ptr                 
00003f29  __TI_decompress_none             
00003f71  __TI_decompress_rle24            
2000cde8  __TI_dtors_ptr                   
2000cdec  __TI_enable_exit_profile_output  
ffffffff  __TI_pprof_out_hndl              
ffffffff  __TI_prof_data_size              
ffffffff  __TI_prof_data_start             
00000000  __TI_static_base__               
0000371f  __aeabi_idiv0                    
000038f5  __aeabi_memclr                   
000038f5  __aeabi_memclr4                  
000038f5  __aeabi_memclr8                  
000037c1  __aeabi_memcpy                   
000037c1  __aeabi_memcpy4                  
000037c1  __aeabi_memcpy8                  
000038f7  __aeabi_memset                   
000038f7  __aeabi_memset4                  
000038f7  __aeabi_memset8                  
00003d75  __aeabi_uidiv                    
00003d75  __aeabi_uidivmod                 
ffffffff  __binit__                        
ffffffff  __c_args__                       
0000396f  __mpu_init                       
2000c5a4  __stack                          
00003ea5  _args_main                       
00003b15  _c_int00                         
2000cdfc  _lock                            
00003edf  _nop                             
00003ed7  _register_lock                   
00003ed1  _register_unlock                 
00003a4b  _system_post_cinit               
00003f7b  _system_pre_init                 
2000ce00  _unlock                          
00003b6d  abort                            
ffffffff  binit                            
00003c0d  copy_in                          
00003b75  exit                             
00000000  g_pfnVectors                     
2000cdd4  g_ulSystemClock                  
00003569  main                             
2000ce28  main_func_sp                     
000037c1  memcpy                           
000038fd  memset                           
000023c9  pcTimerGetTimerName              
00002ea5  pvPortMalloc                     
0000146f  pvTaskIncrementMutexHeldCount    
000027b5  pvTimerGetTimerID                
2000cda4  pxCurrentTCB                     
000031d9  pxPortInitialiseStack            
00001fe7  ucQueueGetQueueType              
00004270  ulMaxSyscallInterruptPriority    
0000365d  ulPortGetIPSR                    
00001487  ulTaskNotifyTake                 
00003521  uxListRemove                     
00001fc7  uxQueueGetQueueNumber            
00001f69  uxQueueMessagesWaiting           
00001f9f  uxQueueMessagesWaitingFromISR    
00001f7f  uxQueueSpacesAvailable           
000009a1  uxTaskGetNumberOfTasks           
000009b1  uxTaskGetSystemState             
00000ead  uxTaskGetTaskNumber              
000004a9  uxTaskPriorityGet                
000004d5  uxTaskPriorityGetFromISR         
0000144d  uxTaskResetEventItemValue        
0000343f  vListInitialise                  
0000346f  vListInitialiseItem              
000034bb  vListInsert                      
0000347f  vListInsertEnd                   
00003711  vPortEnableVFP                   
00003275  vPortEndScheduler                
00003277  vPortEnterCritical               
00003297  vPortExitCritical                
00002fd1  vPortFree                        
00003039  vPortInitialiseBlocks            
000036d5  vPortSVCHandler                  
000032db  vPortSetupTimerInterrupt         
000036f5  vPortStartFirstTask              
000021f5  vQueueAddToRegistry              
00001fb1  vQueueDelete                     
00001fd5  vQueueSetQueueNumber             
00002237  vQueueUnregisterQueue            
00002271  vQueueWaitForMessageRestricted   
0000044d  vTaskDelay                       
000003a5  vTaskDelayUntil                  
00000309  vTaskDelete                      
00000889  vTaskEndScheduler                
00000e9f  vTaskMissedYield                 
00001829  vTaskNotifyGiveFromISR           
00000bd9  vTaskPlaceOnEventList            
00000cad  vTaskPlaceOnEventListRestricted  
00000c35  vTaskPlaceOnUnorderedEventList   
000012f5  vTaskPriorityInherit             
0000052d  vTaskPrioritySet                 
00000725  vTaskResume                      
00000ed1  vTaskSetTaskNumber               
00000e07  vTaskSetTimeOutState             
00000821  vTaskStartScheduler              
00000631  vTaskSuspend                     
000008a5  vTaskSuspendAll                  
00000b61  vTaskSwitchContext               
000027cf  vTimerSetTimerID                 
00003033  xPortGetFreeHeapSize             
00003675  xPortPendSVHandler               
0000323f  xPortStartScheduler              
2000ce10  xPortSysTickCount                
000032ad  xPortSysTickHandler              
00001b19  xQueueCreateCountingSemaphore    
00001a1d  xQueueCreateMutex                
000019ad  xQueueGenericCreate              
00001d49  xQueueGenericReceive             
00001921  xQueueGenericReset               
00001b39  xQueueGenericSend                
00001c3d  xQueueGenericSendFromISR         
00001cc9  xQueueGiveFromISR                
00001a93  xQueueGiveMutexRecursive         
00002191  xQueueIsQueueEmptyFromISR        
000021d3  xQueueIsQueueFullFromISR         
00001f17  xQueuePeekFromISR                
00001e91  xQueueReceiveFromISR             
2000c4b4  xQueueRegistry                   
00001acf  xQueueTakeMutexRecursive         
00000e25  xTaskCheckForTimeOut             
00000201  xTaskGenericCreate               
0000163f  xTaskGenericNotify               
00001721  xTaskGenericNotifyFromISR        
000012a7  xTaskGetCurrentTaskHandle        
000012c1  xTaskGetSchedulerState           
0000097d  xTaskGetTickCount                
0000098d  xTaskGetTickCountFromISR         
00000a81  xTaskIncrementTick               
000018cf  xTaskNotifyStateClear            
00001555  xTaskNotifyWait                  
000013af  xTaskPriorityDisinherit          
00000d15  xTaskRemoveFromEventList         
00000d99  xTaskRemoveFromUnorderedEventList
000008bd  xTaskResumeAll                   
00000795  xTaskResumeFromISR               
00002307  xTimerCreate                     
000022cd  xTimerCreateTimerTask            
0000235b  xTimerGenericCommand             
00002789  xTimerIsTimerActive              


GLOBAL SYMBOLS: SORTED BY Symbol Address 

address   name                             
-------   ----                             
00000000  __TI_static_base__               
00000000  g_pfnVectors                     
00000201  xTaskGenericCreate               
00000309  vTaskDelete                      
000003a5  vTaskDelayUntil                  
0000044d  vTaskDelay                       
000004a9  uxTaskPriorityGet                
000004d5  uxTaskPriorityGetFromISR         
0000052d  vTaskPrioritySet                 
00000631  vTaskSuspend                     
00000725  vTaskResume                      
00000795  xTaskResumeFromISR               
00000800  __STACK_SIZE                     
00000821  vTaskStartScheduler              
00000889  vTaskEndScheduler                
000008a5  vTaskSuspendAll                  
000008bd  xTaskResumeAll                   
0000097d  xTaskGetTickCount                
0000098d  xTaskGetTickCountFromISR         
000009a1  uxTaskGetNumberOfTasks           
000009b1  uxTaskGetSystemState             
00000a81  xTaskIncrementTick               
00000b61  vTaskSwitchContext               
00000bd9  vTaskPlaceOnEventList            
00000c35  vTaskPlaceOnUnorderedEventList   
00000cad  vTaskPlaceOnEventListRestricted  
00000d15  xTaskRemoveFromEventList         
00000d99  xTaskRemoveFromUnorderedEventList
00000e07  vTaskSetTimeOutState             
00000e25  xTaskCheckForTimeOut             
00000e9f  vTaskMissedYield                 
00000ead  uxTaskGetTaskNumber              
00000ed1  vTaskSetTaskNumber               
000012a7  xTaskGetCurrentTaskHandle        
000012c1  xTaskGetSchedulerState           
000012f5  vTaskPriorityInherit             
000013af  xTaskPriorityDisinherit          
0000144d  uxTaskResetEventItemValue        
0000146f  pvTaskIncrementMutexHeldCount    
00001487  ulTaskNotifyTake                 
00001555  xTaskNotifyWait                  
0000163f  xTaskGenericNotify               
00001721  xTaskGenericNotifyFromISR        
00001829  vTaskNotifyGiveFromISR           
000018cf  xTaskNotifyStateClear            
00001921  xQueueGenericReset               
000019ad  xQueueGenericCreate              
00001a1d  xQueueCreateMutex                
00001a93  xQueueGiveMutexRecursive         
00001acf  xQueueTakeMutexRecursive         
00001b19  xQueueCreateCountingSemaphore    
00001b39  xQueueGenericSend                
00001c3d  xQueueGenericSendFromISR         
00001cc9  xQueueGiveFromISR                
00001d49  xQueueGenericReceive             
00001e91  xQueueReceiveFromISR             
00001f17  xQueuePeekFromISR                
00001f69  uxQueueMessagesWaiting           
00001f7f  uxQueueSpacesAvailable           
00001f9f  uxQueueMessagesWaitingFromISR    
00001fb1  vQueueDelete                     
00001fc7  uxQueueGetQueueNumber            
00001fd5  vQueueSetQueueNumber             
00001fe7  ucQueueGetQueueType              
00002191  xQueueIsQueueEmptyFromISR        
000021d3  xQueueIsQueueFullFromISR         
000021f5  vQueueAddToRegistry              
00002237  vQueueUnregisterQueue            
00002271  vQueueWaitForMessageRestricted   
000022cd  xTimerCreateTimerTask            
00002307  xTimerCreate                     
0000235b  xTimerGenericCommand             
000023c9  pcTimerGetTimerName              
00002789  xTimerIsTimerActive              
000027b5  pvTimerGetTimerID                
000027cf  vTimerSetTimerID                 
00002805  UARTStdioConfig                  
0000284b  UARTwrite                        
00002891  UARTgets                         
0000294b  UARTgetc                         
00002971  UARTvprintf                      
00002c6b  UARTprintf                       
00002ca1  SysCtlClockFreqSet               
00002ea5  pvPortMalloc                     
00002fd1  vPortFree                        
00003033  xPortGetFreeHeapSize             
00003039  vPortInitialiseBlocks            
0000305d  Task_TimeOfDay                   
00003171  Timer_0_A_ISR_Handler            
000031d9  pxPortInitialiseStack            
0000323f  xPortStartScheduler              
00003275  vPortEndScheduler                
00003277  vPortEnterCritical               
00003297  vPortExitCritical                
000032ad  xPortSysTickHandler              
000032db  vPortSetupTimerInterrupt         
0000330d  GPIOPadConfigSet                 
0000343f  vListInitialise                  
0000346f  vListInitialiseItem              
0000347f  vListInsertEnd                   
000034bb  vListInsert                      
00003521  uxListRemove                     
00003569  main                             
0000365d  ulPortGetIPSR                    
00003675  xPortPendSVHandler               
000036d5  vPortSVCHandler                  
000036f5  vPortStartFirstTask              
00003711  vPortEnableVFP                   
0000371f  __aeabi_idiv0                    
00003721  Task_ReportData                  
000037c1  __aeabi_memcpy                   
000037c1  __aeabi_memcpy4                  
000037c1  __aeabi_memcpy8                  
000037c1  memcpy                           
0000385d  Processor_Initialization         
00003881  UART_Initialization              
000038f5  __aeabi_memclr                   
000038f5  __aeabi_memclr4                  
000038f5  __aeabi_memclr8                  
000038f7  __aeabi_memset                   
000038f7  __aeabi_memset4                  
000038f7  __aeabi_memset8                  
000038fd  memset                           
0000396f  __mpu_init                       
00003971  __TI_auto_init                   
00003a4b  _system_post_cinit               
00003a4d  IntEnable                        
00003ab5  TimerConfigure                   
00003b15  _c_int00                         
00003b69  C$$EXIT                          
00003b6d  abort                            
00003b75  exit                             
00003bbd  Task_Blink_LED_D1                
00003c0d  copy_in                          
00003c59  GPIOPinConfigure                 
00003ce9  UARTConfigSetExpClk              
00003d31  Task_ReportTime                  
00003d75  __aeabi_uidiv                    
00003d75  __aeabi_uidivmod                 
00003db5  SysCtlPeripheralPresent          
00003ded  SysCtlPeripheralEnable           
00003e21  GPIODirModeSet                   
00003e4d  UARTDisable                      
00003e8d  GPIOPinTypeGPIOOutput            
00003ea5  _args_main                       
00003ebd  UARTEnable                       
00003ed1  _register_unlock                 
00003ed7  _register_lock                   
00003edf  _nop                             
00003ee5  GPIOPinTypeUART                  
00003ef7  TimerLoadSet                     
00003f09  TimerPrescaleSet                 
00003f1b  TimerEnable                      
00003f29  __TI_decompress_none             
00003f37  ResetISR                         
00003f43  UARTCharGet                      
00003f4d  UARTCharPut                      
00003f57  TimerIntEnable                   
00003f5f  GPIOPinRead                      
00003f65  GPIOPinWrite                     
00003f6b  UARTClockSourceSet               
00003f71  __TI_decompress_rle24            
00003f77  TimerIntClear                    
00003f7b  _system_pre_init                 
00004270  ulMaxSyscallInterruptPriority    
000042a4  __TI_Handler_Table_Base          
000042ac  __TI_CINIT_Base                  
000042ac  __TI_Handler_Table_Limit         
000042bc  __TI_CINIT_Limit                 
2000c4b4  xQueueRegistry                   
2000c5a0  Timer_0_A_Semaphore              
2000c5a4  __stack                          
2000c7a4  __STACK_TOP                      
2000cda4  __STACK_END                      
2000cda4  pxCurrentTCB                     
2000cdd4  g_ulSystemClock                  
2000cdd8  ProcessorInitFlag                
2000cddc  UARTStdioInitFlag                
2000cde0  FPUInitFlag                      
2000cde4  __TI_cleanup_ptr                 
2000cde8  __TI_dtors_ptr                   
2000cdec  __TI_enable_exit_profile_output  
2000cdf0  TimeCount                        
2000cdf4  TimerStatus_1                    
2000cdfc  _lock                            
2000ce00  _unlock                          
2000ce10  xPortSysTickCount                
2000ce24  ReportData_Queue                 
2000ce28  main_func_sp                     
ffffffff  __TI_pprof_out_hndl              
ffffffff  __TI_prof_data_size              
ffffffff  __TI_prof_data_start             
ffffffff  __binit__                        
ffffffff  __c_args__                       
ffffffff  binit                            
UNDEFED   SHT$$INIT_ARRAY$$Base            
UNDEFED   SHT$$INIT_ARRAY$$Limit           

[197 symbols]
