<?xml version="1.0"?>
<link_info>
   <banner>TI ARM Linker PC v15.12.1.LTS</banner>
   <copyright>Copyright (c) 1996-2015 Texas Instruments Incorporated</copyright>
   <link_time>0x58408175</link_time>
   <link_errors>0x0</link_errors>
   <output_file>Proj2_Magnetometer.out</output_file>
   <entry_point>
      <name>_c_int00</name>
      <address>0x44c5</address>
   </entry_point>
   <input_file_list>
      <input_file id="fl-2">
         <path>.\</path>
         <kind>object</kind>
         <file>FreeRTOS_TM4C1294_Base_Startup.obj</file>
         <name>FreeRTOS_TM4C1294_Base_Startup.obj</name>
      </input_file>
      <input_file id="fl-3">
         <path>.\</path>
         <kind>object</kind>
         <file>Main_Base.obj</file>
         <name>Main_Base.obj</name>
      </input_file>
      <input_file id="fl-4">
         <path>.\</path>
         <kind>object</kind>
         <file>heap_2.obj</file>
         <name>heap_2.obj</name>
      </input_file>
      <input_file id="fl-5">
         <path>.\Drivers\</path>
         <kind>object</kind>
         <file>Processor_Initialization_TM4C1294.obj</file>
         <name>Processor_Initialization_TM4C1294.obj</name>
      </input_file>
      <input_file id="fl-6">
         <path>.\Drivers\</path>
         <kind>object</kind>
         <file>uartstdio.obj</file>
         <name>uartstdio.obj</name>
      </input_file>
      <input_file id="fl-7">
         <path>.\Source\</path>
         <kind>object</kind>
         <file>croutine.obj</file>
         <name>croutine.obj</name>
      </input_file>
      <input_file id="fl-8">
         <path>.\Source\</path>
         <kind>object</kind>
         <file>event_groups.obj</file>
         <name>event_groups.obj</name>
      </input_file>
      <input_file id="fl-9">
         <path>.\Source\</path>
         <kind>object</kind>
         <file>list.obj</file>
         <name>list.obj</name>
      </input_file>
      <input_file id="fl-a">
         <path>.\Source\</path>
         <kind>object</kind>
         <file>queue.obj</file>
         <name>queue.obj</name>
      </input_file>
      <input_file id="fl-b">
         <path>.\Source\</path>
         <kind>object</kind>
         <file>tasks.obj</file>
         <name>tasks.obj</name>
      </input_file>
      <input_file id="fl-c">
         <path>.\Source\</path>
         <kind>object</kind>
         <file>timers.obj</file>
         <name>timers.obj</name>
      </input_file>
      <input_file id="fl-d">
         <path>.\Source\portable\CCS\ARM_CM4F\</path>
         <kind>object</kind>
         <file>port.obj</file>
         <name>port.obj</name>
      </input_file>
      <input_file id="fl-e">
         <path>.\Source\portable\CCS\ARM_CM4F\</path>
         <kind>object</kind>
         <file>portasm.obj</file>
         <name>portasm.obj</name>
      </input_file>
      <input_file id="fl-f">
         <path>.\Tasks\</path>
         <kind>object</kind>
         <file>MagSwitch.obj</file>
         <name>MagSwitch.obj</name>
      </input_file>
      <input_file id="fl-10">
         <path>.\Tasks\</path>
         <kind>object</kind>
         <file>Magnetometer.obj</file>
         <name>Magnetometer.obj</name>
      </input_file>
      <input_file id="fl-11">
         <path>.\Tasks\</path>
         <kind>object</kind>
         <file>Task_Blinky.obj</file>
         <name>Task_Blinky.obj</name>
      </input_file>
      <input_file id="fl-12">
         <path>.\Tasks\</path>
         <kind>object</kind>
         <file>Task_I2C7_Handler.obj</file>
         <name>Task_I2C7_Handler.obj</name>
      </input_file>
      <input_file id="fl-13">
         <path>.\Tasks\</path>
         <kind>object</kind>
         <file>Task_ReportData.obj</file>
         <name>Task_ReportData.obj</name>
      </input_file>
      <input_file id="fl-14">
         <path>.\Tasks\</path>
         <kind>object</kind>
         <file>Task_ReportTime.obj</file>
         <name>Task_ReportTime.obj</name>
      </input_file>
      <input_file id="fl-d0">
         <path>C:\TI_CodeComposer\ccsv6\tools\compiler\ti-cgt-arm_15.12.1.LTS\lib\</path>
         <kind>archive</kind>
         <file>rtsv7M4_T_le_v4SPD16_eabi.lib</file>
         <name>boot.obj</name>
      </input_file>
      <input_file id="fl-d1">
         <path>C:\TI_CodeComposer\ccsv6\tools\compiler\ti-cgt-arm_15.12.1.LTS\lib\</path>
         <kind>archive</kind>
         <file>rtsv7M4_T_le_v4SPD16_eabi.lib</file>
         <name>copy_decompress_none.obj</name>
      </input_file>
      <input_file id="fl-d2">
         <path>C:\TI_CodeComposer\ccsv6\tools\compiler\ti-cgt-arm_15.12.1.LTS\lib\</path>
         <kind>archive</kind>
         <file>rtsv7M4_T_le_v4SPD16_eabi.lib</file>
         <name>copy_decompress_rle.obj</name>
      </input_file>
      <input_file id="fl-d3">
         <path>C:\TI_CodeComposer\ccsv6\tools\compiler\ti-cgt-arm_15.12.1.LTS\lib\</path>
         <kind>archive</kind>
         <file>rtsv7M4_T_le_v4SPD16_eabi.lib</file>
         <name>copy_zero_init.obj</name>
      </input_file>
      <input_file id="fl-d4">
         <path>C:\TI_CodeComposer\ccsv6\tools\compiler\ti-cgt-arm_15.12.1.LTS\lib\</path>
         <kind>archive</kind>
         <file>rtsv7M4_T_le_v4SPD16_eabi.lib</file>
         <name>exit.obj</name>
      </input_file>
      <input_file id="fl-d5">
         <path>C:\TI_CodeComposer\ccsv6\tools\compiler\ti-cgt-arm_15.12.1.LTS\lib\</path>
         <kind>archive</kind>
         <file>rtsv7M4_T_le_v4SPD16_eabi.lib</file>
         <name>memcpy_t2.obj</name>
      </input_file>
      <input_file id="fl-d6">
         <path>C:\TI_CodeComposer\ccsv6\tools\compiler\ti-cgt-arm_15.12.1.LTS\lib\</path>
         <kind>archive</kind>
         <file>rtsv7M4_T_le_v4SPD16_eabi.lib</file>
         <name>memset_t2.obj</name>
      </input_file>
      <input_file id="fl-d7">
         <path>C:\TI_CodeComposer\ccsv6\tools\compiler\ti-cgt-arm_15.12.1.LTS\lib\</path>
         <kind>archive</kind>
         <file>rtsv7M4_T_le_v4SPD16_eabi.lib</file>
         <name>mpu_init.obj</name>
      </input_file>
      <input_file id="fl-d8">
         <path>C:\TI_CodeComposer\ccsv6\tools\compiler\ti-cgt-arm_15.12.1.LTS\lib\</path>
         <kind>archive</kind>
         <file>rtsv7M4_T_le_v4SPD16_eabi.lib</file>
         <name>pre_init.obj</name>
      </input_file>
      <input_file id="fl-d9">
         <path>C:\TI_CodeComposer\ccsv6\tools\compiler\ti-cgt-arm_15.12.1.LTS\lib\</path>
         <kind>archive</kind>
         <file>rtsv7M4_T_le_v4SPD16_eabi.lib</file>
         <name>stkdepth_vars.obj</name>
      </input_file>
      <input_file id="fl-da">
         <path>C:\TI_CodeComposer\ccsv6\tools\compiler\ti-cgt-arm_15.12.1.LTS\lib\</path>
         <kind>archive</kind>
         <file>rtsv7M4_T_le_v4SPD16_eabi.lib</file>
         <name>u_divt2.obj</name>
      </input_file>
      <input_file id="fl-db">
         <path>C:\TI_CodeComposer\ccsv6\tools\compiler\ti-cgt-arm_15.12.1.LTS\lib\</path>
         <kind>archive</kind>
         <file>rtsv7M4_T_le_v4SPD16_eabi.lib</file>
         <name>_lock.obj</name>
      </input_file>
      <input_file id="fl-dc">
         <path>C:\TI_CodeComposer\ccsv6\tools\compiler\ti-cgt-arm_15.12.1.LTS\lib\</path>
         <kind>archive</kind>
         <file>rtsv7M4_T_le_v4SPD16_eabi.lib</file>
         <name>args_main.obj</name>
      </input_file>
      <input_file id="fl-dd">
         <path>C:\TI_CodeComposer\ccsv6\tools\compiler\ti-cgt-arm_15.12.1.LTS\lib\</path>
         <kind>archive</kind>
         <file>rtsv7M4_T_le_v4SPD16_eabi.lib</file>
         <name>autoinit.obj</name>
      </input_file>
      <input_file id="fl-de">
         <path>C:\TI_CodeComposer\ccsv6\tools\compiler\ti-cgt-arm_15.12.1.LTS\lib\</path>
         <kind>archive</kind>
         <file>rtsv7M4_T_le_v4SPD16_eabi.lib</file>
         <name>cpy_tbl.obj</name>
      </input_file>
      <input_file id="fl-df">
         <path>C:\TI_CodeComposer\ccsv6\tools\compiler\ti-cgt-arm_15.12.1.LTS\lib\</path>
         <kind>archive</kind>
         <file>rtsv7M4_T_le_v4SPD16_eabi.lib</file>
         <name>i_div0.obj</name>
      </input_file>
      <input_file id="fl-e0">
         <path>C:\TI_CodeComposer\ccsv6\tools\compiler\ti-cgt-arm_15.12.1.LTS\lib\</path>
         <kind>archive</kind>
         <file>rtsv7M4_T_le_v4SPD16_eabi.lib</file>
         <name>startup.obj</name>
      </input_file>
      <input_file id="fl-e1">
         <path>C:\TI_CodeComposer\TivaWare\driverlib\ccs\Debug\</path>
         <kind>archive</kind>
         <file>driverlib.lib</file>
         <name>gpio.obj</name>
      </input_file>
      <input_file id="fl-e2">
         <path>C:\TI_CodeComposer\TivaWare\driverlib\ccs\Debug\</path>
         <kind>archive</kind>
         <file>driverlib.lib</file>
         <name>interrupt.obj</name>
      </input_file>
      <input_file id="fl-e3">
         <path>C:\TI_CodeComposer\TivaWare\driverlib\ccs\Debug\</path>
         <kind>archive</kind>
         <file>driverlib.lib</file>
         <name>sysctl.obj</name>
      </input_file>
      <input_file id="fl-e4">
         <path>C:\TI_CodeComposer\TivaWare\driverlib\ccs\Debug\</path>
         <kind>archive</kind>
         <file>driverlib.lib</file>
         <name>uart.obj</name>
      </input_file>
      <input_file id="fl-e5">
         <path>C:\TI_CodeComposer\TivaWare\driverlib\ccs\Debug\</path>
         <kind>archive</kind>
         <file>driverlib.lib</file>
         <name>cpu.obj</name>
      </input_file>
      <input_file id="fl-e6">
         <path>C:\TI_CodeComposer\TivaWare\sensorlib\ccs\Debug\</path>
         <kind>archive</kind>
         <file>sensorlib.lib</file>
         <name>i2cm_drv.obj</name>
      </input_file>
      <input_file id="fl-e7">
         <path>C:\TI_CodeComposer\TivaWare\sensorlib\ccs\Debug\</path>
         <kind>archive</kind>
         <file>sensorlib.lib</file>
         <name>mpu9150.obj</name>
      </input_file>
      <input_file id="fl-e8">
         <path>C:\TI_CodeComposer\ccsv6\tools\compiler\ti-cgt-arm_15.12.1.LTS\lib\</path>
         <kind>archive</kind>
         <file>rtsv7M4_T_le_v4SPD16_eabi.lib</file>
         <name>fd_mul_t2.obj</name>
      </input_file>
      <input_file id="fl-e9">
         <path>C:\TI_CodeComposer\ccsv6\tools\compiler\ti-cgt-arm_15.12.1.LTS\lib\</path>
         <kind>archive</kind>
         <file>rtsv7M4_T_le_v4SPD16_eabi.lib</file>
         <name>fd_tos_t2.obj</name>
      </input_file>
      <input_file id="fl-ea">
         <path>C:\TI_CodeComposer\ccsv6\tools\compiler\ti-cgt-arm_15.12.1.LTS\lib\</path>
         <kind>archive</kind>
         <file>rtsv7M4_T_le_v4SPD16_eabi.lib</file>
         <name>fs_tod_t2.obj</name>
      </input_file>
      <input_file id="fl-eb">
         <path>C:\TI_CodeComposer\TivaWare\driverlib\ccs\Debug\</path>
         <kind>archive</kind>
         <file>driverlib.lib</file>
         <name>i2c.obj</name>
      </input_file>
   </input_file_list>
   <object_component_list>
      <object_component id="oc-f">
         <name>.intvecs</name>
         <load_address>0x0</load_address>
         <run_address>0x0</run_address>
         <size>0x200</size>
         <input_file_ref idref="fl-2"/>
      </object_component>
      <object_component id="oc-92">
         <name>.text</name>
         <load_address>0x200</load_address>
         <run_address>0x200</run_address>
         <size>0x1720</size>
         <input_file_ref idref="fl-b"/>
      </object_component>
      <object_component id="oc-185">
         <name>.text</name>
         <load_address>0x1920</load_address>
         <run_address>0x1920</run_address>
         <size>0x9ac</size>
         <input_file_ref idref="fl-a"/>
      </object_component>
      <object_component id="oc-f6">
         <name>.text</name>
         <load_address>0x22cc</load_address>
         <run_address>0x22cc</run_address>
         <size>0x538</size>
         <input_file_ref idref="fl-c"/>
      </object_component>
      <object_component id="oc-145">
         <name>.text</name>
         <load_address>0x2804</load_address>
         <run_address>0x2804</run_address>
         <size>0x49c</size>
         <input_file_ref idref="fl-6"/>
      </object_component>
      <object_component id="oc-1c2">
         <name>.text:SysCtlClockFreqSet</name>
         <load_address>0x2ca0</load_address>
         <run_address>0x2ca0</run_address>
         <size>0x1ec</size>
         <input_file_ref idref="fl-e3"/>
      </object_component>
      <object_component id="oc-105">
         <name>.text</name>
         <load_address>0x2e8c</load_address>
         <run_address>0x2e8c</run_address>
         <size>0x1b8</size>
         <input_file_ref idref="fl-4"/>
      </object_component>
      <object_component id="oc-151">
         <name>.text</name>
         <load_address>0x3044</load_address>
         <run_address>0x3044</run_address>
         <size>0x1a4</size>
         <input_file_ref idref="fl-10"/>
      </object_component>
      <object_component id="oc-312">
         <name>.text:MPU9150Callback</name>
         <load_address>0x31e8</load_address>
         <run_address>0x31e8</run_address>
         <size>0x194</size>
         <input_file_ref idref="fl-e7"/>
      </object_component>
      <object_component id="oc-22a">
         <name>.text</name>
         <load_address>0x337c</load_address>
         <run_address>0x337c</run_address>
         <size>0x13c</size>
         <input_file_ref idref="fl-12"/>
      </object_component>
      <object_component id="oc-39">
         <name>.text</name>
         <load_address>0x34b8</load_address>
         <run_address>0x34b8</run_address>
         <size>0x134</size>
         <input_file_ref idref="fl-d"/>
      </object_component>
      <object_component id="oc-258">
         <name>.text:GPIOPadConfigSet</name>
         <load_address>0x35ec</load_address>
         <run_address>0x35ec</run_address>
         <size>0x132</size>
         <input_file_ref idref="fl-e1"/>
      </object_component>
      <object_component id="oc-ea">
         <name>.text</name>
         <load_address>0x371e</load_address>
         <run_address>0x371e</run_address>
         <size>0x12a</size>
         <input_file_ref idref="fl-9"/>
      </object_component>
      <object_component id="oc-157">
         <name>.text</name>
         <load_address>0x3848</load_address>
         <run_address>0x3848</run_address>
         <size>0x124</size>
         <input_file_ref idref="fl-f"/>
      </object_component>
      <object_component id="oc-320">
         <name>.text</name>
         <load_address>0x396c</load_address>
         <run_address>0x396c</run_address>
         <size>0xfc</size>
         <input_file_ref idref="fl-e8"/>
      </object_component>
      <object_component id="oc-2e6">
         <name>.text:I2CMIntHandler</name>
         <load_address>0x3a68</load_address>
         <run_address>0x3a68</run_address>
         <size>0xf2</size>
         <input_file_ref idref="fl-e6"/>
      </object_component>
      <object_component id="oc-2d1">
         <name>.text</name>
         <load_address>0x3b5a</load_address>
         <run_address>0x3b5a</run_address>
         <size>0x2</size>
         <input_file_ref idref="fl-df"/>
      </object_component>
      <object_component id="oc-34">
         <name>.text</name>
         <load_address>0x3b5c</load_address>
         <run_address>0x3b5c</run_address>
         <size>0xd2</size>
         <input_file_ref idref="fl-e"/>
      </object_component>
      <object_component id="oc-67">
         <name>.text</name>
         <load_address>0x3c2e</load_address>
         <run_address>0x3c2e</run_address>
         <size>0x2</size>
         <input_file_ref idref="fl-d7"/>
      </object_component>
      <object_component id="oc-d2">
         <name>.text</name>
         <load_address>0x3c30</load_address>
         <run_address>0x3c30</run_address>
         <size>0xc0</size>
         <input_file_ref idref="fl-3"/>
      </object_component>
      <object_component id="oc-14b">
         <name>.text</name>
         <load_address>0x3cf0</load_address>
         <run_address>0x3cf0</run_address>
         <size>0xbc</size>
         <input_file_ref idref="fl-13"/>
      </object_component>
      <object_component id="oc-23c">
         <name>.text:MPU9150DataMagnetoGetFloat</name>
         <load_address>0x3dac</load_address>
         <run_address>0x3dac</run_address>
         <size>0x9c</size>
         <input_file_ref idref="fl-e7"/>
      </object_component>
      <object_component id="oc-42">
         <name>.text</name>
         <load_address>0x3e48</load_address>
         <run_address>0x3e48</run_address>
         <size>0x9c</size>
         <input_file_ref idref="fl-d5"/>
      </object_component>
      <object_component id="oc-3bd">
         <name>.text:I2CMStateIdle</name>
         <load_address>0x3ee4</load_address>
         <run_address>0x3ee4</run_address>
         <size>0x98</size>
         <input_file_ref idref="fl-e6"/>
      </object_component>
      <object_component id="oc-13f">
         <name>.text</name>
         <load_address>0x3f7c</load_address>
         <run_address>0x3f7c</run_address>
         <size>0x98</size>
         <input_file_ref idref="fl-5"/>
      </object_component>
      <object_component id="oc-30c">
         <name>.text:I2CMCommand</name>
         <load_address>0x4014</load_address>
         <run_address>0x4014</run_address>
         <size>0x88</size>
         <input_file_ref idref="fl-e6"/>
      </object_component>
      <object_component id="oc-5b">
         <name>.text</name>
         <load_address>0x409c</load_address>
         <run_address>0x409c</run_address>
         <size>0x7a</size>
         <input_file_ref idref="fl-d6"/>
      </object_component>
      <object_component id="oc-ca">
         <name>.text</name>
         <load_address>0x4116</load_address>
         <run_address>0x4116</run_address>
         <size>0x2</size>
         <input_file_ref idref="fl-e0"/>
      </object_component>
      <object_component id="oc-73">
         <name>.text</name>
         <load_address>0x4118</load_address>
         <run_address>0x4118</run_address>
         <size>0x70</size>
         <input_file_ref idref="fl-dd"/>
      </object_component>
      <object_component id="oc-325">
         <name>.text</name>
         <load_address>0x4188</load_address>
         <run_address>0x4188</run_address>
         <size>0x6e</size>
         <input_file_ref idref="fl-e9"/>
      </object_component>
      <object_component id="oc-230">
         <name>.text:MPU9150Init</name>
         <load_address>0x41f8</load_address>
         <run_address>0x41f8</run_address>
         <size>0x6c</size>
         <input_file_ref idref="fl-e7"/>
      </object_component>
      <object_component id="oc-4e">
         <name>.text</name>
         <load_address>0x4264</load_address>
         <run_address>0x4264</run_address>
         <size>0x6a</size>
         <input_file_ref idref="fl-d2"/>
      </object_component>
      <object_component id="oc-3e4">
         <name>.text:IntDisable</name>
         <load_address>0x42d0</load_address>
         <run_address>0x42d0</run_address>
         <size>0x68</size>
         <input_file_ref idref="fl-e2"/>
      </object_component>
      <object_component id="oc-3cd">
         <name>.text:IntEnable</name>
         <load_address>0x4338</load_address>
         <run_address>0x4338</run_address>
         <size>0x68</size>
         <input_file_ref idref="fl-e2"/>
      </object_component>
      <object_component id="oc-3de">
         <name>.text:IntIsEnabled</name>
         <load_address>0x43a0</load_address>
         <run_address>0x43a0</run_address>
         <size>0x64</size>
         <input_file_ref idref="fl-e2"/>
      </object_component>
      <object_component id="oc-236">
         <name>.text:MPU9150DataRead</name>
         <load_address>0x4404</load_address>
         <run_address>0x4404</run_address>
         <size>0x60</size>
         <input_file_ref idref="fl-e7"/>
      </object_component>
      <object_component id="oc-3ab">
         <name>.text:I2CMStateWritePause</name>
         <load_address>0x4464</load_address>
         <run_address>0x4464</run_address>
         <size>0x5e</size>
         <input_file_ref idref="fl-e6"/>
      </object_component>
      <object_component id="oc-24">
         <name>.text</name>
         <load_address>0x44c4</load_address>
         <run_address>0x44c4</run_address>
         <size>0x54</size>
         <input_file_ref idref="fl-d0"/>
      </object_component>
      <object_component id="oc-7f">
         <name>.text</name>
         <load_address>0x4518</load_address>
         <run_address>0x4518</run_address>
         <size>0x54</size>
         <input_file_ref idref="fl-d4"/>
      </object_component>
      <object_component id="oc-3b1">
         <name>.text:I2CMStateWriteFinal</name>
         <load_address>0x456c</load_address>
         <run_address>0x456c</run_address>
         <size>0x50</size>
         <input_file_ref idref="fl-e6"/>
      </object_component>
      <object_component id="oc-3c7">
         <name>.text:I2CMasterInitExpClk</name>
         <load_address>0x45bc</load_address>
         <run_address>0x45bc</run_address>
         <size>0x4c</size>
         <input_file_ref idref="fl-eb"/>
      </object_component>
      <object_component id="oc-c4">
         <name>.text</name>
         <load_address>0x4608</load_address>
         <run_address>0x4608</run_address>
         <size>0x4c</size>
         <input_file_ref idref="fl-de"/>
      </object_component>
      <object_component id="oc-399">
         <name>.text:I2CMStateReadNext</name>
         <load_address>0x4654</load_address>
         <run_address>0x4654</run_address>
         <size>0x4a</size>
         <input_file_ref idref="fl-e6"/>
      </object_component>
      <object_component id="oc-1ce">
         <name>.text:GPIOPinConfigure</name>
         <load_address>0x46a0</load_address>
         <run_address>0x46a0</run_address>
         <size>0x48</size>
         <input_file_ref idref="fl-e1"/>
      </object_component>
      <object_component id="oc-3b7">
         <name>.text:I2CMStateWriteNext</name>
         <load_address>0x46e8</load_address>
         <run_address>0x46e8</run_address>
         <size>0x48</size>
         <input_file_ref idref="fl-e6"/>
      </object_component>
      <object_component id="oc-29e">
         <name>.text:_SysCtlFrequencyGet</name>
         <load_address>0x4730</load_address>
         <run_address>0x4730</run_address>
         <size>0x48</size>
         <input_file_ref idref="fl-e3"/>
      </object_component>
      <object_component id="oc-1ea">
         <name>.text:UARTConfigSetExpClk</name>
         <load_address>0x4778</load_address>
         <run_address>0x4778</run_address>
         <size>0x46</size>
         <input_file_ref idref="fl-e4"/>
      </object_component>
      <object_component id="oc-381">
         <name>.text:I2CMStateCallback</name>
         <load_address>0x47be</load_address>
         <run_address>0x47be</run_address>
         <size>0x44</size>
         <input_file_ref idref="fl-e6"/>
      </object_component>
      <object_component id="oc-393">
         <name>.text:I2CMStateReadFinal</name>
         <load_address>0x4802</load_address>
         <run_address>0x4802</run_address>
         <size>0x42</size>
         <input_file_ref idref="fl-e6"/>
      </object_component>
      <object_component id="oc-20b">
         <name>.text</name>
         <load_address>0x4844</load_address>
         <run_address>0x4844</run_address>
         <size>0x40</size>
         <input_file_ref idref="fl-da"/>
      </object_component>
      <object_component id="oc-38d">
         <name>.text:I2CMStateReadPause</name>
         <load_address>0x4884</load_address>
         <run_address>0x4884</run_address>
         <size>0x3e</size>
         <input_file_ref idref="fl-e6"/>
      </object_component>
      <object_component id="oc-1e4">
         <name>.text:SysCtlPeripheralPresent</name>
         <load_address>0x48c4</load_address>
         <run_address>0x48c4</run_address>
         <size>0x38</size>
         <input_file_ref idref="fl-e3"/>
      </object_component>
      <object_component id="oc-31b">
         <name>.text</name>
         <load_address>0x48fc</load_address>
         <run_address>0x48fc</run_address>
         <size>0x38</size>
         <input_file_ref idref="fl-ea"/>
      </object_component>
      <object_component id="oc-2fe">
         <name>.text:I2CMWrite</name>
         <load_address>0x4934</load_address>
         <run_address>0x4934</run_address>
         <size>0x36</size>
         <input_file_ref idref="fl-10"/>
      </object_component>
      <object_component id="oc-2f8">
         <name>.text:I2CMInit</name>
         <load_address>0x496a</load_address>
         <run_address>0x496a</run_address>
         <size>0x34</size>
         <input_file_ref idref="fl-e6"/>
      </object_component>
      <object_component id="oc-224">
         <name>.text:IntRegister</name>
         <load_address>0x49a0</load_address>
         <run_address>0x49a0</run_address>
         <size>0x34</size>
         <input_file_ref idref="fl-e2"/>
      </object_component>
      <object_component id="oc-1c8">
         <name>.text:SysCtlPeripheralEnable</name>
         <load_address>0x49d4</load_address>
         <run_address>0x49d4</run_address>
         <size>0x34</size>
         <input_file_ref idref="fl-e3"/>
      </object_component>
      <object_component id="oc-2b5">
         <name>.text:GPIODirModeSet</name>
         <load_address>0x4a08</load_address>
         <run_address>0x4a08</run_address>
         <size>0x2a</size>
         <input_file_ref idref="fl-e1"/>
      </object_component>
      <object_component id="oc-39f">
         <name>.text:I2CMStateReadFirst</name>
         <load_address>0x4a32</load_address>
         <run_address>0x4a32</run_address>
         <size>0x2a</size>
         <input_file_ref idref="fl-e6"/>
      </object_component>
      <object_component id="oc-3a5">
         <name>.text:I2CMStateReadOne</name>
         <load_address>0x4a5c</load_address>
         <run_address>0x4a5c</run_address>
         <size>0x20</size>
         <input_file_ref idref="fl-e6"/>
      </object_component>
      <object_component id="oc-2c1">
         <name>.text:UARTDisable</name>
         <load_address>0x4a7c</load_address>
         <run_address>0x4a7c</run_address>
         <size>0x20</size>
         <input_file_ref idref="fl-e4"/>
      </object_component>
      <object_component id="oc-298">
         <name>.text:_SysCtlMemTimingGet</name>
         <load_address>0x4a9c</load_address>
         <run_address>0x4a9c</run_address>
         <size>0x20</size>
         <input_file_ref idref="fl-e3"/>
      </object_component>
      <object_component id="oc-387">
         <name>.text:I2CMStateReadWait</name>
         <load_address>0x4abc</load_address>
         <run_address>0x4abc</run_address>
         <size>0x1a</size>
         <input_file_ref idref="fl-e6"/>
      </object_component>
      <object_component id="oc-252">
         <name>.text:GPIOPinTypeGPIOOutput</name>
         <load_address>0x4ad6</load_address>
         <run_address>0x4ad6</run_address>
         <size>0x18</size>
         <input_file_ref idref="fl-e1"/>
      </object_component>
      <object_component id="oc-79">
         <name>.text</name>
         <load_address>0x4af0</load_address>
         <run_address>0x4af0</run_address>
         <size>0x18</size>
         <input_file_ref idref="fl-dc"/>
      </object_component>
      <object_component id="oc-1f0">
         <name>.text:UARTEnable</name>
         <load_address>0x4b08</load_address>
         <run_address>0x4b08</run_address>
         <size>0x14</size>
         <input_file_ref idref="fl-e4"/>
      </object_component>
      <object_component id="oc-167">
         <name>.text</name>
         <load_address>0x4b1c</load_address>
         <run_address>0x4b1c</run_address>
         <size>0x14</size>
         <input_file_ref idref="fl-db"/>
      </object_component>
      <object_component id="oc-2f2">
         <name>.text:GPIOPinTypeI2C</name>
         <load_address>0x4b30</load_address>
         <run_address>0x4b30</run_address>
         <size>0x12</size>
         <input_file_ref idref="fl-e1"/>
      </object_component>
      <object_component id="oc-2ec">
         <name>.text:GPIOPinTypeI2CSCL</name>
         <load_address>0x4b42</load_address>
         <run_address>0x4b42</run_address>
         <size>0x12</size>
         <input_file_ref idref="fl-e1"/>
      </object_component>
      <object_component id="oc-1d4">
         <name>.text:GPIOPinTypeUART</name>
         <load_address>0x4b54</load_address>
         <run_address>0x4b54</run_address>
         <size>0x12</size>
         <input_file_ref idref="fl-e1"/>
      </object_component>
      <object_component id="oc-12">
         <name>.text:decompress:none</name>
         <load_address>0x4b66</load_address>
         <run_address>0x4b66</run_address>
         <size>0xe</size>
         <input_file_ref idref="fl-d1"/>
      </object_component>
      <object_component id="oc-2e">
         <name>.text</name>
         <load_address>0x4b74</load_address>
         <run_address>0x4b74</run_address>
         <size>0xc</size>
         <input_file_ref idref="fl-2"/>
      </object_component>
      <object_component id="oc-3ea">
         <name>.text:IntTrigger</name>
         <load_address>0x4b80</load_address>
         <run_address>0x4b80</run_address>
         <size>0xc</size>
         <input_file_ref idref="fl-e2"/>
      </object_component>
      <object_component id="oc-420">
         <name>.text:I2CMasterEnable</name>
         <load_address>0x4b8c</load_address>
         <run_address>0x4b8c</run_address>
         <size>0xa</size>
         <input_file_ref idref="fl-eb"/>
      </object_component>
      <object_component id="oc-1fc">
         <name>.text:UARTCharGet</name>
         <load_address>0x4b96</load_address>
         <run_address>0x4b96</run_address>
         <size>0xa</size>
         <input_file_ref idref="fl-e4"/>
      </object_component>
      <object_component id="oc-1f6">
         <name>.text:UARTCharPut</name>
         <load_address>0x4ba0</load_address>
         <run_address>0x4ba0</run_address>
         <size>0xa</size>
         <input_file_ref idref="fl-e4"/>
      </object_component>
      <object_component id="oc-375">
         <name>.text:I2CMasterIntClear</name>
         <load_address>0x4baa</load_address>
         <run_address>0x4baa</run_address>
         <size>0x8</size>
         <input_file_ref idref="fl-eb"/>
      </object_component>
      <object_component id="oc-3d3">
         <name>.text:I2CMasterIntEnableEx</name>
         <load_address>0x4bb2</load_address>
         <run_address>0x4bb2</run_address>
         <size>0x8</size>
         <input_file_ref idref="fl-eb"/>
      </object_component>
      <object_component id="oc-40c">
         <name>.text:I2CMasterSlaveAddrSet</name>
         <load_address>0x4bba</load_address>
         <run_address>0x4bba</run_address>
         <size>0x8</size>
         <input_file_ref idref="fl-eb"/>
      </object_component>
      <object_component id="oc-25e">
         <name>.text:GPIOPinRead</name>
         <load_address>0x4bc2</load_address>
         <run_address>0x4bc2</run_address>
         <size>0x6</size>
         <input_file_ref idref="fl-e1"/>
      </object_component>
      <object_component id="oc-264">
         <name>.text:GPIOPinWrite</name>
         <load_address>0x4bc8</load_address>
         <run_address>0x4bc8</run_address>
         <size>0x6</size>
         <input_file_ref idref="fl-e1"/>
      </object_component>
      <object_component id="oc-1da">
         <name>.text:UARTClockSourceSet</name>
         <load_address>0x4bce</load_address>
         <run_address>0x4bce</run_address>
         <size>0x6</size>
         <input_file_ref idref="fl-e4"/>
      </object_component>
      <object_component id="oc-18">
         <name>.text:decompress:rle24</name>
         <load_address>0x4bd4</load_address>
         <run_address>0x4bd4</run_address>
         <size>0x6</size>
         <input_file_ref idref="fl-d2"/>
      </object_component>
      <object_component id="oc-37b">
         <name>.text:I2CMasterControl</name>
         <load_address>0x4bda</load_address>
         <run_address>0x4bda</run_address>
         <size>0x4</size>
         <input_file_ref idref="fl-eb"/>
      </object_component>
      <object_component id="oc-402">
         <name>.text:I2CMasterDataGet</name>
         <load_address>0x4bde</load_address>
         <run_address>0x4bde</run_address>
         <size>0x4</size>
         <input_file_ref idref="fl-eb"/>
      </object_component>
      <object_component id="oc-414">
         <name>.text:I2CMasterDataPut</name>
         <load_address>0x4be2</load_address>
         <run_address>0x4be2</run_address>
         <size>0x4</size>
         <input_file_ref idref="fl-eb"/>
      </object_component>
      <object_component id="oc-6d">
         <name>.text</name>
         <load_address>0x4be6</load_address>
         <run_address>0x4be6</run_address>
         <size>0x4</size>
         <input_file_ref idref="fl-d8"/>
      </object_component>
      <object_component id="oc-2a7">
         <name>.const:g_pppui32XTALtoVCO</name>
         <load_address>0x4bec</load_address>
         <run_address>0x4bec</run_address>
         <size>0x1b0</size>
         <input_file_ref idref="fl-e3"/>
      </object_component>
      <object_component id="oc-2b0">
         <name>.const:g_pui32GPIOBaseAddrs</name>
         <load_address>0x4d9c</load_address>
         <run_address>0x4d9c</run_address>
         <size>0x90</size>
         <input_file_ref idref="fl-e1"/>
      </object_component>
      <object_component id="oc-427">
         <name>.const</name>
         <load_address>0x4e2c</load_address>
         <run_address>0x4e2c</run_address>
         <size>0x70</size>
         <input_file_ref idref="fl-e2"/>
      </object_component>
      <object_component id="oc-2a4">
         <name>.const:g_pui32Xtals</name>
         <load_address>0x4e9c</load_address>
         <run_address>0x4e9c</run_address>
         <size>0x6c</size>
         <input_file_ref idref="fl-e3"/>
      </object_component>
      <object_component id="oc-356">
         <name>.const:g_sXTALtoMEMTIM</name>
         <load_address>0x4f08</load_address>
         <run_address>0x4f08</run_address>
         <size>0x30</size>
         <input_file_ref idref="fl-e3"/>
      </object_component>
      <object_component id="oc-2d8">
         <name>.const:.string</name>
         <load_address>0x4f38</load_address>
         <run_address>0x4f38</run_address>
         <size>0x12</size>
         <input_file_ref idref="fl-6"/>
      </object_component>
      <object_component id="oc-1b0">
         <name>.const</name>
         <load_address>0x4f4a</load_address>
         <run_address>0x4f4a</run_address>
         <size>0x2</size>
         <input_file_ref idref="fl-4"/>
      </object_component>
      <object_component id="oc-208">
         <name>.const:g_ui32UARTBase</name>
         <load_address>0x4f4c</load_address>
         <run_address>0x4f4c</run_address>
         <size>0xc</size>
         <input_file_ref idref="fl-6"/>
      </object_component>
      <object_component id="oc-202">
         <name>.const:g_ui32UARTPeriph</name>
         <load_address>0x4f58</load_address>
         <run_address>0x4f58</run_address>
         <size>0xc</size>
         <input_file_ref idref="fl-6"/>
      </object_component>
      <object_component id="oc-2aa">
         <name>.const</name>
         <load_address>0x4f64</load_address>
         <run_address>0x4f64</run_address>
         <size>0x8</size>
         <input_file_ref idref="fl-e3"/>
      </object_component>
      <object_component id="oc-8f">
         <name>.const</name>
         <load_address>0x4f6c</load_address>
         <run_address>0x4f6c</run_address>
         <size>0x4</size>
         <input_file_ref idref="fl-d"/>
      </object_component>
      <object_component id="oc-210">
         <name>.const</name>
         <load_address>0x4f70</load_address>
         <run_address>0x4f70</run_address>
         <size>0x4</size>
         <input_file_ref idref="fl-6"/>
      </object_component>
      <object_component id="oc-459">
         <name>.cinit..data.load</name>
         <load_address>0x4f78</load_address>
         <run_address>0x4f78</run_address>
         <size>0x3a</size>
      </object_component>
      <object_component id="oc-45a">
         <name>.cinit..bss.load</name>
         <load_address>0x4fb8</load_address>
         <run_address>0x4fb8</run_address>
         <size>0xb</size>
      </object_component>
      <object_component id="oc-458">
         <name>.cinit..vtable.load</name>
         <load_address>0x4fc8</load_address>
         <run_address>0x4fc8</run_address>
         <size>0xb</size>
      </object_component>
      <object_component id="oc-456">
         <name>__TI_handler_table</name>
         <load_address>0x4fd4</load_address>
         <run_address>0x4fd4</run_address>
         <size>0x8</size>
      </object_component>
      <object_component id="oc-457">
         <name>__TI_cinit_table</name>
         <load_address>0x4fdc</load_address>
         <run_address>0x4fdc</run_address>
         <size>0x18</size>
      </object_component>
      <object_component id="oc-2e1">
         <name>.vtable</name>
         <uninitialized>true</uninitialized>
         <run_address>0x20000000</run_address>
         <size>0x26c</size>
         <input_file_ref idref="fl-e2"/>
      </object_component>
      <object_component id="oc-242">
         <name>.data</name>
         <load_address>0x2000d215</load_address>
         <run_address>0x2000d215</run_address>
         <size>0x1</size>
         <input_file_ref idref="fl-3"/>
      </object_component>
      <object_component id="oc-1a4">
         <name>.data</name>
         <load_address>0x2000d24c</load_address>
         <run_address>0x2000d24c</run_address>
         <size>0x8</size>
         <input_file_ref idref="fl-4"/>
      </object_component>
      <object_component id="oc-1e0">
         <name>.data</name>
         <load_address>0x2000d218</load_address>
         <run_address>0x2000d218</run_address>
         <size>0x10</size>
         <input_file_ref idref="fl-5"/>
      </object_component>
      <object_component id="oc-205">
         <name>.data</name>
         <load_address>0x2000d264</load_address>
         <run_address>0x2000d264</run_address>
         <size>0x5</size>
         <input_file_ref idref="fl-6"/>
      </object_component>
      <object_component id="oc-8c">
         <name>.data</name>
         <load_address>0x2000d1cc</load_address>
         <run_address>0x2000d1cc</run_address>
         <size>0x30</size>
         <input_file_ref idref="fl-b"/>
      </object_component>
      <object_component id="oc-18b">
         <name>.data</name>
         <load_address>0x2000d25c</load_address>
         <run_address>0x2000d25c</run_address>
         <size>0x8</size>
         <input_file_ref idref="fl-c"/>
      </object_component>
      <object_component id="oc-99">
         <name>.data</name>
         <load_address>0x2000d254</load_address>
         <run_address>0x2000d254</run_address>
         <size>0x8</size>
         <input_file_ref idref="fl-d"/>
      </object_component>
      <object_component id="oc-24e">
         <name>.data</name>
         <load_address>0x2000d244</load_address>
         <run_address>0x2000d244</run_address>
         <size>0x8</size>
         <input_file_ref idref="fl-f"/>
      </object_component>
      <object_component id="oc-245">
         <name>.data</name>
         <load_address>0x2000d1fc</load_address>
         <run_address>0x2000d1fc</run_address>
         <size>0x19</size>
         <input_file_ref idref="fl-12"/>
      </object_component>
      <object_component id="oc-308">
         <name>.data:I2C7WriteData</name>
         <load_address>0x2000d23c</load_address>
         <run_address>0x2000d23c</run_address>
         <size>0x8</size>
         <input_file_ref idref="fl-12"/>
      </object_component>
      <object_component id="oc-21a">
         <name>.data</name>
         <load_address>0x2000d26c</load_address>
         <run_address>0x2000d26c</run_address>
         <size>0x4</size>
         <input_file_ref idref="fl-13"/>
      </object_component>
      <object_component id="oc-da">
         <name>.data:$O1$$</name>
         <load_address>0x2000d228</load_address>
         <run_address>0x2000d228</run_address>
         <size>0xc</size>
         <input_file_ref idref="fl-d4"/>
      </object_component>
      <object_component id="oc-85">
         <name>.data</name>
         <load_address>0x2000d270</load_address>
         <run_address>0x2000d270</run_address>
         <size>0x4</size>
         <input_file_ref idref="fl-d9"/>
      </object_component>
      <object_component id="oc-dd">
         <name>.data:$O1$$</name>
         <load_address>0x2000d234</load_address>
         <run_address>0x2000d234</run_address>
         <size>0x8</size>
         <input_file_ref idref="fl-db"/>
      </object_component>
      <object_component id="oc-2b">
         <name>.bss:pulStack</name>
         <uninitialized>true</uninitialized>
         <run_address>0x2000c6e4</run_address>
         <size>0x100</size>
         <input_file_ref idref="fl-2"/>
      </object_component>
      <object_component id="oc-1aa">
         <name>.bss:xHeap</name>
         <uninitialized>true</uninitialized>
         <run_address>0x20000270</run_address>
         <size>0xc350</size>
         <input_file_ref idref="fl-4"/>
      </object_component>
      <object_component id="oc-1a7">
         <name>.bss:xStart</name>
         <uninitialized>true</uninitialized>
         <run_address>0x2000c9bc</run_address>
         <size>0x8</size>
         <input_file_ref idref="fl-4"/>
      </object_component>
      <object_component id="oc-1ad">
         <name>.bss:xEnd</name>
         <uninitialized>true</uninitialized>
         <run_address>0x2000c9b4</run_address>
         <size>0x8</size>
         <input_file_ref idref="fl-4"/>
      </object_component>
      <object_component id="oc-f0">
         <name>.bss:pxReadyTasksLists</name>
         <uninitialized>true</uninitialized>
         <run_address>0x2000c850</run_address>
         <size>0x64</size>
         <input_file_ref idref="fl-b"/>
      </object_component>
      <object_component id="oc-10b">
         <name>.bss:xDelayedTaskList1</name>
         <uninitialized>true</uninitialized>
         <run_address>0x2000c934</run_address>
         <size>0x14</size>
         <input_file_ref idref="fl-b"/>
      </object_component>
      <object_component id="oc-10e">
         <name>.bss:xDelayedTaskList2</name>
         <uninitialized>true</uninitialized>
         <run_address>0x2000c948</run_address>
         <size>0x14</size>
         <input_file_ref idref="fl-b"/>
      </object_component>
      <object_component id="oc-102">
         <name>.bss</name>
         <uninitialized>true</uninitialized>
         <run_address>0x2000c9a4</run_address>
         <size>0x8</size>
         <input_file_ref idref="fl-b"/>
      </object_component>
      <object_component id="oc-ff">
         <name>.bss:xPendingReadyList</name>
         <uninitialized>true</uninitialized>
         <run_address>0x2000c95c</run_address>
         <size>0x14</size>
         <input_file_ref idref="fl-b"/>
      </object_component>
      <object_component id="oc-f3">
         <name>.bss:xTasksWaitingTermination</name>
         <uninitialized>true</uninitialized>
         <run_address>0x2000c984</run_address>
         <size>0x14</size>
         <input_file_ref idref="fl-b"/>
      </object_component>
      <object_component id="oc-fc">
         <name>.bss:xSuspendedTaskList</name>
         <uninitialized>true</uninitialized>
         <run_address>0x2000c970</run_address>
         <size>0x14</size>
         <input_file_ref idref="fl-b"/>
      </object_component>
      <object_component id="oc-191">
         <name>.bss:xActiveTimerList1</name>
         <uninitialized>true</uninitialized>
         <run_address>0x2000c90c</run_address>
         <size>0x14</size>
         <input_file_ref idref="fl-c"/>
      </object_component>
      <object_component id="oc-194">
         <name>.bss:xActiveTimerList2</name>
         <uninitialized>true</uninitialized>
         <run_address>0x2000c920</run_address>
         <size>0x14</size>
         <input_file_ref idref="fl-c"/>
      </object_component>
      <object_component id="oc-18e">
         <name>.bss</name>
         <uninitialized>true</uninitialized>
         <run_address>0x2000c9ac</run_address>
         <size>0x8</size>
         <input_file_ref idref="fl-c"/>
      </object_component>
      <object_component id="oc-274">
         <name>.common:xQueueRegistry</name>
         <uninitialized>true</uninitialized>
         <run_address>0x2000c8b4</run_address>
         <size>0x40</size>
      </object_component>
      <object_component id="oc-26a">
         <name>.common:LED_Data</name>
         <uninitialized>true</uninitialized>
         <run_address>0x2000c9c4</run_address>
         <size>0x4</size>
      </object_component>
      <object_component id="oc-24c">
         <name>.common:fMagneto</name>
         <uninitialized>true</uninitialized>
         <run_address>0x2000c998</run_address>
         <size>0xc</size>
      </object_component>
      <object_component id="oc-248">
         <name>.common:sMPU9150</name>
         <uninitialized>true</uninitialized>
         <run_address>0x2000c7e4</run_address>
         <size>0x6c</size>
      </object_component>
      <object_component id="oc-24b">
         <name>.common:g_bMPU9150Done</name>
         <uninitialized>true</uninitialized>
         <run_address>0x2000c9c8</run_address>
         <size>0x1</size>
      </object_component>
      <object_component id="oc-24d">
         <name>.common:magnetometerReport</name>
         <uninitialized>true</uninitialized>
         <run_address>0x2000c8f4</run_address>
         <size>0x18</size>
      </object_component>
      <object_component id="oc-305">
         <name>.common:I2C7_Instance</name>
         <uninitialized>true</uninitialized>
         <run_address>0x2000c5c0</run_address>
         <size>0x124</size>
      </object_component>
      <object_component id="oc-2a">
         <name>.stack</name>
         <uninitialized>true</uninitialized>
         <run_address>0x2000c9cc</run_address>
         <size>0x0</size>
         <input_file_ref idref="fl-d0"/>
      </object_component>
      <object_component id="oc-45b">
         <name>.stack</name>
         <uninitialized>true</uninitialized>
         <run_address>0x2000c9cc</run_address>
         <size>0x0</size>
      </object_component>
      <object_component id="oc-41">
         <name>.debug_info</name>
         <load_address>0x0</load_address>
         <run_address>0x0</run_address>
         <size>0x178</size>
         <input_file_ref idref="fl-2"/>
      </object_component>
      <object_component id="oc-2c">
         <name>.debug_info</name>
         <load_address>0x178</load_address>
         <run_address>0x178</run_address>
         <size>0xe7</size>
         <input_file_ref idref="fl-2"/>
      </object_component>
      <object_component id="oc-10">
         <name>.debug_info</name>
         <load_address>0x25f</load_address>
         <run_address>0x25f</run_address>
         <size>0xf0</size>
         <input_file_ref idref="fl-2"/>
      </object_component>
      <object_component id="oc-2f">
         <name>.debug_info</name>
         <load_address>0x34f</load_address>
         <run_address>0x34f</run_address>
         <size>0x29c</size>
         <input_file_ref idref="fl-2"/>
      </object_component>
      <object_component id="oc-aa">
         <name>.debug_info</name>
         <load_address>0x5eb</load_address>
         <run_address>0x5eb</run_address>
         <size>0x84</size>
         <input_file_ref idref="fl-2"/>
      </object_component>
      <object_component id="oc-117">
         <name>.debug_info</name>
         <load_address>0x66f</load_address>
         <run_address>0x66f</run_address>
         <size>0x18b</size>
         <input_file_ref idref="fl-2"/>
      </object_component>
      <object_component id="oc-215">
         <name>.debug_info</name>
         <load_address>0x7fa</load_address>
         <run_address>0x7fa</run_address>
         <size>0x4e</size>
         <input_file_ref idref="fl-2"/>
      </object_component>
      <object_component id="oc-12a">
         <name>.debug_info</name>
         <load_address>0x848</load_address>
         <run_address>0x848</run_address>
         <size>0x2fa</size>
         <input_file_ref idref="fl-3"/>
      </object_component>
      <object_component id="oc-243">
         <name>.debug_info</name>
         <load_address>0xb42</load_address>
         <run_address>0xb42</run_address>
         <size>0xeb</size>
         <input_file_ref idref="fl-3"/>
      </object_component>
      <object_component id="oc-d3">
         <name>.debug_info</name>
         <load_address>0xc2d</load_address>
         <run_address>0xc2d</run_address>
         <size>0x1c2</size>
         <input_file_ref idref="fl-3"/>
      </object_component>
      <object_component id="oc-112">
         <name>.debug_info</name>
         <load_address>0xdef</load_address>
         <run_address>0xdef</run_address>
         <size>0x2ef</size>
         <input_file_ref idref="fl-3"/>
      </object_component>
      <object_component id="oc-12b">
         <name>.debug_info</name>
         <load_address>0x10de</load_address>
         <run_address>0x10de</run_address>
         <size>0x8b</size>
         <input_file_ref idref="fl-3"/>
      </object_component>
      <object_component id="oc-9e">
         <name>.debug_info</name>
         <load_address>0x1169</load_address>
         <run_address>0x1169</run_address>
         <size>0x2c</size>
         <input_file_ref idref="fl-3"/>
      </object_component>
      <object_component id="oc-a3">
         <name>.debug_info</name>
         <load_address>0x1195</load_address>
         <run_address>0x1195</run_address>
         <size>0xae</size>
         <input_file_ref idref="fl-3"/>
      </object_component>
      <object_component id="oc-125">
         <name>.debug_info</name>
         <load_address>0x1243</load_address>
         <run_address>0x1243</run_address>
         <size>0x14c</size>
         <input_file_ref idref="fl-3"/>
      </object_component>
      <object_component id="oc-1b4">
         <name>.debug_info</name>
         <load_address>0x138f</load_address>
         <run_address>0x138f</run_address>
         <size>0x1bd</size>
         <input_file_ref idref="fl-4"/>
      </object_component>
      <object_component id="oc-1ab">
         <name>.debug_info</name>
         <load_address>0x154c</load_address>
         <run_address>0x154c</run_address>
         <size>0xc9</size>
         <input_file_ref idref="fl-4"/>
      </object_component>
      <object_component id="oc-1b1">
         <name>.debug_info</name>
         <load_address>0x1615</load_address>
         <run_address>0x1615</run_address>
         <size>0xdd</size>
         <input_file_ref idref="fl-4"/>
      </object_component>
      <object_component id="oc-1a8">
         <name>.debug_info</name>
         <load_address>0x16f2</load_address>
         <run_address>0x16f2</run_address>
         <size>0xcb</size>
         <input_file_ref idref="fl-4"/>
      </object_component>
      <object_component id="oc-1ae">
         <name>.debug_info</name>
         <load_address>0x17bd</load_address>
         <run_address>0x17bd</run_address>
         <size>0xc7</size>
         <input_file_ref idref="fl-4"/>
      </object_component>
      <object_component id="oc-1a5">
         <name>.debug_info</name>
         <load_address>0x1884</load_address>
         <run_address>0x1884</run_address>
         <size>0xe5</size>
         <input_file_ref idref="fl-4"/>
      </object_component>
      <object_component id="oc-106">
         <name>.debug_info</name>
         <load_address>0x1969</load_address>
         <run_address>0x1969</run_address>
         <size>0x477</size>
         <input_file_ref idref="fl-4"/>
      </object_component>
      <object_component id="oc-17a">
         <name>.debug_info</name>
         <load_address>0x1de0</load_address>
         <run_address>0x1de0</run_address>
         <size>0x110</size>
         <input_file_ref idref="fl-4"/>
      </object_component>
      <object_component id="oc-28b">
         <name>.debug_info</name>
         <load_address>0x1ef0</load_address>
         <run_address>0x1ef0</run_address>
         <size>0x99</size>
         <input_file_ref idref="fl-4"/>
      </object_component>
      <object_component id="oc-1e1">
         <name>.debug_info</name>
         <load_address>0x1f89</load_address>
         <run_address>0x1f89</run_address>
         <size>0x18e</size>
         <input_file_ref idref="fl-5"/>
      </object_component>
      <object_component id="oc-140">
         <name>.debug_info</name>
         <load_address>0x2117</load_address>
         <run_address>0x2117</run_address>
         <size>0x317</size>
         <input_file_ref idref="fl-5"/>
      </object_component>
      <object_component id="oc-214">
         <name>.debug_info</name>
         <load_address>0x242e</load_address>
         <run_address>0x242e</run_address>
         <size>0x241</size>
         <input_file_ref idref="fl-6"/>
      </object_component>
      <object_component id="oc-206">
         <name>.debug_info</name>
         <load_address>0x266f</load_address>
         <run_address>0x266f</run_address>
         <size>0xde</size>
         <input_file_ref idref="fl-6"/>
      </object_component>
      <object_component id="oc-211">
         <name>.debug_info</name>
         <load_address>0x274d</load_address>
         <run_address>0x274d</run_address>
         <size>0xd8</size>
         <input_file_ref idref="fl-6"/>
      </object_component>
      <object_component id="oc-209">
         <name>.debug_info</name>
         <load_address>0x2825</load_address>
         <run_address>0x2825</run_address>
         <size>0xe6</size>
         <input_file_ref idref="fl-6"/>
      </object_component>
      <object_component id="oc-203">
         <name>.debug_info</name>
         <load_address>0x290b</load_address>
         <run_address>0x290b</run_address>
         <size>0xea</size>
         <input_file_ref idref="fl-6"/>
      </object_component>
      <object_component id="oc-146">
         <name>.debug_info</name>
         <load_address>0x29f5</load_address>
         <run_address>0x29f5</run_address>
         <size>0x7e7</size>
         <input_file_ref idref="fl-6"/>
      </object_component>
      <object_component id="oc-271">
         <name>.debug_info</name>
         <load_address>0x31dc</load_address>
         <run_address>0x31dc</run_address>
         <size>0x427</size>
         <input_file_ref idref="fl-8"/>
      </object_component>
      <object_component id="oc-345">
         <name>.debug_info</name>
         <load_address>0x3603</load_address>
         <run_address>0x3603</run_address>
         <size>0x39</size>
         <input_file_ref idref="fl-8"/>
      </object_component>
      <object_component id="oc-175">
         <name>.debug_info</name>
         <load_address>0x363c</load_address>
         <run_address>0x363c</run_address>
         <size>0x46</size>
         <input_file_ref idref="fl-8"/>
      </object_component>
      <object_component id="oc-34a">
         <name>.debug_info</name>
         <load_address>0x3682</load_address>
         <run_address>0x3682</run_address>
         <size>0x76</size>
         <input_file_ref idref="fl-8"/>
      </object_component>
      <object_component id="oc-180">
         <name>.debug_info</name>
         <load_address>0x36f8</load_address>
         <run_address>0x36f8</run_address>
         <size>0x136</size>
         <input_file_ref idref="fl-9"/>
      </object_component>
      <object_component id="oc-eb">
         <name>.debug_info</name>
         <load_address>0x382e</load_address>
         <run_address>0x382e</run_address>
         <size>0x577</size>
         <input_file_ref idref="fl-9"/>
      </object_component>
      <object_component id="oc-275">
         <name>.debug_info</name>
         <load_address>0x3da5</load_address>
         <run_address>0x3da5</run_address>
         <size>0x649</size>
         <input_file_ref idref="fl-a"/>
      </object_component>
      <object_component id="oc-186">
         <name>.debug_info</name>
         <load_address>0x43ee</load_address>
         <run_address>0x43ee</run_address>
         <size>0x2c6c</size>
         <input_file_ref idref="fl-a"/>
      </object_component>
      <object_component id="oc-351">
         <name>.debug_info</name>
         <load_address>0x705a</load_address>
         <run_address>0x705a</run_address>
         <size>0x1cd</size>
         <input_file_ref idref="fl-a"/>
      </object_component>
      <object_component id="oc-278">
         <name>.debug_info</name>
         <load_address>0x7227</load_address>
         <run_address>0x7227</run_address>
         <size>0x46</size>
         <input_file_ref idref="fl-a"/>
      </object_component>
      <object_component id="oc-e7">
         <name>.debug_info</name>
         <load_address>0x726d</load_address>
         <run_address>0x726d</run_address>
         <size>0x59a</size>
         <input_file_ref idref="fl-b"/>
      </object_component>
      <object_component id="oc-8d">
         <name>.debug_info</name>
         <load_address>0x7807</load_address>
         <run_address>0x7807</run_address>
         <size>0x300</size>
         <input_file_ref idref="fl-b"/>
      </object_component>
      <object_component id="oc-f1">
         <name>.debug_info</name>
         <load_address>0x7b07</load_address>
         <run_address>0x7b07</run_address>
         <size>0xfc</size>
         <input_file_ref idref="fl-b"/>
      </object_component>
      <object_component id="oc-10c">
         <name>.debug_info</name>
         <load_address>0x7c03</load_address>
         <run_address>0x7c03</run_address>
         <size>0xfc</size>
         <input_file_ref idref="fl-b"/>
      </object_component>
      <object_component id="oc-10f">
         <name>.debug_info</name>
         <load_address>0x7cff</load_address>
         <run_address>0x7cff</run_address>
         <size>0xfc</size>
         <input_file_ref idref="fl-b"/>
      </object_component>
      <object_component id="oc-103">
         <name>.debug_info</name>
         <load_address>0x7dfb</load_address>
         <run_address>0x7dfb</run_address>
         <size>0x13e</size>
         <input_file_ref idref="fl-b"/>
      </object_component>
      <object_component id="oc-100">
         <name>.debug_info</name>
         <load_address>0x7f39</load_address>
         <run_address>0x7f39</run_address>
         <size>0xfc</size>
         <input_file_ref idref="fl-b"/>
      </object_component>
      <object_component id="oc-f4">
         <name>.debug_info</name>
         <load_address>0x8035</load_address>
         <run_address>0x8035</run_address>
         <size>0x10a</size>
         <input_file_ref idref="fl-b"/>
      </object_component>
      <object_component id="oc-fd">
         <name>.debug_info</name>
         <load_address>0x813f</load_address>
         <run_address>0x813f</run_address>
         <size>0xfe</size>
         <input_file_ref idref="fl-b"/>
      </object_component>
      <object_component id="oc-93">
         <name>.debug_info</name>
         <load_address>0x823d</load_address>
         <run_address>0x823d</run_address>
         <size>0x4b58</size>
         <input_file_ref idref="fl-b"/>
      </object_component>
      <object_component id="oc-11c">
         <name>.debug_info</name>
         <load_address>0xcd95</load_address>
         <run_address>0xcd95</run_address>
         <size>0x169</size>
         <input_file_ref idref="fl-b"/>
      </object_component>
      <object_component id="oc-198">
         <name>.debug_info</name>
         <load_address>0xcefe</load_address>
         <run_address>0xcefe</run_address>
         <size>0x643</size>
         <input_file_ref idref="fl-c"/>
      </object_component>
      <object_component id="oc-192">
         <name>.debug_info</name>
         <load_address>0xd541</load_address>
         <run_address>0xd541</run_address>
         <size>0xfd</size>
         <input_file_ref idref="fl-c"/>
      </object_component>
      <object_component id="oc-195">
         <name>.debug_info</name>
         <load_address>0xd63e</load_address>
         <run_address>0xd63e</run_address>
         <size>0xfd</size>
         <input_file_ref idref="fl-c"/>
      </object_component>
      <object_component id="oc-18f">
         <name>.debug_info</name>
         <load_address>0xd73b</load_address>
         <run_address>0xd73b</run_address>
         <size>0x135</size>
         <input_file_ref idref="fl-c"/>
      </object_component>
      <object_component id="oc-18c">
         <name>.debug_info</name>
         <load_address>0xd870</load_address>
         <run_address>0xd870</run_address>
         <size>0xf1</size>
         <input_file_ref idref="fl-c"/>
      </object_component>
      <object_component id="oc-f7">
         <name>.debug_info</name>
         <load_address>0xd961</load_address>
         <run_address>0xd961</run_address>
         <size>0x1968</size>
         <input_file_ref idref="fl-c"/>
      </object_component>
      <object_component id="oc-199">
         <name>.debug_info</name>
         <load_address>0xf2c9</load_address>
         <run_address>0xf2c9</run_address>
         <size>0x1ce</size>
         <input_file_ref idref="fl-c"/>
      </object_component>
      <object_component id="oc-9d">
         <name>.debug_info</name>
         <load_address>0xf497</load_address>
         <run_address>0xf497</run_address>
         <size>0x20c</size>
         <input_file_ref idref="fl-d"/>
      </object_component>
      <object_component id="oc-90">
         <name>.debug_info</name>
         <load_address>0xf6a3</load_address>
         <run_address>0xf6a3</run_address>
         <size>0x12a</size>
         <input_file_ref idref="fl-d"/>
      </object_component>
      <object_component id="oc-9a">
         <name>.debug_info</name>
         <load_address>0xf7cd</load_address>
         <run_address>0xf7cd</run_address>
         <size>0x145</size>
         <input_file_ref idref="fl-d"/>
      </object_component>
      <object_component id="oc-3a">
         <name>.debug_info</name>
         <load_address>0xf912</load_address>
         <run_address>0xf912</run_address>
         <size>0x7f6</size>
         <input_file_ref idref="fl-d"/>
      </object_component>
      <object_component id="oc-35">
         <name>.debug_info</name>
         <load_address>0x10108</load_address>
         <run_address>0x10108</run_address>
         <size>0x262</size>
         <input_file_ref idref="fl-e"/>
      </object_component>
      <object_component id="oc-26b">
         <name>.debug_info</name>
         <load_address>0x1036a</load_address>
         <run_address>0x1036a</run_address>
         <size>0x2de</size>
         <input_file_ref idref="fl-f"/>
      </object_component>
      <object_component id="oc-24f">
         <name>.debug_info</name>
         <load_address>0x10648</load_address>
         <run_address>0x10648</run_address>
         <size>0x104</size>
         <input_file_ref idref="fl-f"/>
      </object_component>
      <object_component id="oc-158">
         <name>.debug_info</name>
         <load_address>0x1074c</load_address>
         <run_address>0x1074c</run_address>
         <size>0x2c2</size>
         <input_file_ref idref="fl-f"/>
      </object_component>
      <object_component id="oc-249">
         <name>.debug_info</name>
         <load_address>0x10a0e</load_address>
         <run_address>0x10a0e</run_address>
         <size>0x59e</size>
         <input_file_ref idref="fl-10"/>
      </object_component>
      <object_component id="oc-2ff">
         <name>.debug_info</name>
         <load_address>0x10fac</load_address>
         <run_address>0x10fac</run_address>
         <size>0x279</size>
         <input_file_ref idref="fl-10"/>
      </object_component>
      <object_component id="oc-152">
         <name>.debug_info</name>
         <load_address>0x11225</load_address>
         <run_address>0x11225</run_address>
         <size>0x3a8</size>
         <input_file_ref idref="fl-10"/>
      </object_component>
      <object_component id="oc-331">
         <name>.debug_info</name>
         <load_address>0x115cd</load_address>
         <run_address>0x115cd</run_address>
         <size>0x4e6</size>
         <input_file_ref idref="fl-10"/>
      </object_component>
      <object_component id="oc-3f4">
         <name>.debug_info</name>
         <load_address>0x11ab3</load_address>
         <run_address>0x11ab3</run_address>
         <size>0x108</size>
         <input_file_ref idref="fl-10"/>
      </object_component>
      <object_component id="oc-336">
         <name>.debug_info</name>
         <load_address>0x11bbb</load_address>
         <run_address>0x11bbb</run_address>
         <size>0x16c</size>
         <input_file_ref idref="fl-10"/>
      </object_component>
      <object_component id="oc-21f">
         <name>.debug_info</name>
         <load_address>0x11d27</load_address>
         <run_address>0x11d27</run_address>
         <size>0xdf</size>
         <input_file_ref idref="fl-10"/>
      </object_component>
      <object_component id="oc-306">
         <name>.debug_info</name>
         <load_address>0x11e06</load_address>
         <run_address>0x11e06</run_address>
         <size>0x47a</size>
         <input_file_ref idref="fl-12"/>
      </object_component>
      <object_component id="oc-246">
         <name>.debug_info</name>
         <load_address>0x12280</load_address>
         <run_address>0x12280</run_address>
         <size>0x211</size>
         <input_file_ref idref="fl-12"/>
      </object_component>
      <object_component id="oc-309">
         <name>.debug_info</name>
         <load_address>0x12491</load_address>
         <run_address>0x12491</run_address>
         <size>0xeb</size>
         <input_file_ref idref="fl-12"/>
      </object_component>
      <object_component id="oc-22b">
         <name>.debug_info</name>
         <load_address>0x1257c</load_address>
         <run_address>0x1257c</run_address>
         <size>0x454</size>
         <input_file_ref idref="fl-12"/>
      </object_component>
      <object_component id="oc-21e">
         <name>.debug_info</name>
         <load_address>0x129d0</load_address>
         <run_address>0x129d0</run_address>
         <size>0x224</size>
         <input_file_ref idref="fl-13"/>
      </object_component>
      <object_component id="oc-21b">
         <name>.debug_info</name>
         <load_address>0x12bf4</load_address>
         <run_address>0x12bf4</run_address>
         <size>0xef</size>
         <input_file_ref idref="fl-13"/>
      </object_component>
      <object_component id="oc-14c">
         <name>.debug_info</name>
         <load_address>0x12ce3</load_address>
         <run_address>0x12ce3</run_address>
         <size>0x25d</size>
         <input_file_ref idref="fl-13"/>
      </object_component>
      <object_component id="oc-25">
         <name>.debug_info</name>
         <load_address>0x12f40</load_address>
         <run_address>0x12f40</run_address>
         <size>0x17c</size>
         <input_file_ref idref="fl-d0"/>
      </object_component>
      <object_component id="oc-4d">
         <name>.debug_info</name>
         <load_address>0x130bc</load_address>
         <run_address>0x130bc</run_address>
         <size>0x15c</size>
         <input_file_ref idref="fl-d1"/>
      </object_component>
      <object_component id="oc-15">
         <name>.debug_info</name>
         <load_address>0x13218</load_address>
         <run_address>0x13218</run_address>
         <size>0x1fb</size>
         <input_file_ref idref="fl-d1"/>
      </object_component>
      <object_component id="oc-48">
         <name>.debug_info</name>
         <load_address>0x13413</load_address>
         <run_address>0x13413</run_address>
         <size>0x46</size>
         <input_file_ref idref="fl-d1"/>
      </object_component>
      <object_component id="oc-b0">
         <name>.debug_info</name>
         <load_address>0x13459</load_address>
         <run_address>0x13459</run_address>
         <size>0x2c</size>
         <input_file_ref idref="fl-d1"/>
      </object_component>
      <object_component id="oc-55">
         <name>.debug_info</name>
         <load_address>0x13485</load_address>
         <run_address>0x13485</run_address>
         <size>0x150</size>
         <input_file_ref idref="fl-d2"/>
      </object_component>
      <object_component id="oc-50">
         <name>.debug_info</name>
         <load_address>0x135d5</load_address>
         <run_address>0x135d5</run_address>
         <size>0x263</size>
         <input_file_ref idref="fl-d2"/>
      </object_component>
      <object_component id="oc-1a">
         <name>.debug_info</name>
         <load_address>0x13838</load_address>
         <run_address>0x13838</run_address>
         <size>0x1cd</size>
         <input_file_ref idref="fl-d2"/>
      </object_component>
      <object_component id="oc-56">
         <name>.debug_info</name>
         <load_address>0x13a05</load_address>
         <run_address>0x13a05</run_address>
         <size>0x39</size>
         <input_file_ref idref="fl-d2"/>
      </object_component>
      <object_component id="oc-ba">
         <name>.debug_info</name>
         <load_address>0x13a3e</load_address>
         <run_address>0x13a3e</run_address>
         <size>0x2c</size>
         <input_file_ref idref="fl-d2"/>
      </object_component>
      <object_component id="oc-e1">
         <name>.debug_info</name>
         <load_address>0x13a6a</load_address>
         <run_address>0x13a6a</run_address>
         <size>0x250</size>
         <input_file_ref idref="fl-d4"/>
      </object_component>
      <object_component id="oc-db">
         <name>.debug_info</name>
         <load_address>0x13cba</load_address>
         <run_address>0x13cba</run_address>
         <size>0x1a1</size>
         <input_file_ref idref="fl-d4"/>
      </object_component>
      <object_component id="oc-80">
         <name>.debug_info</name>
         <load_address>0x13e5b</load_address>
         <run_address>0x13e5b</run_address>
         <size>0x230</size>
         <input_file_ref idref="fl-d4"/>
      </object_component>
      <object_component id="oc-44">
         <name>.debug_info</name>
         <load_address>0x1408b</load_address>
         <run_address>0x1408b</run_address>
         <size>0x12d</size>
         <input_file_ref idref="fl-d5"/>
      </object_component>
      <object_component id="oc-5c">
         <name>.debug_info</name>
         <load_address>0x141b8</load_address>
         <run_address>0x141b8</run_address>
         <size>0x15b</size>
         <input_file_ref idref="fl-d6"/>
      </object_component>
      <object_component id="oc-68">
         <name>.debug_info</name>
         <load_address>0x14313</load_address>
         <run_address>0x14313</run_address>
         <size>0x154</size>
         <input_file_ref idref="fl-d7"/>
      </object_component>
      <object_component id="oc-6e">
         <name>.debug_info</name>
         <load_address>0x14467</load_address>
         <run_address>0x14467</run_address>
         <size>0x164</size>
         <input_file_ref idref="fl-d8"/>
      </object_component>
      <object_component id="oc-86">
         <name>.debug_info</name>
         <load_address>0x145cb</load_address>
         <run_address>0x145cb</run_address>
         <size>0x125</size>
         <input_file_ref idref="fl-d9"/>
      </object_component>
      <object_component id="oc-20e">
         <name>.debug_info</name>
         <load_address>0x146f0</load_address>
         <run_address>0x146f0</run_address>
         <size>0x156</size>
         <input_file_ref idref="fl-da"/>
      </object_component>
      <object_component id="oc-16f">
         <name>.debug_info</name>
         <load_address>0x14846</load_address>
         <run_address>0x14846</run_address>
         <size>0x140</size>
         <input_file_ref idref="fl-db"/>
      </object_component>
      <object_component id="oc-de">
         <name>.debug_info</name>
         <load_address>0x14986</load_address>
         <run_address>0x14986</run_address>
         <size>0x12f</size>
         <input_file_ref idref="fl-db"/>
      </object_component>
      <object_component id="oc-16b">
         <name>.debug_info</name>
         <load_address>0x14ab5</load_address>
         <run_address>0x14ab5</run_address>
         <size>0x23b</size>
         <input_file_ref idref="fl-db"/>
      </object_component>
      <object_component id="oc-d9">
         <name>.debug_info</name>
         <load_address>0x14cf0</load_address>
         <run_address>0x14cf0</run_address>
         <size>0x182</size>
         <input_file_ref idref="fl-dc"/>
      </object_component>
      <object_component id="oc-7c">
         <name>.debug_info</name>
         <load_address>0x14e72</load_address>
         <run_address>0x14e72</run_address>
         <size>0x183</size>
         <input_file_ref idref="fl-dc"/>
      </object_component>
      <object_component id="oc-160">
         <name>.debug_info</name>
         <load_address>0x14ff5</load_address>
         <run_address>0x14ff5</run_address>
         <size>0x5e</size>
         <input_file_ref idref="fl-dc"/>
      </object_component>
      <object_component id="oc-d1">
         <name>.debug_info</name>
         <load_address>0x15053</load_address>
         <run_address>0x15053</run_address>
         <size>0x305</size>
         <input_file_ref idref="fl-dd"/>
      </object_component>
      <object_component id="oc-75">
         <name>.debug_info</name>
         <load_address>0x15358</load_address>
         <run_address>0x15358</run_address>
         <size>0x1ac</size>
         <input_file_ref idref="fl-dd"/>
      </object_component>
      <object_component id="oc-135">
         <name>.debug_info</name>
         <load_address>0x15504</load_address>
         <run_address>0x15504</run_address>
         <size>0x39</size>
         <input_file_ref idref="fl-dd"/>
      </object_component>
      <object_component id="oc-13a">
         <name>.debug_info</name>
         <load_address>0x1553d</load_address>
         <run_address>0x1553d</run_address>
         <size>0xcd</size>
         <input_file_ref idref="fl-dd"/>
      </object_component>
      <object_component id="oc-131">
         <name>.debug_info</name>
         <load_address>0x1560a</load_address>
         <run_address>0x1560a</run_address>
         <size>0x1fc</size>
         <input_file_ref idref="fl-de"/>
      </object_component>
      <object_component id="oc-c6">
         <name>.debug_info</name>
         <load_address>0x15806</load_address>
         <run_address>0x15806</run_address>
         <size>0x19f</size>
         <input_file_ref idref="fl-de"/>
      </object_component>
      <object_component id="oc-1bd">
         <name>.debug_info</name>
         <load_address>0x159a5</load_address>
         <run_address>0x159a5</run_address>
         <size>0x2c</size>
         <input_file_ref idref="fl-de"/>
      </object_component>
      <object_component id="oc-2d4">
         <name>.debug_info</name>
         <load_address>0x159d1</load_address>
         <run_address>0x159d1</run_address>
         <size>0x163</size>
         <input_file_ref idref="fl-df"/>
      </object_component>
      <object_component id="oc-ce">
         <name>.debug_info</name>
         <load_address>0x15b34</load_address>
         <run_address>0x15b34</run_address>
         <size>0x161</size>
         <input_file_ref idref="fl-e0"/>
      </object_component>
      <object_component id="oc-2b4">
         <name>.debug_info</name>
         <load_address>0x15c95</load_address>
         <run_address>0x15c95</run_address>
         <size>0x230</size>
         <input_file_ref idref="fl-e1"/>
      </object_component>
      <object_component id="oc-2b1">
         <name>.debug_info</name>
         <load_address>0x15ec5</load_address>
         <run_address>0x15ec5</run_address>
         <size>0x15b</size>
         <input_file_ref idref="fl-e1"/>
      </object_component>
      <object_component id="oc-268">
         <name>.debug_info</name>
         <load_address>0x16020</load_address>
         <run_address>0x16020</run_address>
         <size>0x2a3</size>
         <input_file_ref idref="fl-e1"/>
      </object_component>
      <object_component id="oc-2b9">
         <name>.debug_info</name>
         <load_address>0x162c3</load_address>
         <run_address>0x162c3</run_address>
         <size>0x2b3</size>
         <input_file_ref idref="fl-e1"/>
      </object_component>
      <object_component id="oc-25c">
         <name>.debug_info</name>
         <load_address>0x16576</load_address>
         <run_address>0x16576</run_address>
         <size>0x316</size>
         <input_file_ref idref="fl-e1"/>
      </object_component>
      <object_component id="oc-1d8">
         <name>.debug_info</name>
         <load_address>0x1688c</load_address>
         <run_address>0x1688c</run_address>
         <size>0x27b</size>
         <input_file_ref idref="fl-e1"/>
      </object_component>
      <object_component id="oc-2f0">
         <name>.debug_info</name>
         <load_address>0x16b07</load_address>
         <run_address>0x16b07</run_address>
         <size>0x27f</size>
         <input_file_ref idref="fl-e1"/>
      </object_component>
      <object_component id="oc-2f6">
         <name>.debug_info</name>
         <load_address>0x16d86</load_address>
         <run_address>0x16d86</run_address>
         <size>0x279</size>
         <input_file_ref idref="fl-e1"/>
      </object_component>
      <object_component id="oc-256">
         <name>.debug_info</name>
         <load_address>0x16fff</load_address>
         <run_address>0x16fff</run_address>
         <size>0x2b7</size>
         <input_file_ref idref="fl-e1"/>
      </object_component>
      <object_component id="oc-262">
         <name>.debug_info</name>
         <load_address>0x172b6</load_address>
         <run_address>0x172b6</run_address>
         <size>0x27b</size>
         <input_file_ref idref="fl-e1"/>
      </object_component>
      <object_component id="oc-1d2">
         <name>.debug_info</name>
         <load_address>0x17531</load_address>
         <run_address>0x17531</run_address>
         <size>0x280</size>
         <input_file_ref idref="fl-e1"/>
      </object_component>
      <object_component id="oc-2e5">
         <name>.debug_info</name>
         <load_address>0x177b1</load_address>
         <run_address>0x177b1</run_address>
         <size>0x20e</size>
         <input_file_ref idref="fl-e2"/>
      </object_component>
      <object_component id="oc-428">
         <name>.debug_info</name>
         <load_address>0x179bf</load_address>
         <run_address>0x179bf</run_address>
         <size>0x210</size>
         <input_file_ref idref="fl-e2"/>
      </object_component>
      <object_component id="oc-2e2">
         <name>.debug_info</name>
         <load_address>0x17bcf</load_address>
         <run_address>0x17bcf</run_address>
         <size>0x157</size>
         <input_file_ref idref="fl-e2"/>
      </object_component>
      <object_component id="oc-3ee">
[...]
      </symbol>
      <symbol id="sm-4cd">
         <name>xTimerIsTimerActive</name>
         <value>0x2789</value>
         <object_component_ref idref="oc-f6"/>
      </symbol>
      <symbol id="sm-4ce">
         <name>xTimerCreate</name>
         <value>0x2307</value>
         <object_component_ref idref="oc-f6"/>
      </symbol>
      <symbol id="sm-4cf">
         <name>xTimerGenericCommand</name>
         <value>0x235b</value>
         <object_component_ref idref="oc-f6"/>
      </symbol>
      <symbol id="sm-4d0">
         <name>pvTimerGetTimerID</name>
         <value>0x27b5</value>
         <object_component_ref idref="oc-f6"/>
      </symbol>
      <symbol id="sm-4d1">
         <name>vTimerSetTimerID</name>
         <value>0x27cf</value>
         <object_component_ref idref="oc-f6"/>
      </symbol>
      <symbol id="sm-502">
         <name>ulMaxSyscallInterruptPriority</name>
         <value>0x4f6c</value>
         <object_component_ref idref="oc-8f"/>
      </symbol>
      <symbol id="sm-503">
         <name>vPortSetupTimerInterrupt</name>
         <value>0x35bb</value>
         <object_component_ref idref="oc-39"/>
      </symbol>
      <symbol id="sm-504">
         <name>vPortEndScheduler</name>
         <value>0x3555</value>
         <object_component_ref idref="oc-39"/>
      </symbol>
      <symbol id="sm-505">
         <name>xPortSysTickCount</name>
         <value>0x2000d258</value>
         <object_component_ref idref="oc-99"/>
      </symbol>
      <symbol id="sm-506">
         <name>xPortSysTickHandler</name>
         <value>0x358d</value>
         <object_component_ref idref="oc-39"/>
      </symbol>
      <symbol id="sm-507">
         <name>pxPortInitialiseStack</name>
         <value>0x34b9</value>
         <object_component_ref idref="oc-39"/>
      </symbol>
      <symbol id="sm-508">
         <name>vPortExitCritical</name>
         <value>0x3577</value>
         <object_component_ref idref="oc-39"/>
      </symbol>
      <symbol id="sm-509">
         <name>xPortStartScheduler</name>
         <value>0x351f</value>
         <object_component_ref idref="oc-39"/>
      </symbol>
      <symbol id="sm-50a">
         <name>vPortEnterCritical</name>
         <value>0x3557</value>
         <object_component_ref idref="oc-39"/>
      </symbol>
      <symbol id="sm-519">
         <name>vPortStartFirstTask</name>
         <value>0x3c05</value>
         <object_component_ref idref="oc-34"/>
      </symbol>
      <symbol id="sm-51a">
         <name>ulPortGetIPSR</name>
         <value>0x3b6d</value>
         <object_component_ref idref="oc-34"/>
      </symbol>
      <symbol id="sm-51b">
         <name>vPortEnableVFP</name>
         <value>0x3c21</value>
         <object_component_ref idref="oc-34"/>
      </symbol>
      <symbol id="sm-51c">
         <name>xPortPendSVHandler</name>
         <value>0x3b85</value>
         <object_component_ref idref="oc-34"/>
      </symbol>
      <symbol id="sm-51d">
         <name>vPortSVCHandler</name>
         <value>0x3be5</value>
         <object_component_ref idref="oc-34"/>
      </symbol>
      <symbol id="sm-540">
         <name>LED_Data</name>
         <value>0x2000c9c4</value>
      </symbol>
      <symbol id="sm-541">
         <name>magnetometerValue</name>
         <value>0x2000d248</value>
         <object_component_ref idref="oc-24e"/>
      </symbol>
      <symbol id="sm-542">
         <name>Task_MagSwitch</name>
         <value>0x3849</value>
         <object_component_ref idref="oc-157"/>
      </symbol>
      <symbol id="sm-543">
         <name>isOn</name>
         <value>0x2000d244</value>
         <object_component_ref idref="oc-24e"/>
      </symbol>
      <symbol id="sm-544">
         <name>switchLogic</name>
         <value>0x3889</value>
         <object_component_ref idref="oc-157"/>
      </symbol>
      <symbol id="sm-58c">
         <name>fMagneto</name>
         <value>0x2000c998</value>
      </symbol>
      <symbol id="sm-58d">
         <name>sMPU9150</name>
         <value>0x2000c7e4</value>
      </symbol>
      <symbol id="sm-58e">
         <name>g_bMPU9150Done</name>
         <value>0x2000c9c8</value>
      </symbol>
      <symbol id="sm-58f">
         <name>magnetometerReport</name>
         <value>0x2000c8f4</value>
      </symbol>
      <symbol id="sm-590">
         <name>MPU9150Callback</name>
         <value>0x3085</value>
         <object_component_ref idref="oc-151"/>
      </symbol>
      <symbol id="sm-591">
         <name>MagnetometerInit</name>
         <value>0x3045</value>
         <object_component_ref idref="oc-151"/>
      </symbol>
      <symbol id="sm-592">
         <name>I2CMWrite</name>
         <value>0x4935</value>
         <object_component_ref idref="oc-2fe"/>
      </symbol>
      <symbol id="sm-593">
         <name>Task_Magnetometer</name>
         <value>0x309f</value>
         <object_component_ref idref="oc-151"/>
      </symbol>
      <symbol id="sm-5ce">
         <name>I2C7_Instance</name>
         <value>0x2000c5c0</value>
      </symbol>
      <symbol id="sm-5cf">
         <name>I2C7_Interrupts_Nbr</name>
         <value>0x2000d1fc</value>
         <object_component_ref idref="oc-245"/>
      </symbol>
      <symbol id="sm-5d0">
         <name>I2C7_Initialization</name>
         <value>0x33b1</value>
         <object_component_ref idref="oc-22a"/>
      </symbol>
      <symbol id="sm-5d1">
         <name>I2C7_Callbacks_Nbr</name>
         <value>0x2000d200</value>
         <object_component_ref idref="oc-245"/>
      </symbol>
      <symbol id="sm-5d2">
         <name>Task_I2C7_Handler</name>
         <value>0x3437</value>
         <object_component_ref idref="oc-22a"/>
      </symbol>
      <symbol id="sm-5d3">
         <name>I2C7_Status</name>
         <value>0x2000d20c</value>
         <object_component_ref idref="oc-245"/>
      </symbol>
      <symbol id="sm-5d4">
         <name>I2C7_SimpleDone</name>
         <value>0x2000d214</value>
         <object_component_ref idref="oc-245"/>
      </symbol>
      <symbol id="sm-5d5">
         <name>I2C7_Instance_Ref</name>
         <value>0x2000d204</value>
         <object_component_ref idref="oc-245"/>
      </symbol>
      <symbol id="sm-5d6">
         <name>I2C7_HWStatus</name>
         <value>0x2000d210</value>
         <object_component_ref idref="oc-245"/>
      </symbol>
      <symbol id="sm-5d7">
         <name>I2CMSimpleCallback</name>
         <value>0x338f</value>
         <object_component_ref idref="oc-22a"/>
      </symbol>
      <symbol id="sm-5d8">
         <name>I2C7WriteData</name>
         <value>0x2000d23c</value>
         <object_component_ref idref="oc-308"/>
      </symbol>
      <symbol id="sm-5d9">
         <name>I2C7_Initialized</name>
         <value>0x2000d208</value>
         <object_component_ref idref="oc-245"/>
      </symbol>
      <symbol id="sm-5da">
         <name>I2C7_IntServiceRoutine</name>
         <value>0x337d</value>
         <object_component_ref idref="oc-22a"/>
      </symbol>
      <symbol id="sm-5f6">
         <name>ReportData_Queue</name>
         <value>0x2000d26c</value>
         <object_component_ref idref="oc-21a"/>
      </symbol>
      <symbol id="sm-5f7">
         <name>Task_ReportData</name>
         <value>0x3cf1</value>
         <object_component_ref idref="oc-14b"/>
      </symbol>
      <symbol id="sm-609">
         <name>_c_int00</name>
         <value>0x44c5</value>
         <object_component_ref idref="oc-24"/>
      </symbol>
      <symbol id="sm-60a">
         <name>__stack</name>
         <value>0x2000c9cc</value>
         <object_component_ref idref="oc-2a"/>
      </symbol>
      <symbol id="sm-621">
         <name>__TI_decompress_none</name>
         <value>0x4b67</value>
         <object_component_ref idref="oc-12"/>
      </symbol>
      <symbol id="sm-649">
         <name>__TI_decompress_rle24</name>
         <value>0x4bd5</value>
         <object_component_ref idref="oc-18"/>
      </symbol>
      <symbol id="sm-66b">
         <name>C$$EXIT</name>
         <value>0x4519</value>
         <object_component_ref idref="oc-7f"/>
      </symbol>
      <symbol id="sm-66c">
         <name>abort</name>
         <value>0x451d</value>
         <object_component_ref idref="oc-7f"/>
      </symbol>
      <symbol id="sm-66d">
         <name>exit</name>
         <value>0x4525</value>
         <object_component_ref idref="oc-7f"/>
      </symbol>
      <symbol id="sm-66e">
         <name>__TI_dtors_ptr</name>
         <value>0x2000d22c</value>
         <object_component_ref idref="oc-da"/>
      </symbol>
      <symbol id="sm-66f">
         <name>__TI_cleanup_ptr</name>
         <value>0x2000d228</value>
         <object_component_ref idref="oc-da"/>
      </symbol>
      <symbol id="sm-670">
         <name>__TI_enable_exit_profile_output</name>
         <value>0x2000d230</value>
         <object_component_ref idref="oc-da"/>
      </symbol>
      <symbol id="sm-68b">
         <name>memcpy</name>
         <value>0x3e49</value>
         <object_component_ref idref="oc-42"/>
      </symbol>
      <symbol id="sm-68c">
         <name>__aeabi_memcpy</name>
         <value>0x3e49</value>
         <object_component_ref idref="oc-42"/>
      </symbol>
      <symbol id="sm-68d">
         <name>__aeabi_memcpy8</name>
         <value>0x3e49</value>
         <object_component_ref idref="oc-42"/>
      </symbol>
      <symbol id="sm-68e">
         <name>__aeabi_memcpy4</name>
         <value>0x3e49</value>
         <object_component_ref idref="oc-42"/>
      </symbol>
      <symbol id="sm-69d">
         <name>__aeabi_memset</name>
         <value>0x409f</value>
         <object_component_ref idref="oc-5b"/>
      </symbol>
      <symbol id="sm-69e">
         <name>memset</name>
         <value>0x40a5</value>
         <object_component_ref idref="oc-5b"/>
      </symbol>
      <symbol id="sm-69f">
         <name>__aeabi_memset8</name>
         <value>0x409f</value>
         <object_component_ref idref="oc-5b"/>
      </symbol>
      <symbol id="sm-6a0">
         <name>__aeabi_memset4</name>
         <value>0x409f</value>
         <object_component_ref idref="oc-5b"/>
      </symbol>
      <symbol id="sm-6a1">
         <name>__aeabi_memclr8</name>
         <value>0x409d</value>
         <object_component_ref idref="oc-5b"/>
      </symbol>
      <symbol id="sm-6a2">
         <name>__aeabi_memclr4</name>
         <value>0x409d</value>
         <object_component_ref idref="oc-5b"/>
      </symbol>
      <symbol id="sm-6a3">
         <name>__aeabi_memclr</name>
         <value>0x409d</value>
         <object_component_ref idref="oc-5b"/>
      </symbol>
      <symbol id="sm-6ad">
         <name>__mpu_init</name>
         <value>0x3c2f</value>
         <object_component_ref idref="oc-67"/>
      </symbol>
      <symbol id="sm-6b7">
         <name>_system_pre_init</name>
         <value>0x4be7</value>
         <object_component_ref idref="oc-6d"/>
      </symbol>
      <symbol id="sm-6bf">
         <name>main_func_sp</name>
         <value>0x2000d270</value>
         <object_component_ref idref="oc-85"/>
      </symbol>
      <symbol id="sm-6ce">
         <name>__aeabi_uidivmod</name>
         <value>0x4845</value>
         <object_component_ref idref="oc-20b"/>
      </symbol>
      <symbol id="sm-6cf">
         <name>__aeabi_uidiv</name>
         <value>0x4845</value>
         <object_component_ref idref="oc-20b"/>
      </symbol>
      <symbol id="sm-6e8">
         <name>_nop</name>
         <value>0x4b2b</value>
         <object_component_ref idref="oc-167"/>
      </symbol>
      <symbol id="sm-6e9">
         <name>_lock</name>
         <value>0x2000d234</value>
         <object_component_ref idref="oc-dd"/>
      </symbol>
      <symbol id="sm-6ea">
         <name>_unlock</name>
         <value>0x2000d238</value>
         <object_component_ref idref="oc-dd"/>
      </symbol>
      <symbol id="sm-6eb">
         <name>_register_lock</name>
         <value>0x4b23</value>
         <object_component_ref idref="oc-167"/>
      </symbol>
      <symbol id="sm-6ec">
         <name>_register_unlock</name>
         <value>0x4b1d</value>
         <object_component_ref idref="oc-167"/>
      </symbol>
      <symbol id="sm-700">
         <name>_args_main</name>
         <value>0x4af1</value>
         <object_component_ref idref="oc-79"/>
      </symbol>
      <symbol id="sm-725">
         <name>__TI_auto_init</name>
         <value>0x4119</value>
         <object_component_ref idref="oc-73"/>
      </symbol>
      <symbol id="sm-73f">
         <name>copy_in</name>
         <value>0x4609</value>
         <object_component_ref idref="oc-c4"/>
      </symbol>
      <symbol id="sm-749">
         <name>__aeabi_idiv0</name>
         <value>0x3b5b</value>
         <object_component_ref idref="oc-2d1"/>
      </symbol>
      <symbol id="sm-753">
         <name>_system_post_cinit</name>
         <value>0x4117</value>
         <object_component_ref idref="oc-ca"/>
      </symbol>
      <symbol id="sm-7ad">
         <name>GPIOPinConfigure</name>
         <value>0x46a1</value>
         <object_component_ref idref="oc-1ce"/>
      </symbol>
      <symbol id="sm-7ae">
         <name>GPIOPinTypeI2CSCL</name>
         <value>0x4b43</value>
         <object_component_ref idref="oc-2ec"/>
      </symbol>
      <symbol id="sm-7af">
         <name>GPIOPinTypeI2C</name>
         <value>0x4b31</value>
         <object_component_ref idref="oc-2f2"/>
      </symbol>
      <symbol id="sm-7b0">
         <name>GPIOPinTypeUART</name>
         <value>0x4b55</value>
         <object_component_ref idref="oc-1d4"/>
      </symbol>
      <symbol id="sm-7b1">
         <name>GPIOPinTypeGPIOOutput</name>
         <value>0x4ad7</value>
         <object_component_ref idref="oc-252"/>
      </symbol>
      <symbol id="sm-7b2">
         <name>GPIOPinRead</name>
         <value>0x4bc3</value>
         <object_component_ref idref="oc-25e"/>
      </symbol>
      <symbol id="sm-7b3">
         <name>GPIODirModeSet</name>
         <value>0x4a09</value>
         <object_component_ref idref="oc-2b5"/>
      </symbol>
      <symbol id="sm-7b4">
         <name>GPIOPinWrite</name>
         <value>0x4bc9</value>
         <object_component_ref idref="oc-264"/>
      </symbol>
      <symbol id="sm-7b5">
         <name>GPIOPadConfigSet</name>
         <value>0x35ed</value>
         <object_component_ref idref="oc-258"/>
      </symbol>
      <symbol id="sm-81c">
         <name>IntIsEnabled</name>
         <value>0x43a1</value>
         <object_component_ref idref="oc-3de"/>
      </symbol>
      <symbol id="sm-81d">
         <name>IntEnable</name>
         <value>0x4339</value>
         <object_component_ref idref="oc-3cd"/>
      </symbol>
      <symbol id="sm-81e">
         <name>IntTrigger</name>
         <value>0x4b81</value>
         <object_component_ref idref="oc-3ea"/>
      </symbol>
      <symbol id="sm-81f">
         <name>IntDisable</name>
         <value>0x42d1</value>
         <object_component_ref idref="oc-3e4"/>
      </symbol>
      <symbol id="sm-820">
         <name>IntRegister</name>
         <value>0x49a1</value>
         <object_component_ref idref="oc-224"/>
      </symbol>
      <symbol id="sm-821">
         <name>g_pfnRAMVectors</name>
         <value>0x20000000</value>
         <object_component_ref idref="oc-2e1"/>
      </symbol>
      <symbol id="sm-899">
         <name>SysCtlPeripheralPresent</name>
         <value>0x48c5</value>
         <object_component_ref idref="oc-1e4"/>
      </symbol>
      <symbol id="sm-89a">
         <name>SysCtlPeripheralEnable</name>
         <value>0x49d5</value>
         <object_component_ref idref="oc-1c8"/>
      </symbol>
      <symbol id="sm-89b">
         <name>SysCtlClockFreqSet</name>
         <value>0x2ca1</value>
         <object_component_ref idref="oc-1c2"/>
      </symbol>
      <symbol id="sm-8d6">
         <name>UARTConfigSetExpClk</name>
         <value>0x4779</value>
         <object_component_ref idref="oc-1ea"/>
      </symbol>
      <symbol id="sm-8d7">
         <name>UARTDisable</name>
         <value>0x4a7d</value>
         <object_component_ref idref="oc-2c1"/>
      </symbol>
      <symbol id="sm-8d8">
         <name>UARTClockSourceSet</name>
         <value>0x4bcf</value>
         <object_component_ref idref="oc-1da"/>
      </symbol>
      <symbol id="sm-8d9">
         <name>UARTCharPut</name>
         <value>0x4ba1</value>
         <object_component_ref idref="oc-1f6"/>
      </symbol>
      <symbol id="sm-8da">
         <name>UARTEnable</name>
         <value>0x4b09</value>
         <object_component_ref idref="oc-1f0"/>
      </symbol>
      <symbol id="sm-8db">
         <name>UARTCharGet</name>
         <value>0x4b97</value>
         <object_component_ref idref="oc-1fc"/>
      </symbol>
      <symbol id="sm-98f">
         <name>I2CMCommand</name>
         <value>0x4015</value>
         <object_component_ref idref="oc-30c"/>
      </symbol>
      <symbol id="sm-990">
         <name>I2CMInit</name>
         <value>0x496b</value>
         <object_component_ref idref="oc-2f8"/>
      </symbol>
      <symbol id="sm-991">
         <name>I2CMIntHandler</name>
         <value>0x3a69</value>
         <object_component_ref idref="oc-2e6"/>
      </symbol>
      <symbol id="sm-9dc">
         <name>MPU9150DataMagnetoGetFloat</name>
         <value>0x3dad</value>
         <object_component_ref idref="oc-23c"/>
      </symbol>
      <symbol id="sm-9dd">
         <name>MPU9150Init</name>
         <value>0x41f9</value>
         <object_component_ref idref="oc-230"/>
      </symbol>
      <symbol id="sm-9de">
         <name>MPU9150DataRead</name>
         <value>0x4405</value>
         <object_component_ref idref="oc-236"/>
      </symbol>
      <symbol id="sm-9e9">
         <name>__aeabi_dmul</name>
         <value>0x396d</value>
         <object_component_ref idref="oc-320"/>
      </symbol>
      <symbol id="sm-9f5">
         <name>__aeabi_d2f</name>
         <value>0x4189</value>
         <object_component_ref idref="oc-325"/>
      </symbol>
      <symbol id="sm-a00">
         <name>__aeabi_f2d</name>
         <value>0x48fd</value>
         <object_component_ref idref="oc-31b"/>
      </symbol>
      <symbol id="sm-a49">
         <name>I2CMasterDataPut</name>
         <value>0x4be3</value>
         <object_component_ref idref="oc-414"/>
      </symbol>
      <symbol id="sm-a4a">
         <name>I2CMasterInitExpClk</name>
         <value>0x45bd</value>
         <object_component_ref idref="oc-3c7"/>
      </symbol>
      <symbol id="sm-a4b">
         <name>I2CMasterSlaveAddrSet</name>
         <value>0x4bbb</value>
         <object_component_ref idref="oc-40c"/>
      </symbol>
      <symbol id="sm-a4c">
         <name>I2CMasterDataGet</name>
         <value>0x4bdf</value>
         <object_component_ref idref="oc-402"/>
      </symbol>
      <symbol id="sm-a4d">
         <name>I2CMasterIntEnableEx</name>
         <value>0x4bb3</value>
         <object_component_ref idref="oc-3d3"/>
      </symbol>
      <symbol id="sm-a4e">
         <name>I2CMasterControl</name>
         <value>0x4bdb</value>
         <object_component_ref idref="oc-37b"/>
      </symbol>
      <symbol id="sm-a4f">
         <name>I2CMasterEnable</name>
         <value>0x4b8d</value>
         <object_component_ref idref="oc-420"/>
      </symbol>
      <symbol id="sm-a50">
         <name>I2CMasterIntClear</name>
         <value>0x4bab</value>
         <object_component_ref idref="oc-375"/>
      </symbol>
      <symbol id="sm-a51">
         <name>__TI_static_base__</name>
         <value>0x0</value>
      </symbol>
      <symbol id="sm-a54">
         <name>SHT$$INIT_ARRAY$$Limit</name>
         <value>0x0</value>
      </symbol>
      <symbol id="sm-a55">
         <name>SHT$$INIT_ARRAY$$Base</name>
         <value>0x0</value>
      </symbol>
   </symbol_table>
   <title>Link successful</title>
</link_info>
