<?xml version="1.0"?>
<link_info>
   <banner>TI ARM Linker PC v15.12.1.LTS</banner>
   <copyright>Copyright (c) 1996-2015 Texas Instruments Incorporated</copyright>
   <link_time>0x57f69c50</link_time>
   <link_errors>0x1</link_errors>
   <output_file>compdcm_mpu9150.out</output_file>
   <entry_point>
      <name>_c_int00</name>
      <address>0x2ea9</address>
   </entry_point>
   <input_file_list>
      <input_file id="fl-2">
         <path>.\</path>
         <kind>object</kind>
         <file>compdcm_mpu9150.obj</file>
         <name>compdcm_mpu9150.obj</name>
      </input_file>
      <input_file id="fl-3">
         <path>.\</path>
         <kind>object</kind>
         <file>startup_ccs.obj</file>
         <name>startup_ccs.obj</name>
      </input_file>
      <input_file id="fl-4">
         <path>.\drivers\</path>
         <kind>object</kind>
         <file>buttons.obj</file>
         <name>buttons.obj</name>
      </input_file>
      <input_file id="fl-5">
         <path>.\drivers\</path>
         <kind>object</kind>
         <file>pinout.obj</file>
         <name>pinout.obj</name>
      </input_file>
      <input_file id="fl-6">
         <path>.\utils\</path>
         <kind>object</kind>
         <file>uartstdio.obj</file>
         <name>uartstdio.obj</name>
      </input_file>
      <input_file id="fl-c2">
         <path>C:\TI_CodeComposer\ccsv6\tools\compiler\ti-cgt-arm_15.12.1.LTS\lib\</path>
         <kind>archive</kind>
         <file>rtsv7M4_T_le_v4SPD16_eabi.lib</file>
         <name>boot.obj</name>
      </input_file>
      <input_file id="fl-c3">
         <path>C:\TI_CodeComposer\ccsv6\tools\compiler\ti-cgt-arm_15.12.1.LTS\lib\</path>
         <kind>archive</kind>
         <file>rtsv7M4_T_le_v4SPD16_eabi.lib</file>
         <name>copy_decompress_none.obj</name>
      </input_file>
      <input_file id="fl-c4">
         <path>C:\TI_CodeComposer\ccsv6\tools\compiler\ti-cgt-arm_15.12.1.LTS\lib\</path>
         <kind>archive</kind>
         <file>rtsv7M4_T_le_v4SPD16_eabi.lib</file>
         <name>copy_decompress_rle.obj</name>
      </input_file>
      <input_file id="fl-c5">
         <path>C:\TI_CodeComposer\ccsv6\tools\compiler\ti-cgt-arm_15.12.1.LTS\lib\</path>
         <kind>archive</kind>
         <file>rtsv7M4_T_le_v4SPD16_eabi.lib</file>
         <name>copy_zero_init.obj</name>
      </input_file>
      <input_file id="fl-c6">
         <path>C:\TI_CodeComposer\ccsv6\tools\compiler\ti-cgt-arm_15.12.1.LTS\lib\</path>
         <kind>archive</kind>
         <file>rtsv7M4_T_le_v4SPD16_eabi.lib</file>
         <name>exit.obj</name>
      </input_file>
      <input_file id="fl-c7">
         <path>C:\TI_CodeComposer\ccsv6\tools\compiler\ti-cgt-arm_15.12.1.LTS\lib\</path>
         <kind>archive</kind>
         <file>rtsv7M4_T_le_v4SPD16_eabi.lib</file>
         <name>memcpy_t2.obj</name>
      </input_file>
      <input_file id="fl-c8">
         <path>C:\TI_CodeComposer\ccsv6\tools\compiler\ti-cgt-arm_15.12.1.LTS\lib\</path>
         <kind>archive</kind>
         <file>rtsv7M4_T_le_v4SPD16_eabi.lib</file>
         <name>memset_t2.obj</name>
      </input_file>
      <input_file id="fl-c9">
         <path>C:\TI_CodeComposer\ccsv6\tools\compiler\ti-cgt-arm_15.12.1.LTS\lib\</path>
         <kind>archive</kind>
         <file>rtsv7M4_T_le_v4SPD16_eabi.lib</file>
         <name>mpu_init.obj</name>
      </input_file>
      <input_file id="fl-ca">
         <path>C:\TI_CodeComposer\ccsv6\tools\compiler\ti-cgt-arm_15.12.1.LTS\lib\</path>
         <kind>archive</kind>
         <file>rtsv7M4_T_le_v4SPD16_eabi.lib</file>
         <name>pre_init.obj</name>
      </input_file>
      <input_file id="fl-cb">
         <path>C:\TI_CodeComposer\ccsv6\tools\compiler\ti-cgt-arm_15.12.1.LTS\lib\</path>
         <kind>archive</kind>
         <file>rtsv7M4_T_le_v4SPD16_eabi.lib</file>
         <name>stkdepth_vars.obj</name>
      </input_file>
      <input_file id="fl-cc">
         <path>C:\TI_CodeComposer\ccsv6\tools\compiler\ti-cgt-arm_15.12.1.LTS\lib\</path>
         <kind>archive</kind>
         <file>rtsv7M4_T_le_v4SPD16_eabi.lib</file>
         <name>u_divt2.obj</name>
      </input_file>
      <input_file id="fl-cd">
         <path>C:\TI_CodeComposer\ccsv6\tools\compiler\ti-cgt-arm_15.12.1.LTS\lib\</path>
         <kind>archive</kind>
         <file>rtsv7M4_T_le_v4SPD16_eabi.lib</file>
         <name>_lock.obj</name>
      </input_file>
      <input_file id="fl-ce">
         <path>C:\TI_CodeComposer\ccsv6\tools\compiler\ti-cgt-arm_15.12.1.LTS\lib\</path>
         <kind>archive</kind>
         <file>rtsv7M4_T_le_v4SPD16_eabi.lib</file>
         <name>args_main.obj</name>
      </input_file>
      <input_file id="fl-cf">
         <path>C:\TI_CodeComposer\ccsv6\tools\compiler\ti-cgt-arm_15.12.1.LTS\lib\</path>
         <kind>archive</kind>
         <file>rtsv7M4_T_le_v4SPD16_eabi.lib</file>
         <name>autoinit.obj</name>
      </input_file>
      <input_file id="fl-d0">
         <path>C:\TI_CodeComposer\ccsv6\tools\compiler\ti-cgt-arm_15.12.1.LTS\lib\</path>
         <kind>archive</kind>
         <file>rtsv7M4_T_le_v4SPD16_eabi.lib</file>
         <name>cpy_tbl.obj</name>
      </input_file>
      <input_file id="fl-d1">
         <path>C:\TI_CodeComposer\ccsv6\tools\compiler\ti-cgt-arm_15.12.1.LTS\lib\</path>
         <kind>archive</kind>
         <file>rtsv7M4_T_le_v4SPD16_eabi.lib</file>
         <name>i_div0.obj</name>
      </input_file>
      <input_file id="fl-d2">
         <path>C:\TI_CodeComposer\ccsv6\tools\compiler\ti-cgt-arm_15.12.1.LTS\lib\</path>
         <kind>archive</kind>
         <file>rtsv7M4_T_le_v4SPD16_eabi.lib</file>
         <name>startup.obj</name>
      </input_file>
      <input_file id="fl-d3">
         <path>C:\TI_CodeComposer\TivaWare\driverlib\ccs\Debug\</path>
         <kind>archive</kind>
         <file>driverlib.lib</file>
         <name>gpio.obj</name>
      </input_file>
      <input_file id="fl-d4">
         <path>C:\TI_CodeComposer\TivaWare\driverlib\ccs\Debug\</path>
         <kind>archive</kind>
         <file>driverlib.lib</file>
         <name>interrupt.obj</name>
      </input_file>
      <input_file id="fl-d5">
         <path>C:\TI_CodeComposer\TivaWare\driverlib\ccs\Debug\</path>
         <kind>archive</kind>
         <file>driverlib.lib</file>
         <name>sysctl.obj</name>
      </input_file>
      <input_file id="fl-d6">
         <path>C:\TI_CodeComposer\TivaWare\driverlib\ccs\Debug\</path>
         <kind>archive</kind>
         <file>driverlib.lib</file>
         <name>cpu.obj</name>
      </input_file>
      <input_file id="fl-d7">
         <path>C:\TI_CodeComposer\TivaWare\sensorlib\ccs\Debug\</path>
         <kind>archive</kind>
         <file>sensorlib.lib</file>
         <name>comp_dcm.obj</name>
      </input_file>
      <input_file id="fl-d8">
         <path>C:\TI_CodeComposer\TivaWare\sensorlib\ccs\Debug\</path>
         <kind>archive</kind>
         <file>sensorlib.lib</file>
         <name>i2cm_drv.obj</name>
      </input_file>
      <input_file id="fl-d9">
         <path>C:\TI_CodeComposer\TivaWare\sensorlib\ccs\Debug\</path>
         <kind>archive</kind>
         <file>sensorlib.lib</file>
         <name>mpu9150.obj</name>
      </input_file>
      <input_file id="fl-da">
         <path>C:\TI_CodeComposer\TivaWare\sensorlib\ccs\Debug\</path>
         <kind>archive</kind>
         <file>sensorlib.lib</file>
         <name>vector.obj</name>
      </input_file>
      <input_file id="fl-db">
         <path>C:\TI_CodeComposer\ccsv6\tools\compiler\ti-cgt-arm_15.12.1.LTS\lib\</path>
         <kind>archive</kind>
         <file>rtsv7M4_T_le_v4SPD16_eabi.lib</file>
         <name>e_asinf.obj</name>
      </input_file>
      <input_file id="fl-dc">
         <path>C:\TI_CodeComposer\ccsv6\tools\compiler\ti-cgt-arm_15.12.1.LTS\lib\</path>
         <kind>archive</kind>
         <file>rtsv7M4_T_le_v4SPD16_eabi.lib</file>
         <name>e_atan2f.obj</name>
      </input_file>
      <input_file id="fl-dd">
         <path>C:\TI_CodeComposer\ccsv6\tools\compiler\ti-cgt-arm_15.12.1.LTS\lib\</path>
         <kind>archive</kind>
         <file>rtsv7M4_T_le_v4SPD16_eabi.lib</file>
         <name>e_sqrt.obj</name>
      </input_file>
      <input_file id="fl-de">
         <path>C:\TI_CodeComposer\ccsv6\tools\compiler\ti-cgt-arm_15.12.1.LTS\lib\</path>
         <kind>archive</kind>
         <file>rtsv7M4_T_le_v4SPD16_eabi.lib</file>
         <name>e_sqrtf.obj</name>
      </input_file>
      <input_file id="fl-df">
         <path>C:\TI_CodeComposer\ccsv6\tools\compiler\ti-cgt-arm_15.12.1.LTS\lib\</path>
         <kind>archive</kind>
         <file>rtsv7M4_T_le_v4SPD16_eabi.lib</file>
         <name>errno.obj</name>
      </input_file>
      <input_file id="fl-e0">
         <path>C:\TI_CodeComposer\ccsv6\tools\compiler\ti-cgt-arm_15.12.1.LTS\lib\</path>
         <kind>archive</kind>
         <file>rtsv7M4_T_le_v4SPD16_eabi.lib</file>
         <name>fd_add_t2.obj</name>
      </input_file>
      <input_file id="fl-e1">
         <path>C:\TI_CodeComposer\ccsv6\tools\compiler\ti-cgt-arm_15.12.1.LTS\lib\</path>
         <kind>archive</kind>
         <file>rtsv7M4_T_le_v4SPD16_eabi.lib</file>
         <name>fd_cmp_t2.obj</name>
      </input_file>
      <input_file id="fl-e2">
         <path>C:\TI_CodeComposer\ccsv6\tools\compiler\ti-cgt-arm_15.12.1.LTS\lib\</path>
         <kind>archive</kind>
         <file>rtsv7M4_T_le_v4SPD16_eabi.lib</file>
         <name>fd_mul_t2.obj</name>
      </input_file>
      <input_file id="fl-e3">
         <path>C:\TI_CodeComposer\ccsv6\tools\compiler\ti-cgt-arm_15.12.1.LTS\lib\</path>
         <kind>archive</kind>
         <file>rtsv7M4_T_le_v4SPD16_eabi.lib</file>
         <name>fd_tos_t2.obj</name>
      </input_file>
      <input_file id="fl-e4">
         <path>C:\TI_CodeComposer\ccsv6\tools\compiler\ti-cgt-arm_15.12.1.LTS\lib\</path>
         <kind>archive</kind>
         <file>rtsv7M4_T_le_v4SPD16_eabi.lib</file>
         <name>fs_tod_t2.obj</name>
      </input_file>
      <input_file id="fl-e5">
         <path>C:\TI_CodeComposer\ccsv6\tools\compiler\ti-cgt-arm_15.12.1.LTS\lib\</path>
         <kind>archive</kind>
         <file>rtsv7M4_T_le_v4SPD16_eabi.lib</file>
         <name>s_atanf.obj</name>
      </input_file>
      <input_file id="fl-e6">
         <path>C:\TI_CodeComposer\TivaWare\driverlib\ccs\Debug\</path>
         <kind>archive</kind>
         <file>driverlib.lib</file>
         <name>i2c.obj</name>
      </input_file>
   </input_file_list>
   <object_component_list>
      <object_component id="oc-f">
         <name>.intvecs</name>
         <load_address>0x0</load_address>
         <run_address>0x0</run_address>
         <size>0x200</size>
         <input_file_ref idref="fl-3"/>
      </object_component>
      <object_component id="oc-123">
         <name>.text:main</name>
         <load_address>0x200</load_address>
         <run_address>0x200</run_address>
         <size>0x739</size>
         <input_file_ref idref="fl-2"/>
      </object_component>
      <object_component id="oc-37">
         <name>.text:FaultISR</name>
         <load_address>0x93a</load_address>
         <run_address>0x93a</run_address>
         <size>0x2</size>
         <input_file_ref idref="fl-3"/>
      </object_component>
      <object_component id="oc-240">
         <name>.text:CompDCMUpdate</name>
         <load_address>0x93c</load_address>
         <run_address>0x93c</run_address>
         <size>0x290</size>
         <input_file_ref idref="fl-d7"/>
      </object_component>
      <object_component id="oc-1d9">
         <name>.text:PinoutSet</name>
         <load_address>0xbcc</load_address>
         <run_address>0xbcc</run_address>
         <size>0x218</size>
         <input_file_ref idref="fl-5"/>
      </object_component>
      <object_component id="oc-1d3">
         <name>.text:SysCtlClockFreqSet</name>
         <load_address>0xde4</load_address>
         <run_address>0xde4</run_address>
         <size>0x1ec</size>
         <input_file_ref idref="fl-d5"/>
      </object_component>
      <object_component id="oc-2ea">
         <name>.text:UARTvprintf</name>
         <load_address>0xfd0</load_address>
         <run_address>0xfd0</run_address>
         <size>0x1ea</size>
         <input_file_ref idref="fl-6"/>
      </object_component>
      <object_component id="oc-24c">
         <name>.text:CompDCMComputeQuaternion</name>
         <load_address>0x11ba</load_address>
         <run_address>0x11ba</run_address>
         <size>0x1c8</size>
         <input_file_ref idref="fl-d7"/>
      </object_component>
      <object_component id="oc-353">
         <name>.text</name>
         <load_address>0x1382</load_address>
         <run_address>0x1382</run_address>
         <size>0x1b6</size>
         <input_file_ref idref="fl-e0"/>
      </object_component>
      <object_component id="oc-158">
         <name>.text:MPU9150Callback</name>
         <load_address>0x1538</load_address>
         <run_address>0x1538</run_address>
         <size>0x194</size>
         <input_file_ref idref="fl-d9"/>
      </object_component>
      <object_component id="oc-35f">
         <name>.text</name>
         <load_address>0x16cc</load_address>
         <run_address>0x16cc</run_address>
         <size>0x178</size>
         <input_file_ref idref="fl-db"/>
      </object_component>
      <object_component id="oc-3da">
         <name>.text</name>
         <load_address>0x1844</load_address>
         <run_address>0x1844</run_address>
         <size>0x170</size>
         <input_file_ref idref="fl-dd"/>
      </object_component>
      <object_component id="oc-43">
         <name>.text:UARTStdioIntHandler</name>
         <load_address>0x19b4</load_address>
         <run_address>0x19b4</run_address>
         <size>0x160</size>
         <input_file_ref idref="fl-6"/>
      </object_component>
      <object_component id="oc-359">
         <name>.text</name>
         <load_address>0x1b14</load_address>
         <run_address>0x1b14</run_address>
         <size>0x158</size>
         <input_file_ref idref="fl-dc"/>
      </object_component>
      <object_component id="oc-3cd">
         <name>.text</name>
         <load_address>0x1c6c</load_address>
         <run_address>0x1c6c</run_address>
         <size>0x150</size>
         <input_file_ref idref="fl-e5"/>
      </object_component>
      <object_component id="oc-2d6">
         <name>.text:GPIOPadConfigSet</name>
         <load_address>0x1dbc</load_address>
         <run_address>0x1dbc</run_address>
         <size>0x132</size>
         <input_file_ref idref="fl-d3"/>
      </object_component>
      <object_component id="oc-326">
         <name>.text</name>
         <load_address>0x1eee</load_address>
         <run_address>0x1eee</run_address>
         <size>0xfc</size>
         <input_file_ref idref="fl-e2"/>
      </object_component>
      <object_component id="oc-3d">
         <name>.text:IntDefaultHandler</name>
         <load_address>0x1fea</load_address>
         <run_address>0x1fea</run_address>
         <size>0x2</size>
         <input_file_ref idref="fl-3"/>
      </object_component>
      <object_component id="oc-f1">
         <name>.text:I2CMIntHandler</name>
         <load_address>0x1fec</load_address>
         <run_address>0x1fec</run_address>
         <size>0xf2</size>
         <input_file_ref idref="fl-d8"/>
      </object_component>
      <object_component id="oc-31">
         <name>.text:NmiSR</name>
         <load_address>0x20de</load_address>
         <run_address>0x20de</run_address>
         <size>0x2</size>
         <input_file_ref idref="fl-3"/>
      </object_component>
      <object_component id="oc-30c">
         <name>.text:MPU9150AppErrorHandler</name>
         <load_address>0x20e0</load_address>
         <run_address>0x20e0</run_address>
         <size>0xc4</size>
         <input_file_ref idref="fl-2"/>
      </object_component>
      <object_component id="oc-23a">
         <name>.text:CompDCMStart</name>
         <load_address>0x21a4</load_address>
         <run_address>0x21a4</run_address>
         <size>0xb0</size>
         <input_file_ref idref="fl-d7"/>
      </object_component>
      <object_component id="oc-2e3">
         <name>.text:UARTStdioConfig</name>
         <load_address>0x2254</load_address>
         <run_address>0x2254</run_address>
         <size>0xb0</size>
         <input_file_ref idref="fl-6"/>
      </object_component>
      <object_component id="oc-af">
         <name>.text:UARTwrite</name>
         <load_address>0x2304</load_address>
         <run_address>0x2304</run_address>
         <size>0xa8</size>
         <input_file_ref idref="fl-6"/>
      </object_component>
      <object_component id="oc-222">
         <name>.text:MPU9150DataMagnetoGetFloat</name>
         <load_address>0x23ac</load_address>
         <run_address>0x23ac</run_address>
         <size>0x9c</size>
         <input_file_ref idref="fl-d9"/>
      </object_component>
      <object_component id="oc-209">
         <name>.text:MPU9150Write</name>
         <load_address>0x2448</load_address>
         <run_address>0x2448</run_address>
         <size>0x9c</size>
         <input_file_ref idref="fl-d9"/>
      </object_component>
      <object_component id="oc-58">
         <name>.text</name>
         <load_address>0x24e4</load_address>
         <run_address>0x24e4</run_address>
         <size>0x9c</size>
         <input_file_ref idref="fl-c7"/>
      </object_component>
      <object_component id="oc-1bc">
         <name>.text:I2CMStateIdle</name>
         <load_address>0x2580</load_address>
         <run_address>0x2580</run_address>
         <size>0x98</size>
         <input_file_ref idref="fl-d8"/>
      </object_component>
      <object_component id="oc-a3">
         <name>.text:UARTPrimeTransmit</name>
         <load_address>0x2618</load_address>
         <run_address>0x2618</run_address>
         <size>0x8c</size>
         <input_file_ref idref="fl-6"/>
      </object_component>
      <object_component id="oc-152">
         <name>.text:I2CMCommand</name>
         <load_address>0x26a4</load_address>
         <run_address>0x26a4</run_address>
         <size>0x88</size>
         <input_file_ref idref="fl-d8"/>
      </object_component>
      <object_component id="oc-413">
         <name>.text:__aeabi_cdrcmple</name>
         <load_address>0x272c</load_address>
         <run_address>0x272c</run_address>
         <size>0x86</size>
         <input_file_ref idref="fl-e1"/>
      </object_component>
      <object_component id="oc-3f1">
         <name>.text</name>
         <load_address>0x27b2</load_address>
         <run_address>0x27b2</run_address>
         <size>0x2</size>
         <input_file_ref idref="fl-d1"/>
      </object_component>
      <object_component id="oc-216">
         <name>.text:MPU9150DataAccelGetFloat</name>
         <load_address>0x27b4</load_address>
         <run_address>0x27b4</run_address>
         <size>0x7c</size>
         <input_file_ref idref="fl-d9"/>
      </object_component>
      <object_component id="oc-21c">
         <name>.text:MPU9150DataGyroGetFloat</name>
         <load_address>0x2830</load_address>
         <run_address>0x2830</run_address>
         <size>0x7c</size>
         <input_file_ref idref="fl-d9"/>
      </object_component>
      <object_component id="oc-71">
         <name>.text</name>
         <load_address>0x28ac</load_address>
         <run_address>0x28ac</run_address>
         <size>0x7a</size>
         <input_file_ref idref="fl-c8"/>
      </object_component>
      <object_component id="oc-7d">
         <name>.text</name>
         <load_address>0x2926</load_address>
         <run_address>0x2926</run_address>
         <size>0x2</size>
         <input_file_ref idref="fl-c9"/>
      </object_component>
      <object_component id="oc-89">
         <name>.text</name>
         <load_address>0x2928</load_address>
         <run_address>0x2928</run_address>
         <size>0x70</size>
         <input_file_ref idref="fl-cf"/>
      </object_component>
      <object_component id="oc-32b">
         <name>.text</name>
         <load_address>0x2998</load_address>
         <run_address>0x2998</run_address>
         <size>0x6e</size>
         <input_file_ref idref="fl-e3"/>
      </object_component>
      <object_component id="oc-11b">
         <name>.text</name>
         <load_address>0x2a06</load_address>
         <run_address>0x2a06</run_address>
         <size>0x2</size>
         <input_file_ref idref="fl-d2"/>
      </object_component>
      <object_component id="oc-db">
         <name>.text:LEDWrite</name>
         <load_address>0x2a08</load_address>
         <run_address>0x2a08</run_address>
         <size>0x6c</size>
         <input_file_ref idref="fl-5"/>
      </object_component>
      <object_component id="oc-1fd">
         <name>.text:MPU9150Init</name>
         <load_address>0x2a74</load_address>
         <run_address>0x2a74</run_address>
         <size>0x6c</size>
         <input_file_ref idref="fl-d9"/>
      </object_component>
      <object_component id="oc-64">
         <name>.text</name>
         <load_address>0x2ae0</load_address>
         <run_address>0x2ae0</run_address>
         <size>0x6a</size>
         <input_file_ref idref="fl-c4"/>
      </object_component>
      <object_component id="oc-27b">
         <name>.text:IntDisable</name>
         <load_address>0x2b4c</load_address>
         <run_address>0x2b4c</run_address>
         <size>0x68</size>
         <input_file_ref idref="fl-d4"/>
      </object_component>
      <object_component id="oc-287">
         <name>.text:IntEnable</name>
         <load_address>0x2bb4</load_address>
         <run_address>0x2bb4</run_address>
         <size>0x68</size>
         <input_file_ref idref="fl-d4"/>
      </object_component>
      <object_component id="oc-275">
         <name>.text:IntIsEnabled</name>
         <load_address>0x2c1c</load_address>
         <run_address>0x2c1c</run_address>
         <size>0x64</size>
         <input_file_ref idref="fl-d4"/>
      </object_component>
      <object_component id="oc-3ad">
         <name>.text:LEDRead</name>
         <load_address>0x2c80</load_address>
         <run_address>0x2c80</run_address>
         <size>0x60</size>
         <input_file_ref idref="fl-5"/>
      </object_component>
      <object_component id="oc-e1">
         <name>.text:MPU9150DataRead</name>
         <load_address>0x2ce0</load_address>
         <run_address>0x2ce0</run_address>
         <size>0x60</size>
         <input_file_ref idref="fl-d9"/>
      </object_component>
      <object_component id="oc-1aa">
         <name>.text:I2CMStateWritePause</name>
         <load_address>0x2d40</load_address>
         <run_address>0x2d40</run_address>
         <size>0x5e</size>
         <input_file_ref idref="fl-d8"/>
      </object_component>
      <object_component id="oc-1df">
         <name>.text:ConfigureUART</name>
         <load_address>0x2da0</load_address>
         <run_address>0x2da0</run_address>
         <size>0x5c</size>
         <input_file_ref idref="fl-2"/>
      </object_component>
      <object_component id="oc-334">
         <name>.text:VectorCrossProduct</name>
         <load_address>0x2dfc</load_address>
         <run_address>0x2dfc</run_address>
         <size>0x56</size>
         <input_file_ref idref="fl-da"/>
      </object_component>
      <object_component id="oc-313">
         <name>.text:I2CMWrite8</name>
         <load_address>0x2e54</load_address>
         <run_address>0x2e54</run_address>
         <size>0x54</size>
         <input_file_ref idref="fl-d8"/>
      </object_component>
      <object_component id="oc-24">
         <name>.text</name>
         <load_address>0x2ea8</load_address>
         <run_address>0x2ea8</run_address>
         <size>0x54</size>
         <input_file_ref idref="fl-c2"/>
      </object_component>
      <object_component id="oc-95">
         <name>.text</name>
         <load_address>0x2efc</load_address>
         <run_address>0x2efc</run_address>
         <size>0x54</size>
         <input_file_ref idref="fl-c6"/>
      </object_component>
      <object_component id="oc-1b0">
         <name>.text:I2CMStateWriteFinal</name>
         <load_address>0x2f50</load_address>
         <run_address>0x2f50</run_address>
         <size>0x50</size>
         <input_file_ref idref="fl-d8"/>
      </object_component>
      <object_component id="oc-2fe">
         <name>.text:I2CMasterInitExpClk</name>
         <load_address>0x2fa0</load_address>
         <run_address>0x2fa0</run_address>
         <size>0x4c</size>
         <input_file_ref idref="fl-e6"/>
      </object_component>
      <object_component id="oc-115">
         <name>.text</name>
         <load_address>0x2fec</load_address>
         <run_address>0x2fec</run_address>
         <size>0x4c</size>
         <input_file_ref idref="fl-d0"/>
      </object_component>
      <object_component id="oc-198">
         <name>.text:I2CMStateReadNext</name>
         <load_address>0x3038</load_address>
         <run_address>0x3038</run_address>
         <size>0x4a</size>
         <input_file_ref idref="fl-d8"/>
      </object_component>
      <object_component id="oc-1b6">
         <name>.text:I2CMStateWriteNext</name>
         <load_address>0x3082</load_address>
         <run_address>0x3082</run_address>
         <size>0x48</size>
         <input_file_ref idref="fl-d8"/>
      </object_component>
      <object_component id="oc-2c5">
         <name>.text:_SysCtlFrequencyGet</name>
         <load_address>0x30cc</load_address>
         <run_address>0x30cc</run_address>
         <size>0x48</size>
         <input_file_ref idref="fl-d5"/>
      </object_component>
      <object_component id="oc-20f">
         <name>.text:CompDCMInit</name>
         <load_address>0x3114</load_address>
         <run_address>0x3114</run_address>
         <size>0x44</size>
         <input_file_ref idref="fl-d7"/>
      </object_component>
      <object_component id="oc-180">
         <name>.text:I2CMStateCallback</name>
         <load_address>0x3158</load_address>
         <run_address>0x3158</run_address>
         <size>0x44</size>
         <input_file_ref idref="fl-d8"/>
      </object_component>
      <object_component id="oc-246">
         <name>.text:CompDCMComputeEulers</name>
         <load_address>0x319c</load_address>
         <run_address>0x319c</run_address>
         <size>0x42</size>
         <input_file_ref idref="fl-d7"/>
      </object_component>
      <object_component id="oc-192">
         <name>.text:I2CMStateReadFinal</name>
         <load_address>0x31de</load_address>
         <run_address>0x31de</run_address>
         <size>0x42</size>
         <input_file_ref idref="fl-d8"/>
      </object_component>
      <object_component id="oc-3b4">
         <name>.text:I2CMWrite8Callback</name>
         <load_address>0x3220</load_address>
         <run_address>0x3220</run_address>
         <size>0x40</size>
         <input_file_ref idref="fl-d8"/>
      </object_component>
      <object_component id="oc-39e">
         <name>.text</name>
         <load_address>0x3260</load_address>
         <run_address>0x3260</run_address>
         <size>0x40</size>
         <input_file_ref idref="fl-cc"/>
      </object_component>
      <object_component id="oc-18c">
         <name>.text:I2CMStateReadPause</name>
         <load_address>0x32a0</load_address>
         <run_address>0x32a0</run_address>
         <size>0x3e</size>
         <input_file_ref idref="fl-d8"/>
      </object_component>
      <object_component id="oc-49">
         <name>.text:GPIOPortMIntHandler</name>
         <load_address>0x32e0</load_address>
         <run_address>0x32e0</run_address>
         <size>0x3c</size>
         <input_file_ref idref="fl-2"/>
      </object_component>
      <object_component id="oc-391">
         <name>.text:UARTFlushTx</name>
         <load_address>0x331c</load_address>
         <run_address>0x331c</run_address>
         <size>0x3c</size>
         <input_file_ref idref="fl-6"/>
      </object_component>
      <object_component id="oc-321">
         <name>.text</name>
         <load_address>0x3358</load_address>
         <run_address>0x3358</run_address>
         <size>0x38</size>
         <input_file_ref idref="fl-e4"/>
      </object_component>
      <object_component id="oc-1f7">
         <name>.text:I2CMInit</name>
         <load_address>0x3390</load_address>
         <run_address>0x3390</run_address>
         <size>0x34</size>
         <input_file_ref idref="fl-d8"/>
      </object_component>
      <object_component id="oc-34d">
         <name>.text:VectorAdd</name>
         <load_address>0x33c4</load_address>
         <run_address>0x33c4</run_address>
         <size>0x32</size>
         <input_file_ref idref="fl-da"/>
      </object_component>
      <object_component id="oc-400">
         <name>.text:I2CMTransferResume</name>
         <load_address>0x33f6</load_address>
         <run_address>0x33f6</run_address>
         <size>0x30</size>
         <input_file_ref idref="fl-d8"/>
      </object_component>
      <object_component id="oc-203">
         <name>.text:MPU9150AppI2CWait</name>
         <load_address>0x3428</load_address>
         <run_address>0x3428</run_address>
         <size>0x30</size>
         <input_file_ref idref="fl-2"/>
      </object_component>
      <object_component id="oc-38b">
         <name>.text:UARTFlushRx</name>
         <load_address>0x3458</load_address>
         <run_address>0x3458</run_address>
         <size>0x2c</size>
         <input_file_ref idref="fl-6"/>
      </object_component>
      <object_component id="oc-2f6">
         <name>.text:GPIODirModeSet</name>
         <load_address>0x3484</load_address>
         <run_address>0x3484</run_address>
         <size>0x2a</size>
         <input_file_ref idref="fl-d3"/>
      </object_component>
      <object_component id="oc-19e">
         <name>.text:I2CMStateReadFirst</name>
         <load_address>0x34ae</load_address>
         <run_address>0x34ae</run_address>
         <size>0x2a</size>
         <input_file_ref idref="fl-d8"/>
      </object_component>
      <object_component id="oc-340">
         <name>.text</name>
         <load_address>0x34d8</load_address>
         <run_address>0x34d8</run_address>
         <size>0x28</size>
         <input_file_ref idref="fl-de"/>
      </object_component>
      <object_component id="oc-33a">
         <name>.text:VectorDotProduct</name>
         <load_address>0x3500</load_address>
         <run_address>0x3500</run_address>
         <size>0x26</size>
         <input_file_ref idref="fl-da"/>
      </object_component>
      <object_component id="oc-346">
         <name>.text:VectorScale</name>
         <load_address>0x3526</load_address>
         <run_address>0x3526</run_address>
         <size>0x26</size>
         <input_file_ref idref="fl-da"/>
      </object_component>
      <object_component id="oc-ea">
         <name>.text:MPU9150AppCallback</name>
         <load_address>0x354c</load_address>
         <run_address>0x354c</run_address>
         <size>0x24</size>
         <input_file_ref idref="fl-2"/>
      </object_component>
      <object_component id="oc-1a4">
         <name>.text:I2CMStateReadOne</name>
         <load_address>0x3570</load_address>
         <run_address>0x3570</run_address>
         <size>0x20</size>
         <input_file_ref idref="fl-d8"/>
      </object_component>
      <object_component id="oc-2bf">
         <name>.text:_SysCtlMemTimingGet</name>
         <load_address>0x3590</load_address>
         <run_address>0x3590</run_address>
         <size>0x20</size>
         <input_file_ref idref="fl-d5"/>
      </object_component>
      <object_component id="oc-186">
         <name>.text:I2CMStateReadWait</name>
         <load_address>0x35b0</load_address>
         <run_address>0x35b0</run_address>
         <size>0x1a</size>
         <input_file_ref idref="fl-d8"/>
      </object_component>
      <object_component id="oc-1e5">
         <name>.text:UARTprintf</name>
         <load_address>0x35ca</load_address>
         <run_address>0x35ca</run_address>
         <size>0x1a</size>
         <input_file_ref idref="fl-6"/>
      </object_component>
      <object_component id="oc-b5">
         <name>.text:IsBufferFull</name>
         <load_address>0x35e4</load_address>
         <run_address>0x35e4</run_address>
         <size>0x18</size>
         <input_file_ref idref="fl-6"/>
      </object_component>
      <object_component id="oc-8f">
         <name>.text</name>
         <load_address>0x35fc</load_address>
         <run_address>0x35fc</run_address>
         <size>0x18</size>
         <input_file_ref idref="fl-ce"/>
      </object_component>
      <object_component id="oc-25e">
         <name>.text</name>
         <load_address>0x3614</load_address>
         <run_address>0x3614</run_address>
         <size>0x14</size>
         <input_file_ref idref="fl-cd"/>
      </object_component>
      <object_component id="oc-2dc">
         <name>.text:GPIOPinTypeEthernetLED</name>
         <load_address>0x3628</load_address>
         <run_address>0x3628</run_address>
         <size>0x12</size>
         <input_file_ref idref="fl-d3"/>
      </object_component>
      <object_component id="oc-1eb">
         <name>.text:GPIOPinTypeI2CSCL</name>
         <load_address>0x363a</load_address>
         <run_address>0x363a</run_address>
         <size>0x12</size>
         <input_file_ref idref="fl-d3"/>
      </object_component>
      <object_component id="oc-22e">
         <name>.text:CompDCMAccelUpdate</name>
         <load_address>0x364c</load_address>
         <run_address>0x364c</run_address>
         <size>0xe</size>
         <input_file_ref idref="fl-d7"/>
      </object_component>
      <object_component id="oc-234">
         <name>.text:CompDCMGyroUpdate</name>
         <load_address>0x365a</load_address>
         <run_address>0x365a</run_address>
         <size>0xe</size>
         <input_file_ref idref="fl-d7"/>
      </object_component>
      <object_component id="oc-228">
         <name>.text:CompDCMMagnetoUpdate</name>
         <load_address>0x3668</load_address>
         <run_address>0x3668</run_address>
         <size>0xe</size>
         <input_file_ref idref="fl-d7"/>
      </object_component>
      <object_component id="oc-cf">
         <name>.text:GPIOIntStatus</name>
         <load_address>0x3676</load_address>
         <run_address>0x3676</run_address>
         <size>0xe</size>
         <input_file_ref idref="fl-d3"/>
      </object_component>
      <object_component id="oc-a9">
         <name>.text:IsBufferEmpty</name>
         <load_address>0x3684</load_address>
         <run_address>0x3684</run_address>
         <size>0xe</size>
         <input_file_ref idref="fl-6"/>
      </object_component>
      <object_component id="oc-12">
         <name>.text:decompress:none</name>
         <load_address>0x3692</load_address>
         <run_address>0x3692</run_address>
         <size>0xe</size>
         <input_file_ref idref="fl-c3"/>
      </object_component>
      <object_component id="oc-1f1">
         <name>.text:GPIOIntEnable</name>
         <load_address>0x36a0</load_address>
         <run_address>0x36a0</run_address>
         <size>0xc</size>
         <input_file_ref idref="fl-d3"/>
      </object_component>
      <object_component id="oc-281">
         <name>.text:IntTrigger</name>
         <load_address>0x36ac</load_address>
         <run_address>0x36ac</run_address>
         <size>0xc</size>
         <input_file_ref idref="fl-d4"/>
      </object_component>
      <object_component id="oc-4f">
         <name>.text:MPU9150I2CIntHandler</name>
         <load_address>0x36b8</load_address>
         <run_address>0x36b8</run_address>
         <size>0xc</size>
         <input_file_ref idref="fl-2"/>
      </object_component>
      <object_component id="oc-3a5">
         <name>.text:I2CMasterEnable</name>
         <load_address>0x36c4</load_address>
         <run_address>0x36c4</run_address>
         <size>0xa</size>
         <input_file_ref idref="fl-e6"/>
      </object_component>
      <object_component id="oc-174">
         <name>.text:I2CMasterIntClear</name>
         <load_address>0x36ce</load_address>
         <run_address>0x36ce</run_address>
         <size>0x8</size>
         <input_file_ref idref="fl-e6"/>
      </object_component>
      <object_component id="oc-304">
         <name>.text:I2CMasterIntEnableEx</name>
         <load_address>0x36d6</load_address>
         <run_address>0x36d6</run_address>
         <size>0x8</size>
         <input_file_ref idref="fl-e6"/>
      </object_component>
      <object_component id="oc-2a4">
         <name>.text:I2CMasterSlaveAddrSet</name>
         <load_address>0x36de</load_address>
         <run_address>0x36de</run_address>
         <size>0x8</size>
         <input_file_ref idref="fl-e6"/>
      </object_component>
      <object_component id="oc-d5">
         <name>.text:GPIOIntClear</name>
         <load_address>0x36e6</load_address>
         <run_address>0x36e6</run_address>
         <size>0x6</size>
         <input_file_ref idref="fl-d3"/>
      </object_component>
      <object_component id="oc-3f9">
         <name>.text:GPIOPinRead</name>
         <load_address>0x36ec</load_address>
         <run_address>0x36ec</run_address>
         <size>0x6</size>
         <input_file_ref idref="fl-d3"/>
      </object_component>
      <object_component id="oc-14a">
         <name>.text:GPIOPinWrite</name>
         <load_address>0x36f2</load_address>
         <run_address>0x36f2</run_address>
         <size>0x6</size>
         <input_file_ref idref="fl-d3"/>
      </object_component>
      <object_component id="oc-2b">
         <name>.text:ResetISR</name>
         <load_address>0x36f8</load_address>
         <run_address>0x36f8</run_address>
         <size>0x6</size>
         <input_file_ref idref="fl-3"/>
      </object_component>
      <object_component id="oc-18">
         <name>.text:decompress:rle24</name>
         <load_address>0x36fe</load_address>
         <run_address>0x36fe</run_address>
         <size>0x6</size>
         <input_file_ref idref="fl-c4"/>
      </object_component>
      <object_component id="oc-17a">
         <name>.text:I2CMasterControl</name>
         <load_address>0x3704</load_address>
         <run_address>0x3704</run_address>
         <size>0x4</size>
         <input_file_ref idref="fl-e6"/>
      </object_component>
      <object_component id="oc-29a">
         <name>.text:I2CMasterDataGet</name>
         <load_address>0x3708</load_address>
         <run_address>0x3708</run_address>
         <size>0x4</size>
         <input_file_ref idref="fl-e6"/>
      </object_component>
      <object_component id="oc-2ac">
         <name>.text:I2CMasterDataPut</name>
         <load_address>0x370c</load_address>
         <run_address>0x370c</run_address>
         <size>0x4</size>
         <input_file_ref idref="fl-e6"/>
      </object_component>
      <object_component id="oc-83">
         <name>.text</name>
         <load_address>0x3710</load_address>
         <run_address>0x3710</run_address>
         <size>0x4</size>
         <input_file_ref idref="fl-ca"/>
      </object_component>
      <object_component id="oc-2ce">
         <name>.const:g_pppui32XTALtoVCO</name>
         <load_address>0x3718</load_address>
         <run_address>0x3718</run_address>
         <size>0x1b0</size>
         <input_file_ref idref="fl-d5"/>
      </object_component>
      <object_component id="oc-36a">
         <name>.const</name>
         <load_address>0x38c8</load_address>
         <run_address>0x38c8</run_address>
         <size>0x70</size>
         <input_file_ref idref="fl-d4"/>
      </object_component>
      <object_component id="oc-2cb">
         <name>.const:g_pui32Xtals</name>
         <load_address>0x3938</load_address>
         <run_address>0x3938</run_address>
         <size>0x6c</size>
         <input_file_ref idref="fl-d5"/>
      </object_component>
      <object_component id="oc-40d">
         <name>.const:$O1$$</name>
         <load_address>0x39a4</load_address>
         <run_address>0x39a4</run_address>
         <size>0x34</size>
         <input_file_ref idref="fl-e5"/>
      </object_component>
      <object_component id="oc-377">
         <name>.const:g_sXTALtoMEMTIM</name>
         <load_address>0x39d8</load_address>
         <run_address>0x39d8</run_address>
         <size>0x30</size>
         <input_file_ref idref="fl-d5"/>
      </object_component>
      <object_component id="oc-3e0">
         <name>.const</name>
         <load_address>0x3a08</load_address>
         <run_address>0x3a08</run_address>
         <size>0x20</size>
         <input_file_ref idref="fl-db"/>
      </object_component>
      <object_component id="oc-31c">
         <name>.const</name>
         <load_address>0x3a28</load_address>
         <run_address>0x3a28</run_address>
         <size>0x20</size>
         <input_file_ref idref="fl-d9"/>
      </object_component>
      <object_component id="oc-39a">
         <name>.const:g_ui32UARTBase</name>
         <load_address>0x3a48</load_address>
         <run_address>0x3a48</run_address>
         <size>0xc</size>
         <input_file_ref idref="fl-6"/>
      </object_component>
      <object_component id="oc-136">
         <name>.const:g_ui32UARTInt</name>
         <load_address>0x3a54</load_address>
         <run_address>0x3a54</run_address>
         <size>0xc</size>
         <input_file_ref idref="fl-6"/>
      </object_component>
      <object_component id="oc-397">
         <name>.const:g_ui32UARTPeriph</name>
         <load_address>0x3a60</load_address>
         <run_address>0x3a60</run_address>
         <size>0xc</size>
         <input_file_ref idref="fl-6"/>
      </object_component>
      <object_component id="oc-2d1">
         <name>.const</name>
         <load_address>0x3a6c</load_address>
         <run_address>0x3a6c</run_address>
         <size>0x8</size>
         <input_file_ref idref="fl-d5"/>
      </object_component>
      <object_component id="oc-450">
         <name>.cinit..data.load</name>
         <load_address>0x3a78</load_address>
         <run_address>0x3a78</run_address>
         <size>0x16</size>
      </object_component>
      <object_component id="oc-451">
         <name>.cinit..bss.load</name>
         <load_address>0x3a90</load_address>
         <run_address>0x3a90</run_address>
         <size>0xb</size>
      </object_component>
      <object_component id="oc-44e">
         <name>__TI_handler_table</name>
         <load_address>0x3a9c</load_address>
         <run_address>0x3a9c</run_address>
         <size>0x8</size>
      </object_component>
      <object_component id="oc-44f">
         <name>__TI_cinit_table</name>
         <load_address>0x3aa4</load_address>
         <run_address>0x3aa4</run_address>
         <size>0x10</size>
      </object_component>
      <object_component id="oc-bb">
         <name>.data</name>
         <load_address>0x20000a80</load_address>
         <run_address>0x20000a80</run_address>
         <size>0x15</size>
         <input_file_ref idref="fl-6"/>
      </object_component>
      <object_component id="oc-12b">
         <name>.data:$O1$$</name>
         <load_address>0x20000a98</load_address>
         <run_address>0x20000a98</run_address>
         <size>0xc</size>
         <input_file_ref idref="fl-c6"/>
      </object_component>
      <object_component id="oc-9b">
         <name>.data</name>
         <load_address>0x20000ab0</load_address>
         <run_address>0x20000ab0</run_address>
         <size>0x4</size>
         <input_file_ref idref="fl-cb"/>
      </object_component>
      <object_component id="oc-12e">
         <name>.data:$O1$$</name>
         <load_address>0x20000aa4</load_address>
         <run_address>0x20000aa4</run_address>
         <size>0x8</size>
         <input_file_ref idref="fl-cd"/>
      </object_component>
      <object_component id="oc-3c5">
         <name>.data</name>
         <load_address>0x20000aac</load_address>
         <run_address>0x20000aac</run_address>
         <size>0x4</size>
         <input_file_ref idref="fl-df"/>
      </object_component>
      <object_component id="oc-be">
         <name>.bss</name>
         <uninitialized>true</uninitialized>
         <run_address>0x20000668</run_address>
         <size>0x8</size>
         <input_file_ref idref="fl-6"/>
      </object_component>
      <object_component id="oc-139">
         <name>.bss:g_pcUARTTxBuffer</name>
         <uninitialized>true</uninitialized>
         <run_address>0x20000000</run_address>
         <size>0x400</size>
         <input_file_ref idref="fl-6"/>
      </object_component>
      <object_component id="oc-c1">
         <name>.bss:g_pcUARTRxBuffer</name>
         <uninitialized>true</uninitialized>
         <run_address>0x20000524</run_address>
         <size>0x80</size>
         <input_file_ref idref="fl-6"/>
      </object_component>
      <object_component id="oc-215">
         <name>.common:g_ui32SysClock</name>
         <uninitialized>true</uninitialized>
         <run_address>0x20000674</run_address>
         <size>0x4</size>
      </object_component>
      <object_component id="oc-f7">
         <name>.common:g_sI2CInst</name>
         <uninitialized>true</uninitialized>
         <run_address>0x20000400</run_address>
         <size>0x124</size>
      </object_component>
      <object_component id="oc-e7">
         <name>.common:g_sMPU9150Inst</name>
         <uninitialized>true</uninitialized>
         <run_address>0x200005a4</run_address>
         <size>0x6c</size>
      </object_component>
      <object_component id="oc-252">
         <name>.common:g_sCompDCMInst</name>
         <uninitialized>true</uninitialized>
         <run_address>0x20000610</run_address>
         <size>0x58</size>
      </object_component>
      <object_component id="oc-171">
         <name>.common:g_vui8I2CDoneFlag</name>
         <uninitialized>true</uninitialized>
         <run_address>0x2000067c</run_address>
         <size>0x4</size>
      </object_component>
      <object_component id="oc-172">
         <name>.common:g_vui8ErrorFlag</name>
         <uninitialized>true</uninitialized>
         <run_address>0x20000678</run_address>
         <size>0x4</size>
      </object_component>
      <object_component id="oc-253">
         <name>.common:g_ui32PrintSkipCounter</name>
         <uninitialized>true</uninitialized>
         <run_address>0x20000670</run_address>
         <size>0x4</size>
      </object_component>
      <object_component id="oc-2a">
         <name>.stack</name>
         <uninitialized>true</uninitialized>
         <run_address>0x20000680</run_address>
         <size>0x0</size>
         <input_file_ref idref="fl-c2"/>
      </object_component>
      <object_component id="oc-452">
         <name>.stack</name>
         <uninitialized>true</uninitialized>
         <run_address>0x20000680</run_address>
         <size>0x0</size>
      </object_component>
      <object_component id="oc-e8">
         <name>.debug_info</name>
         <load_address>0x0</load_address>
         <run_address>0x0</run_address>
         <size>0xa4c</size>
         <input_file_ref idref="fl-2"/>
      </object_component>
      <object_component id="oc-eb">
         <name>.debug_info</name>
         <load_address>0xa4c</load_address>
         <run_address>0xa4c</run_address>
         <size>0x194</size>
         <input_file_ref idref="fl-2"/>
      </object_component>
      <object_component id="oc-1e0">
         <name>.debug_info</name>
         <load_address>0xbe0</load_address>
         <run_address>0xbe0</run_address>
         <size>0x15c</size>
         <input_file_ref idref="fl-2"/>
      </object_component>
      <object_component id="oc-30d">
         <name>.debug_info</name>
         <load_address>0xd3c</load_address>
         <run_address>0xd3c</run_address>
         <size>0x212</size>
         <input_file_ref idref="fl-2"/>
      </object_component>
      <object_component id="oc-204">
         <name>.debug_info</name>
         <load_address>0xf4e</load_address>
         <run_address>0xf4e</run_address>
         <size>0x19b</size>
         <input_file_ref idref="fl-2"/>
      </object_component>
      <object_component id="oc-124">
         <name>.debug_info</name>
         <load_address>0x10e9</load_address>
         <run_address>0x10e9</run_address>
         <size>0x644</size>
         <input_file_ref idref="fl-2"/>
      </object_component>
      <object_component id="oc-50">
         <name>.debug_info</name>
         <load_address>0x172d</load_address>
         <run_address>0x172d</run_address>
         <size>0x13e</size>
         <input_file_ref idref="fl-2"/>
      </object_component>
      <object_component id="oc-4a">
         <name>.debug_info</name>
         <load_address>0x186b</load_address>
         <run_address>0x186b</run_address>
         <size>0x191</size>
         <input_file_ref idref="fl-2"/>
      </object_component>
      <object_component id="oc-162">
         <name>.debug_info</name>
         <load_address>0x19fc</load_address>
         <run_address>0x19fc</run_address>
         <size>0x4e6</size>
         <input_file_ref idref="fl-2"/>
      </object_component>
      <object_component id="oc-291">
         <name>.debug_info</name>
         <load_address>0x1ee2</load_address>
         <run_address>0x1ee2</run_address>
         <size>0x108</size>
         <input_file_ref idref="fl-2"/>
      </object_component>
      <object_component id="oc-167">
         <name>.debug_info</name>
         <load_address>0x1fea</load_address>
         <run_address>0x1fea</run_address>
         <size>0x16c</size>
         <input_file_ref idref="fl-2"/>
      </object_component>
      <object_component id="oc-16c">
         <name>.debug_info</name>
         <load_address>0x2156</load_address>
         <run_address>0x2156</run_address>
         <size>0xd6</size>
         <input_file_ref idref="fl-2"/>
      </object_component>
      <object_component id="oc-c5">
         <name>.debug_info</name>
         <load_address>0x222c</load_address>
         <run_address>0x222c</run_address>
         <size>0x8b</size>
         <input_file_ref idref="fl-2"/>
      </object_component>
      <object_component id="oc-ca">
         <name>.debug_info</name>
         <load_address>0x22b7</load_address>
         <run_address>0x22b7</run_address>
         <size>0x18b</size>
         <input_file_ref idref="fl-2"/>
      </object_component>
      <object_component id="oc-2f1">
         <name>.debug_info</name>
         <load_address>0x2442</load_address>
         <run_address>0x2442</run_address>
         <size>0x4e</size>
         <input_file_ref idref="fl-2"/>
      </object_component>
      <object_component id="oc-57">
         <name>.debug_info</name>
         <load_address>0x2490</load_address>
         <run_address>0x2490</run_address>
         <size>0x17b</size>
         <input_file_ref idref="fl-3"/>
      </object_component>
      <object_component id="oc-10">
         <name>.debug_info</name>
         <load_address>0x260b</load_address>
         <run_address>0x260b</run_address>
         <size>0xda</size>
         <input_file_ref idref="fl-3"/>
      </object_component>
      <object_component id="oc-2c">
         <name>.debug_info</name>
         <load_address>0x26e5</load_address>
         <run_address>0x26e5</run_address>
         <size>0x10a</size>
         <input_file_ref idref="fl-3"/>
      </object_component>
      <object_component id="oc-32">
         <name>.debug_info</name>
         <load_address>0x27ef</load_address>
         <run_address>0x27ef</run_address>
         <size>0xf8</size>
         <input_file_ref idref="fl-3"/>
      </object_component>
      <object_component id="oc-3e">
         <name>.debug_info</name>
         <load_address>0x28e7</load_address>
         <run_address>0x28e7</run_address>
         <size>0x113</size>
         <input_file_ref idref="fl-3"/>
      </object_component>
      <object_component id="oc-38">
         <name>.debug_info</name>
         <load_address>0x29fa</load_address>
         <run_address>0x29fa</run_address>
         <size>0xff</size>
         <input_file_ref idref="fl-3"/>
      </object_component>
      <object_component id="oc-103">
         <name>.debug_info</name>
         <load_address>0x2af9</load_address>
         <run_address>0x2af9</run_address>
         <size>0x84</size>
         <input_file_ref idref="fl-3"/>
      </object_component>
      <object_component id="oc-151">
         <name>.debug_info</name>
         <load_address>0x2b7d</load_address>
         <run_address>0x2b7d</run_address>
         <size>0x1f9</size>
         <input_file_ref idref="fl-5"/>
      </object_component>
      <object_component id="oc-1da">
         <name>.debug_info</name>
         <load_address>0x2d76</load_address>
         <run_address>0x2d76</run_address>
         <size>0x384</size>
         <input_file_ref idref="fl-5"/>
      </object_component>
      <object_component id="oc-dc">
         <name>.debug_info</name>
         <load_address>0x30fa</load_address>
         <run_address>0x30fa</run_address>
         <size>0x2b4</size>
         <input_file_ref idref="fl-5"/>
      </object_component>
      <object_component id="oc-3ae">
         <name>.debug_info</name>
         <load_address>0x33ae</load_address>
         <run_address>0x33ae</run_address>
         <size>0x277</size>
         <input_file_ref idref="fl-5"/>
      </object_component>
      <object_component id="oc-13d">
         <name>.debug_info</name>
         <load_address>0x3625</load_address>
         <run_address>0x3625</run_address>
         <size>0x143</size>
         <input_file_ref idref="fl-6"/>
      </object_component>
      <object_component id="oc-bf">
         <name>.debug_info</name>
         <load_address>0x3768</load_address>
         <run_address>0x3768</run_address>
         <size>0x124</size>
         <input_file_ref idref="fl-6"/>
      </object_component>
      <object_component id="oc-13a">
         <name>.debug_info</name>
         <load_address>0x388c</load_address>
         <run_address>0x388c</run_address>
         <size>0xfe</size>
         <input_file_ref idref="fl-6"/>
      </object_component>
      <object_component id="oc-bc">
         <name>.debug_info</name>
         <load_address>0x398a</load_address>
         <run_address>0x398a</run_address>
         <size>0x1de</size>
         <input_file_ref idref="fl-6"/>
      </object_component>
      <object_component id="oc-c2">
         <name>.debug_info</name>
         <load_address>0x3b68</load_address>
         <run_address>0x3b68</run_address>
         <size>0xfe</size>
         <input_file_ref idref="fl-6"/>
      </object_component>
      <object_component id="oc-39b">
         <name>.debug_info</name>
         <load_address>0x3c66</load_address>
         <run_address>0x3c66</run_address>
         <size>0xfa</size>
         <input_file_ref idref="fl-6"/>
      </object_component>
      <object_component id="oc-137">
         <name>.debug_info</name>
         <load_address>0x3d60</load_address>
         <run_address>0x3d60</run_address>
         <size>0xf8</size>
         <input_file_ref idref="fl-6"/>
      </object_component>
      <object_component id="oc-398">
         <name>.debug_info</name>
         <load_address>0x3e58</load_address>
         <run_address>0x3e58</run_address>
         <size>0xfe</size>
         <input_file_ref idref="fl-6"/>
      </object_component>
      <object_component id="oc-b6">
         <name>.debug_info</name>
         <load_address>0x3f56</load_address>
         <run_address>0x3f56</run_address>
         <size>0x242</size>
         <input_file_ref idref="fl-6"/>
      </object_component>
      <object_component id="oc-aa">
         <name>.debug_info</name>
         <load_address>0x4198</load_address>
         <run_address>0x4198</run_address>
         <size>0x212</size>
         <input_file_ref idref="fl-6"/>
      </object_component>
      <object_component id="oc-a4">
         <name>.debug_info</name>
         <load_address>0x43aa</load_address>
         <run_address>0x43aa</run_address>
         <size>0x1eb</size>
         <input_file_ref idref="fl-6"/>
      </object_component>
      <object_component id="oc-b0">
         <name>.debug_info</name>
         <load_address>0x4595</load_address>
         <run_address>0x4595</run_address>
         <size>0x228</size>
         <input_file_ref idref="fl-6"/>
      </object_component>
      <object_component id="oc-2eb">
         <name>.debug_info</name>
         <load_address>0x47bd</load_address>
         <run_address>0x47bd</run_address>
         <size>0x30f</size>
         <input_file_ref idref="fl-6"/>
      </object_component>
      <object_component id="oc-1e6">
         <name>.debug_info</name>
         <load_address>0x4acc</load_address>
         <run_address>0x4acc</run_address>
         <size>0x1aa</size>
         <input_file_ref idref="fl-6"/>
      </object_component>
      <object_component id="oc-44">
         <name>.debug_info</name>
         <load_address>0x4c76</load_address>
         <run_address>0x4c76</run_address>
         <size>0x2a6</size>
         <input_file_ref idref="fl-6"/>
      </object_component>
      <object_component id="oc-38c">
         <name>.debug_info</name>
         <load_address>0x4f1c</load_address>
         <run_address>0x4f1c</run_address>
         <size>0x18f</size>
         <input_file_ref idref="fl-6"/>
      </object_component>
      <object_component id="oc-392">
         <name>.debug_info</name>
         <load_address>0x50ab</load_address>
         <run_address>0x50ab</run_address>
         <size>0x1db</size>
         <input_file_ref idref="fl-6"/>
      </object_component>
      <object_component id="oc-2e4">
         <name>.debug_info</name>
         <load_address>0x5286</load_address>
         <run_address>0x5286</run_address>
         <size>0x280</size>
         <input_file_ref idref="fl-6"/>
      </object_component>
      <object_component id="oc-25">
         <name>.debug_info</name>
         <load_address>0x5506</load_address>
         <run_address>0x5506</run_address>
         <size>0x17c</size>
         <input_file_ref idref="fl-c2"/>
      </object_component>
      <object_component id="oc-63">
         <name>.debug_info</name>
         <load_address>0x5682</load_address>
         <run_address>0x5682</run_address>
         <size>0x15c</size>
         <input_file_ref idref="fl-c3"/>
      </object_component>
      <object_component id="oc-14">
         <name>.debug_info</name>
         <load_address>0x57de</load_address>
         <run_address>0x57de</run_address>
         <size>0x1fb</size>
         <input_file_ref idref="fl-c3"/>
      </object_component>
      <object_component id="oc-5e">
         <name>.debug_info</name>
         <load_address>0x59d9</load_address>
         <run_address>0x59d9</run_address>
         <size>0x46</size>
         <input_file_ref idref="fl-c3"/>
      </object_component>
      <object_component id="oc-fc">
         <name>.debug_info</name>
         <load_address>0x5a1f</load_address>
         <run_address>0x5a1f</run_address>
         <size>0x2c</size>
         <input_file_ref idref="fl-c3"/>
      </object_component>
      <object_component id="oc-6b">
         <name>.debug_info</name>
         <load_address>0x5a4b</load_address>
         <run_address>0x5a4b</run_address>
         <size>0x150</size>
         <input_file_ref idref="fl-c4"/>
      </object_component>
      <object_component id="oc-66">
         <name>.debug_info</name>
         <load_address>0x5b9b</load_address>
         <run_address>0x5b9b</run_address>
         <size>0x263</size>
         <input_file_ref idref="fl-c4"/>
      </object_component>
      <object_component id="oc-19">
         <name>.debug_info</name>
         <load_address>0x5dfe</load_address>
         <run_address>0x5dfe</run_address>
         <size>0x1cd</size>
         <input_file_ref idref="fl-c4"/>
      </object_component>
      <object_component id="oc-6c">
         <name>.debug_info</name>
         <load_address>0x5fcb</load_address>
         <run_address>0x5fcb</run_address>
         <size>0x39</size>
         <input_file_ref idref="fl-c4"/>
      </object_component>
      <object_component id="oc-10b">
         <name>.debug_info</name>
         <load_address>0x6004</load_address>
         <run_address>0x6004</run_address>
         <size>0x2c</size>
         <input_file_ref idref="fl-c4"/>
      </object_component>
      <object_component id="oc-132">
         <name>.debug_info</name>
         <load_address>0x6030</load_address>
         <run_address>0x6030</run_address>
         <size>0x250</size>
         <input_file_ref idref="fl-c6"/>
      </object_component>
      <object_component id="oc-12c">
         <name>.debug_info</name>
         <load_address>0x6280</load_address>
         <run_address>0x6280</run_address>
         <size>0x1a1</size>
         <input_file_ref idref="fl-c6"/>
      </object_component>
      <object_component id="oc-96">
         <name>.debug_info</name>
         <load_address>0x6421</load_address>
         <run_address>0x6421</run_address>
         <size>0x230</size>
         <input_file_ref idref="fl-c6"/>
      </object_component>
      <object_component id="oc-59">
         <name>.debug_info</name>
         <load_address>0x6651</load_address>
         <run_address>0x6651</run_address>
         <size>0x12d</size>
         <input_file_ref idref="fl-c7"/>
      </object_component>
      <object_component id="oc-72">
         <name>.debug_info</name>
         <load_address>0x677e</load_address>
         <run_address>0x677e</run_address>
         <size>0x15b</size>
         <input_file_ref idref="fl-c8"/>
      </object_component>
      <object_component id="oc-7e">
         <name>.debug_info</name>
         <load_address>0x68d9</load_address>
         <run_address>0x68d9</run_address>
         <size>0x154</size>
         <input_file_ref idref="fl-c9"/>
      </object_component>
      <object_component id="oc-84">
         <name>.debug_info</name>
         <load_address>0x6a2d</load_address>
         <run_address>0x6a2d</run_address>
         <size>0x164</size>
         <input_file_ref idref="fl-ca"/>
      </object_component>
      <object_component id="oc-9c">
         <name>.debug_info</name>
         <load_address>0x6b91</load_address>
         <run_address>0x6b91</run_address>
         <size>0x125</size>
         <input_file_ref idref="fl-cb"/>
      </object_component>
      <object_component id="oc-39f">
         <name>.debug_info</name>
         <load_address>0x6cb6</load_address>
         <run_address>0x6cb6</run_address>
         <size>0x156</size>
         <input_file_ref idref="fl-cc"/>
      </object_component>
      <object_component id="oc-266">
         <name>.debug_info</name>
         <load_address>0x6e0c</load_address>
         <run_address>0x6e0c</run_address>
         <size>0x140</size>
         <input_file_ref idref="fl-cd"/>
      </object_component>
      <object_component id="oc-12f">
         <name>.debug_info</name>
         <load_address>0x6f4c</load_address>
         <run_address>0x6f4c</run_address>
         <size>0x12f</size>
         <input_file_ref idref="fl-cd"/>
      </object_component>
      <object_component id="oc-25f">
         <name>.debug_info</name>
         <load_address>0x707b</load_address>
         <run_address>0x707b</run_address>
         <size>0x23b</size>
         <input_file_ref idref="fl-cd"/>
      </object_component>
      <object_component id="oc-12a">
         <name>.debug_info</name>
         <load_address>0x72b6</load_address>
         <run_address>0x72b6</run_address>
         <size>0x182</size>
         <input_file_ref idref="fl-ce"/>
      </object_component>
      <object_component id="oc-90">
         <name>.debug_info</name>
         <load_address>0x7438</load_address>
         <run_address>0x7438</run_address>
         <size>0x183</size>
         <input_file_ref idref="fl-ce"/>
      </object_component>
      <object_component id="oc-257">
         <name>.debug_info</name>
         <load_address>0x75bb</load_address>
         <run_address>0x75bb</run_address>
         <size>0x5e</size>
         <input_file_ref idref="fl-ce"/>
      </object_component>
      <object_component id="oc-122">
         <name>.debug_info</name>
         <load_address>0x7619</load_address>
         <run_address>0x7619</run_address>
         <size>0x305</size>
         <input_file_ref idref="fl-cf"/>
      </object_component>
      <object_component id="oc-8a">
         <name>.debug_info</name>
         <load_address>0x791e</load_address>
         <run_address>0x791e</run_address>
         <size>0x1ac</size>
         <input_file_ref idref="fl-cf"/>
      </object_component>
      <object_component id="oc-1c9">
         <name>.debug_info</name>
         <load_address>0x7aca</load_address>
         <run_address>0x7aca</run_address>
         <size>0x39</size>
         <input_file_ref idref="fl-cf"/>
      </object_component>
      <object_component id="oc-1ce">
         <name>.debug_info</name>
         <load_address>0x7b03</load_address>
         <run_address>0x7b03</run_address>
         <size>0xcd</size>
         <input_file_ref idref="fl-cf"/>
      </object_component>
      <object_component id="oc-1c5">
         <name>.debug_info</name>
         <load_address>0x7bd0</load_address>
         <run_address>0x7bd0</run_address>
         <size>0x1fc</size>
         <input_file_ref idref="fl-d0"/>
      </object_component>
      <object_component id="oc-116">
         <name>.debug_info</name>
         <load_address>0x7dcc</load_address>
         <run_address>0x7dcc</run_address>
         <size>0x19f</size>
         <input_file_ref idref="fl-d0"/>
      </object_component>
      <object_component id="oc-2ba">
         <name>.debug_info</name>
         <load_address>0x7f6b</load_address>
         <run_address>0x7f6b</run_address>
         <size>0x2c</size>
         <input_file_ref idref="fl-d0"/>
      </object_component>
      <object_component id="oc-3f3">
         <name>.debug_info</name>
         <load_address>0x7f97</load_address>
         <run_address>0x7f97</run_address>
         <size>0x163</size>
         <input_file_ref idref="fl-d1"/>
      </object_component>
      <object_component id="oc-11c">
         <name>.debug_info</name>
         <load_address>0x80fa</load_address>
         <run_address>0x80fa</run_address>
         <size>0x161</size>
         <input_file_ref idref="fl-d2"/>
      </object_component>
      <object_component id="oc-148">
         <name>.debug_info</name>
         <load_address>0x825b</load_address>
         <run_address>0x825b</run_address>
         <size>0x230</size>
         <input_file_ref idref="fl-d3"/>
      </object_component>
      <object_component id="oc-14b">
         <name>.debug_info</name>
         <load_address>0x848b</load_address>
         <run_address>0x848b</run_address>
         <size>0x2a3</size>
         <input_file_ref idref="fl-d3"/>
      </object_component>
      <object_component id="oc-2f7">
         <name>.debug_info</name>
         <load_address>0x872e</load_address>
         <run_address>0x872e</run_address>
         <size>0x2b3</size>
         <input_file_ref idref="fl-d3"/>
      </object_component>
      <object_component id="oc-2d7">
         <name>.debug_info</name>
         <load_address>0x89e1</load_address>
         <run_address>0x89e1</run_address>
         <size>0x316</size>
         <input_file_ref idref="fl-d3"/>
      </object_component>
      <object_component id="oc-1ec">
         <name>.debug_info</name>
         <load_address>0x8cf7</load_address>
         <run_address>0x8cf7</run_address>
         <size>0x27f</size>
         <input_file_ref idref="fl-d3"/>
      </object_component>
      <object_component id="oc-2dd">
         <name>.debug_info</name>
         <load_address>0x8f76</load_address>
         <run_address>0x8f76</run_address>
         <size>0x289</size>
         <input_file_ref idref="fl-d3"/>
      </object_component>
      <object_component id="oc-3fa">
         <name>.debug_info</name>
         <load_address>0x91ff</load_address>
         <run_address>0x91ff</run_address>
         <size>0x27b</size>
         <input_file_ref idref="fl-d3"/>
      </object_component>
      <object_component id="oc-d0">
         <name>.debug_info</name>
         <load_address>0x947a</load_address>
         <run_address>0x947a</run_address>
         <size>0x27f</size>
         <input_file_ref idref="fl-d3"/>
      </object_component>
      <object_component id="oc-1f2">
         <name>.debug_info</name>
         <load_address>0x96f9</load_address>
         <run_address>0x96f9</run_address>
         <size>0x28f</size>
         <input_file_ref idref="fl-d3"/>
      </object_component>
      <object_component id="oc-d6">
         <name>.debug_info</name>
         <load_address>0x9988</load_address>
         <run_address>0x9988</run_address>
         <size>0x28d</size>
         <input_file_ref idref="fl-d3"/>
      </object_component>
      <object_component id="oc-36e">
         <name>.debug_info</name>
         <load_address>0x9c15</load_address>
         <run_address>0x9c15</run_address>
         <size>0x20e</size>
         <input_file_ref idref="fl-d4"/>
      </object_component>
      <object_component id="oc-36b">
         <name>.debug_info</name>
         <load_address>0x9e23</load_address>
         <run_address>0x9e23</run_address>
         <size>0x210</size>
         <input_file_ref idref="fl-d4"/>
      </object_component>
      <object_component id="oc-283">
         <name>.debug_info</name>
         <load_address>0xa033</load_address>
         <run_address>0xa033</run_address>
         <size>0x26a</size>
         <input_file_ref idref="fl-d4"/>
      </object_component>
      <object_component id="oc-276">
         <name>.debug_info</name>
         <load_address>0xa29d</load_address>
         <run_address>0xa29d</run_address>
         <size>0x2a1</size>
         <input_file_ref idref="fl-d4"/>
      </object_component>
      <object_component id="oc-288">
         <name>.debug_info</name>
         <load_address>0xa53e</load_address>
         <run_address>0xa53e</run_address>
         <size>0x268</size>
         <input_file_ref idref="fl-d4"/>
      </object_component>
      <object_component id="oc-27c">
         <name>.debug_info</name>
         <load_address>0xa7a6</load_address>
         <run_address>0xa7a6</run_address>
         <size>0x26a</size>
         <input_file_ref idref="fl-d4"/>
      </object_component>
      <object_component id="oc-2d5">
         <name>.debug_info</name>
         <load_address>0xaa10</load_address>
         <run_address>0xaa10</run_address>
         <size>0x298</size>
         <input_file_ref idref="fl-d5"/>
      </object_component>
      <object_component id="oc-2cc">
         <name>.debug_info</name>
         <load_address>0xaca8</load_address>
         <run_address>0xaca8</run_address>
         <size>0x14d</size>
         <input_file_ref idref="fl-d5"/>
      </object_component>
      <object_component id="oc-2cf">
         <name>.debug_info</name>
         <load_address>0xadf5</load_address>
         <run_address>0xadf5</run_address>
         <size>0x159</size>
         <input_file_ref idref="fl-d5"/>
      </object_component>
      <object_component id="oc-378">
         <name>.debug_info</name>
         <load_address>0xaf4e</load_address>
         <run_address>0xaf4e</run_address>
         <size>0x153</size>
         <input_file_ref idref="fl-d5"/>
      </object_component>
      <object_component id="oc-2d2">
         <name>.debug_info</name>
         <load_address>0xb0a1</load_address>
         <run_address>0xb0a1</run_address>
         <size>0x160</size>
         <input_file_ref idref="fl-d5"/>
      </object_component>
      <object_component id="oc-2c0">
         <name>.debug_info</name>
         <load_address>0xb201</load_address>
         <run_address>0xb201</run_address>
         <size>0x270</size>
         <input_file_ref idref="fl-d5"/>
      </object_component>
      <object_component id="oc-2c6">
         <name>.debug_info</name>
         <load_address>0xb471</load_address>
         <run_address>0xb471</run_address>
         <size>0x2ba</size>
         <input_file_ref idref="fl-d5"/>
      </object_component>
      <object_component id="oc-1d4">
         <name>.debug_info</name>
         <load_address>0xb72b</load_address>
         <run_address>0xb72b</run_address>
         <size>0x47f</size>
         <input_file_ref idref="fl-d5"/>
      </object_component>
      <object_component id="oc-384">
         <name>.debug_info</name>
         <load_address>0xbbaa</load_address>
         <run_address>0xbbaa</run_address>
         <size>0x5f</size>
         <input_file_ref idref="fl-d5"/>
      </object_component>
      <object_component id="oc-31b">
         <name>.debug_info</name>
         <load_address>0xbc09</load_address>
         <run_address>0xbc09</run_address>
         <size>0x2f0</size>
         <input_file_ref idref="fl-d7"/>
      </object_component>
      <object_component id="oc-241">
         <name>.debug_info</name>
         <load_address>0xbef9</load_address>
         <run_address>0xbef9</run_address>
         <size>0x606</size>
         <input_file_ref idref="fl-d7"/>
      </object_component>
      <object_component id="oc-23b">
         <name>.debug_info</name>
         <load_address>0xc4ff</load_address>
         <run_address>0xc4ff</run_address>
         <size>0x34a</size>
         <input_file_ref idref="fl-d7"/>
      </object_component>
      <object_component id="oc-229">
         <name>.debug_info</name>
         <load_address>0xc849</load_address>
         <run_address>0xc849</run_address>
         <size>0x300</size>
         <input_file_ref idref="fl-d7"/>
      </object_component>
      <object_component id="oc-210">
         <name>.debug_info</name>
         <load_address>0xcb49</load_address>
         <run_address>0xcb49</run_address>
         <size>0x306</size>
         <input_file_ref idref="fl-d7"/>
      </object_component>
      <object_component id="oc-235">
         <name>.debug_info</name>
         <load_address>0xce4f</load_address>
         <run_address>0xce4f</run_address>
         <size>0x2d6</size>
         <input_file_ref idref="fl-d7"/>
      </object_component>
      <object_component id="oc-24d">
         <name>.debug_info</name>
         <load_address>0xd125</load_address>
         <run_address>0xd125</run_address>
         <size>0x315</size>
         <input_file_ref idref="fl-d7"/>
      </object_component>
      <object_component id="oc-247">
         <name>.debug_info</name>
         <load_address>0xd43a</load_address>
         <run_address>0xd43a</run_address>
         <size>0x2ff</size>
         <input_file_ref idref="fl-d7"/>
      </object_component>
      <object_component id="oc-22f">
         <name>.debug_info</name>
         <load_address>0xd739</load_address>
         <run_address>0xd739</run_address>
         <size>0x2e4</size>
         <input_file_ref idref="fl-d7"/>
      </object_component>
      <object_component id="oc-1c3">
         <name>.debug_info</name>
         <load_address>0xda1d</load_address>
         <run_address>0xda1d</run_address>
         <size>0x44b</size>
         <input_file_ref idref="fl-d8"/>
      </object_component>
      <object_component id="oc-153">
         <name>.debug_info</name>
         <load_address>0xde68</load_address>
         <run_address>0xde68</run_address>
         <size>0x484</size>
         <input_file_ref idref="fl-d8"/>
      </object_component>
      <object_component id="oc-401">
         <name>.debug_info</name>
         <load_address>0xe2ec</load_address>
         <run_address>0xe2ec</run_address>
         <size>0x2a2</size>
         <input_file_ref idref="fl-d8"/>
      </object_component>
      <object_component id="oc-3b5">
         <name>.debug_info</name>
         <load_address>0xe58e</load_address>
         <run_address>0xe58e</run_address>
         <size>0x2eb</size>
         <input_file_ref idref="fl-d8"/>
      </object_component>
      <object_component id="oc-314">
         <name>.debug_info</name>
         <load_address>0xe879</load_address>
         <run_address>0xe879</run_address>
         <size>0x39f</size>
         <input_file_ref idref="fl-d8"/>
      </object_component>
      <object_component id="oc-181">
         <name>.debug_info</name>
         <load_address>0xec18</load_address>
         <run_address>0xec18</run_address>
         <size>0x32c</size>
         <input_file_ref idref="fl-d8"/>
      </object_component>
      <object_component id="oc-187">
         <name>.debug_info</name>
         <load_address>0xef44</load_address>
         <run_address>0xef44</run_address>
         <size>0x2a1</size>
         <input_file_ref idref="fl-d8"/>
      </object_component>
      <object_component id="oc-18d">
         <name>.debug_info</name>
         <load_address>0xf1e5</load_address>
         <run_address>0xf1e5</run_address>
         <size>0x2ba</size>
         <input_file_ref idref="fl-d8"/>
      </object_component>
      <object_component id="oc-193">
         <name>.debug_info</name>
         <load_address>0xf49f</load_address>
         <run_address>0xf49f</run_address>
         <size>0x2c7</size>
         <input_file_ref idref="fl-d8"/>
      </object_component>
      <object_component id="oc-199">
         <name>.debug_info</name>
         <load_address>0xf766</load_address>
         <run_address>0xf766</run_address>
         <size>0x2c5</size>
         <input_file_ref idref="fl-d8"/>
      </object_component>
      <object_component id="oc-19f">
         <name>.debug_info</name>
         <load_address>0xfa2b</load_address>
         <run_address>0xfa2b</run_address>
         <size>0x2bf</size>
         <input_file_ref idref="fl-d8"/>
      </object_component>
      <object_component id="oc-1a5">
         <name>.debug_info</name>
         <load_address>0xfcea</load_address>
         <run_address>0xfcea</run_address>
         <size>0x2bb</size>
         <input_file_ref idref="fl-d8"/>
      </object_component>
      <object_component id="oc-1ab">
         <name>.debug_info</name>
         <load_address>0xffa5</load_address>
         <run_address>0xffa5</run_address>
         <size>0x2ea</size>
         <input_file_ref idref="fl-d8"/>
      </object_component>
      <object_component id="oc-1b1">
         <name>.debug_info</name>
         <load_address>0x1028f</load_address>
         <run_address>0x1028f</run_address>
         <size>0x2e0</size>
         <input_file_ref idref="fl-d8"/>
      </object_component>
      <object_component id="oc-1b7">
         <name>.debug_info</name>
         <load_address>0x1056f</load_address>
         <run_address>0x1056f</run_address>
         <size>0x2c7</size>
         <input_file_ref idref="fl-d8"/>
      </object_component>
      <object_component id="oc-1bd">
         <name>.debug_info</name>
         <load_address>0x10836</load_address>
         <run_address>0x10836</run_address>
         <size>0x32d</size>
         <input_file_ref idref="fl-d8"/>
      </object_component>
      <object_component id="oc-f2">
         <name>.debug_info</name>
         <load_address>0x10b63</load_address>
         <run_address>0x10b63</run_address>
         <size>0x3f3</size>
         <input_file_ref idref="fl-d8"/>
      </object_component>
      <object_component id="oc-1f8">
         <name>.debug_info</name>
         <load_address>0x10f56</load_address>
         <run_address>0x10f56</run_address>
         <size>0x350</size>
         <input_file_ref idref="fl-d8"/>
      </object_component>
[...]
      <symbol id="sm-7">
         <name>__binit__</name>
         <value>0xffffffff</value>
      </symbol>
      <symbol id="sm-8">
         <name>__STACK_SIZE</name>
         <value>0x400</value>
      </symbol>
      <symbol id="sm-9">
         <name>__STACK_END</name>
         <value>0x20000a80</value>
      </symbol>
      <symbol id="sm-a">
         <name>__c_args__</name>
         <value>0xffffffff</value>
      </symbol>
      <symbol id="sm-b">
         <name>__TI_pprof_out_hndl</name>
         <value>0xffffffff</value>
      </symbol>
      <symbol id="sm-c">
         <name>__TI_prof_data_start</name>
         <value>0xffffffff</value>
      </symbol>
      <symbol id="sm-d">
         <name>__TI_prof_data_size</name>
         <value>0xffffffff</value>
      </symbol>
      <symbol id="sm-e8">
         <name>g_ui32SysClock</name>
         <value>0x20000674</value>
      </symbol>
      <symbol id="sm-e9">
         <name>g_sI2CInst</name>
         <value>0x20000400</value>
      </symbol>
      <symbol id="sm-ea">
         <name>g_sMPU9150Inst</name>
         <value>0x200005a4</value>
      </symbol>
      <symbol id="sm-eb">
         <name>g_sCompDCMInst</name>
         <value>0x20000610</value>
      </symbol>
      <symbol id="sm-ec">
         <name>g_vui8I2CDoneFlag</name>
         <value>0x2000067c</value>
      </symbol>
      <symbol id="sm-ed">
         <name>g_vui8ErrorFlag</name>
         <value>0x20000678</value>
      </symbol>
      <symbol id="sm-ee">
         <name>g_ui32PrintSkipCounter</name>
         <value>0x20000670</value>
      </symbol>
      <symbol id="sm-ef">
         <name>MPU9150AppCallback</name>
         <value>0x354d</value>
         <object_component_ref idref="oc-ea"/>
      </symbol>
      <symbol id="sm-f0">
         <name>MPU9150AppErrorHandler</name>
         <value>0x20e1</value>
         <object_component_ref idref="oc-30c"/>
      </symbol>
      <symbol id="sm-f1">
         <name>main</name>
         <value>0x201</value>
         <object_component_ref idref="oc-123"/>
      </symbol>
      <symbol id="sm-f2">
         <name>GPIOPortMIntHandler</name>
         <value>0x32e1</value>
         <object_component_ref idref="oc-49"/>
      </symbol>
      <symbol id="sm-f3">
         <name>ConfigureUART</name>
         <value>0x2da1</value>
         <object_component_ref idref="oc-1df"/>
      </symbol>
      <symbol id="sm-f4">
         <name>MPU9150AppI2CWait</name>
         <value>0x3429</value>
         <object_component_ref idref="oc-203"/>
      </symbol>
      <symbol id="sm-f5">
         <name>MPU9150I2CIntHandler</name>
         <value>0x36b9</value>
         <object_component_ref idref="oc-4f"/>
      </symbol>
      <symbol id="sm-12b">
         <name>ResetISR</name>
         <value>0x36f9</value>
         <object_component_ref idref="oc-2b"/>
      </symbol>
      <symbol id="sm-12c">
         <name>g_pfnVectors</name>
         <value>0x0</value>
         <object_component_ref idref="oc-f"/>
      </symbol>
      <symbol id="sm-169">
         <name>LEDWrite</name>
         <value>0x2a09</value>
         <object_component_ref idref="oc-db"/>
      </symbol>
      <symbol id="sm-16a">
         <name>LEDRead</name>
         <value>0x2c81</value>
         <object_component_ref idref="oc-3ad"/>
      </symbol>
      <symbol id="sm-16b">
         <name>PinoutSet</name>
         <value>0xbcd</value>
         <object_component_ref idref="oc-1d9"/>
      </symbol>
      <symbol id="sm-259">
         <name>UARTFlushRx</name>
         <value>0x3459</value>
         <object_component_ref idref="oc-38b"/>
      </symbol>
      <symbol id="sm-25a">
         <name>UARTFlushTx</name>
         <value>0x331d</value>
         <object_component_ref idref="oc-391"/>
      </symbol>
      <symbol id="sm-25b">
         <name>UARTStdioConfig</name>
         <value>0x2255</value>
         <object_component_ref idref="oc-2e3"/>
      </symbol>
      <symbol id="sm-25c">
         <name>UARTStdioIntHandler</name>
         <value>0x19b5</value>
         <object_component_ref idref="oc-43"/>
      </symbol>
      <symbol id="sm-25d">
         <name>UARTwrite</name>
         <value>0x2305</value>
         <object_component_ref idref="oc-af"/>
      </symbol>
      <symbol id="sm-25e">
         <name>UARTprintf</name>
         <value>0x35cb</value>
         <object_component_ref idref="oc-1e5"/>
      </symbol>
      <symbol id="sm-25f">
         <name>UARTvprintf</name>
         <value>0xfd1</value>
         <object_component_ref idref="oc-2ea"/>
      </symbol>
      <symbol id="sm-270">
         <name>_c_int00</name>
         <value>0x2ea9</value>
         <object_component_ref idref="oc-24"/>
      </symbol>
      <symbol id="sm-271">
         <name>__stack</name>
         <value>0x20000680</value>
         <object_component_ref idref="oc-2a"/>
      </symbol>
      <symbol id="sm-288">
         <name>__TI_decompress_none</name>
         <value>0x3693</value>
         <object_component_ref idref="oc-12"/>
      </symbol>
      <symbol id="sm-2b0">
         <name>__TI_decompress_rle24</name>
         <value>0x36ff</value>
         <object_component_ref idref="oc-18"/>
      </symbol>
      <symbol id="sm-2d2">
         <name>C$$EXIT</name>
         <value>0x2efd</value>
         <object_component_ref idref="oc-95"/>
      </symbol>
      <symbol id="sm-2d3">
         <name>abort</name>
         <value>0x2f01</value>
         <object_component_ref idref="oc-95"/>
      </symbol>
      <symbol id="sm-2d4">
         <name>exit</name>
         <value>0x2f09</value>
         <object_component_ref idref="oc-95"/>
      </symbol>
      <symbol id="sm-2d5">
         <name>__TI_dtors_ptr</name>
         <value>0x20000a9c</value>
         <object_component_ref idref="oc-12b"/>
      </symbol>
      <symbol id="sm-2d6">
         <name>__TI_cleanup_ptr</name>
         <value>0x20000a98</value>
         <object_component_ref idref="oc-12b"/>
      </symbol>
      <symbol id="sm-2d7">
         <name>__TI_enable_exit_profile_output</name>
         <value>0x20000aa0</value>
         <object_component_ref idref="oc-12b"/>
      </symbol>
      <symbol id="sm-2f2">
         <name>memcpy</name>
         <value>0x24e5</value>
         <object_component_ref idref="oc-58"/>
      </symbol>
      <symbol id="sm-2f3">
         <name>__aeabi_memcpy</name>
         <value>0x24e5</value>
         <object_component_ref idref="oc-58"/>
      </symbol>
      <symbol id="sm-2f4">
         <name>__aeabi_memcpy8</name>
         <value>0x24e5</value>
         <object_component_ref idref="oc-58"/>
      </symbol>
      <symbol id="sm-2f5">
         <name>__aeabi_memcpy4</name>
         <value>0x24e5</value>
         <object_component_ref idref="oc-58"/>
      </symbol>
      <symbol id="sm-304">
         <name>__aeabi_memset</name>
         <value>0x28af</value>
         <object_component_ref idref="oc-71"/>
      </symbol>
      <symbol id="sm-305">
         <name>memset</name>
         <value>0x28b5</value>
         <object_component_ref idref="oc-71"/>
      </symbol>
      <symbol id="sm-306">
         <name>__aeabi_memset8</name>
         <value>0x28af</value>
         <object_component_ref idref="oc-71"/>
      </symbol>
      <symbol id="sm-307">
         <name>__aeabi_memset4</name>
         <value>0x28af</value>
         <object_component_ref idref="oc-71"/>
      </symbol>
      <symbol id="sm-308">
         <name>__aeabi_memclr8</name>
         <value>0x28ad</value>
         <object_component_ref idref="oc-71"/>
      </symbol>
      <symbol id="sm-309">
         <name>__aeabi_memclr4</name>
         <value>0x28ad</value>
         <object_component_ref idref="oc-71"/>
      </symbol>
      <symbol id="sm-30a">
         <name>__aeabi_memclr</name>
         <value>0x28ad</value>
         <object_component_ref idref="oc-71"/>
      </symbol>
      <symbol id="sm-314">
         <name>__mpu_init</name>
         <value>0x2927</value>
         <object_component_ref idref="oc-7d"/>
      </symbol>
      <symbol id="sm-31e">
         <name>_system_pre_init</name>
         <value>0x3711</value>
         <object_component_ref idref="oc-83"/>
      </symbol>
      <symbol id="sm-326">
         <name>main_func_sp</name>
         <value>0x20000ab0</value>
         <object_component_ref idref="oc-9b"/>
      </symbol>
      <symbol id="sm-335">
         <name>__aeabi_uidivmod</name>
         <value>0x3261</value>
         <object_component_ref idref="oc-39e"/>
      </symbol>
      <symbol id="sm-336">
         <name>__aeabi_uidiv</name>
         <value>0x3261</value>
         <object_component_ref idref="oc-39e"/>
      </symbol>
      <symbol id="sm-34f">
         <name>_nop</name>
         <value>0x3623</value>
         <object_component_ref idref="oc-25e"/>
      </symbol>
      <symbol id="sm-350">
         <name>_lock</name>
         <value>0x20000aa4</value>
         <object_component_ref idref="oc-12e"/>
      </symbol>
      <symbol id="sm-351">
         <name>_unlock</name>
         <value>0x20000aa8</value>
         <object_component_ref idref="oc-12e"/>
      </symbol>
      <symbol id="sm-352">
         <name>_register_lock</name>
         <value>0x361b</value>
         <object_component_ref idref="oc-25e"/>
      </symbol>
      <symbol id="sm-353">
         <name>_register_unlock</name>
         <value>0x3615</value>
         <object_component_ref idref="oc-25e"/>
      </symbol>
      <symbol id="sm-367">
         <name>_args_main</name>
         <value>0x35fd</value>
         <object_component_ref idref="oc-8f"/>
      </symbol>
      <symbol id="sm-38c">
         <name>__TI_auto_init</name>
         <value>0x2929</value>
         <object_component_ref idref="oc-89"/>
      </symbol>
      <symbol id="sm-3a6">
         <name>copy_in</name>
         <value>0x2fed</value>
         <object_component_ref idref="oc-115"/>
      </symbol>
      <symbol id="sm-3b0">
         <name>__aeabi_idiv0</name>
         <value>0x27b3</value>
         <object_component_ref idref="oc-3f1"/>
      </symbol>
      <symbol id="sm-3ba">
         <name>_system_post_cinit</name>
         <value>0x2a07</value>
         <object_component_ref idref="oc-11b"/>
      </symbol>
      <symbol id="sm-409">
         <name>GPIOPinTypeI2CSCL</name>
         <value>0x363b</value>
         <object_component_ref idref="oc-1eb"/>
      </symbol>
      <symbol id="sm-40a">
         <name>GPIOIntEnable</name>
         <value>0x36a1</value>
         <object_component_ref idref="oc-1f1"/>
      </symbol>
      <symbol id="sm-40b">
         <name>GPIOIntClear</name>
         <value>0x36e7</value>
         <object_component_ref idref="oc-d5"/>
      </symbol>
      <symbol id="sm-40c">
         <name>GPIOIntStatus</name>
         <value>0x3677</value>
         <object_component_ref idref="oc-cf"/>
      </symbol>
      <symbol id="sm-40d">
         <name>GPIOPinRead</name>
         <value>0x36ed</value>
         <object_component_ref idref="oc-3f9"/>
      </symbol>
      <symbol id="sm-40e">
         <name>GPIODirModeSet</name>
         <value>0x3485</value>
         <object_component_ref idref="oc-2f6"/>
      </symbol>
      <symbol id="sm-40f">
         <name>GPIOPinWrite</name>
         <value>0x36f3</value>
         <object_component_ref idref="oc-14a"/>
      </symbol>
      <symbol id="sm-410">
         <name>GPIOPadConfigSet</name>
         <value>0x1dbd</value>
         <object_component_ref idref="oc-2d6"/>
      </symbol>
      <symbol id="sm-411">
         <name>GPIOPinTypeEthernetLED</name>
         <value>0x3629</value>
         <object_component_ref idref="oc-2dc"/>
      </symbol>
      <symbol id="sm-466">
         <name>IntIsEnabled</name>
         <value>0x2c1d</value>
         <object_component_ref idref="oc-275"/>
      </symbol>
      <symbol id="sm-467">
         <name>IntEnable</name>
         <value>0x2bb5</value>
         <object_component_ref idref="oc-287"/>
      </symbol>
      <symbol id="sm-468">
         <name>IntTrigger</name>
         <value>0x36ad</value>
         <object_component_ref idref="oc-281"/>
      </symbol>
      <symbol id="sm-469">
         <name>IntDisable</name>
         <value>0x2b4d</value>
         <object_component_ref idref="oc-27b"/>
      </symbol>
      <symbol id="sm-4cc">
         <name>SysCtlClockFreqSet</name>
         <value>0xde5</value>
         <object_component_ref idref="oc-1d3"/>
      </symbol>
      <symbol id="sm-525">
         <name>CompDCMMagnetoUpdate</name>
         <value>0x3669</value>
         <object_component_ref idref="oc-228"/>
      </symbol>
      <symbol id="sm-526">
         <name>CompDCMComputeEulers</name>
         <value>0x319d</value>
         <object_component_ref idref="oc-246"/>
      </symbol>
      <symbol id="sm-527">
         <name>CompDCMStart</name>
         <value>0x21a5</value>
         <object_component_ref idref="oc-23a"/>
      </symbol>
      <symbol id="sm-528">
         <name>CompDCMComputeQuaternion</name>
         <value>0x11bb</value>
         <object_component_ref idref="oc-24c"/>
      </symbol>
      <symbol id="sm-529">
         <name>CompDCMGyroUpdate</name>
         <value>0x365b</value>
         <object_component_ref idref="oc-234"/>
      </symbol>
      <symbol id="sm-52a">
         <name>CompDCMUpdate</name>
         <value>0x93d</value>
         <object_component_ref idref="oc-240"/>
      </symbol>
      <symbol id="sm-52b">
         <name>CompDCMAccelUpdate</name>
         <value>0x364d</value>
         <object_component_ref idref="oc-22e"/>
      </symbol>
      <symbol id="sm-52c">
         <name>CompDCMInit</name>
         <value>0x3115</value>
         <object_component_ref idref="oc-20f"/>
      </symbol>
      <symbol id="sm-601">
         <name>I2CMWrite8</name>
         <value>0x2e55</value>
         <object_component_ref idref="oc-313"/>
      </symbol>
      <symbol id="sm-602">
         <name>I2CMCommand</name>
         <value>0x26a5</value>
         <object_component_ref idref="oc-152"/>
      </symbol>
      <symbol id="sm-603">
         <name>I2CMInit</name>
         <value>0x3391</value>
         <object_component_ref idref="oc-1f7"/>
      </symbol>
      <symbol id="sm-604">
         <name>I2CMTransferResume</name>
         <value>0x33f7</value>
         <object_component_ref idref="oc-400"/>
      </symbol>
      <symbol id="sm-605">
         <name>I2CMIntHandler</name>
         <value>0x1fed</value>
         <object_component_ref idref="oc-f1"/>
      </symbol>
      <symbol id="sm-681">
         <name>MPU9150DataMagnetoGetFloat</name>
         <value>0x23ad</value>
         <object_component_ref idref="oc-222"/>
      </symbol>
      <symbol id="sm-682">
         <name>MPU9150Write</name>
         <value>0x2449</value>
         <object_component_ref idref="oc-209"/>
      </symbol>
      <symbol id="sm-683">
         <name>MPU9150Init</name>
         <value>0x2a75</value>
         <object_component_ref idref="oc-1fd"/>
      </symbol>
      <symbol id="sm-684">
         <name>MPU9150DataAccelGetFloat</name>
         <value>0x27b5</value>
         <object_component_ref idref="oc-216"/>
      </symbol>
      <symbol id="sm-685">
         <name>MPU9150DataRead</name>
         <value>0x2ce1</value>
         <object_component_ref idref="oc-e1"/>
      </symbol>
      <symbol id="sm-686">
         <name>MPU9150DataGyroGetFloat</name>
         <value>0x2831</value>
         <object_component_ref idref="oc-21c"/>
      </symbol>
      <symbol id="sm-6ab">
         <name>VectorDotProduct</name>
         <value>0x3501</value>
         <object_component_ref idref="oc-33a"/>
      </symbol>
      <symbol id="sm-6ac">
         <name>VectorScale</name>
         <value>0x3527</value>
         <object_component_ref idref="oc-346"/>
      </symbol>
      <symbol id="sm-6ad">
         <name>VectorAdd</name>
         <value>0x33c5</value>
         <object_component_ref idref="oc-34d"/>
      </symbol>
      <symbol id="sm-6ae">
         <name>VectorCrossProduct</name>
         <value>0x2dfd</value>
         <object_component_ref idref="oc-334"/>
      </symbol>
      <symbol id="sm-6e4">
         <name>asinf</name>
         <value>0x16cd</value>
         <object_component_ref idref="oc-35f"/>
      </symbol>
      <symbol id="sm-716">
         <name>atan2f</name>
         <value>0x1b15</value>
         <object_component_ref idref="oc-359"/>
      </symbol>
      <symbol id="sm-73f">
         <name>sqrtl</name>
         <value>0x1845</value>
         <object_component_ref idref="oc-3da"/>
      </symbol>
      <symbol id="sm-740">
         <name>sqrt</name>
         <value>0x1845</value>
         <object_component_ref idref="oc-3da"/>
      </symbol>
      <symbol id="sm-752">
         <name>sqrtf</name>
         <value>0x34d9</value>
         <object_component_ref idref="oc-340"/>
      </symbol>
      <symbol id="sm-75a">
         <name>errno</name>
         <value>0x20000aac</value>
         <object_component_ref idref="oc-3c5"/>
      </symbol>
      <symbol id="sm-771">
         <name>__aeabi_dsub</name>
         <value>0x1383</value>
         <object_component_ref idref="oc-353"/>
      </symbol>
      <symbol id="sm-772">
         <name>__aeabi_dadd</name>
         <value>0x138d</value>
         <object_component_ref idref="oc-353"/>
      </symbol>
      <symbol id="sm-784">
         <name>__aeabi_cdrcmple</name>
         <value>0x272d</value>
         <object_component_ref idref="oc-413"/>
      </symbol>
      <symbol id="sm-78f">
         <name>__aeabi_dmul</name>
         <value>0x1eef</value>
         <object_component_ref idref="oc-326"/>
      </symbol>
      <symbol id="sm-79b">
         <name>__aeabi_d2f</name>
         <value>0x2999</value>
         <object_component_ref idref="oc-32b"/>
      </symbol>
      <symbol id="sm-7a6">
         <name>__aeabi_f2d</name>
         <value>0x3359</value>
         <object_component_ref idref="oc-321"/>
      </symbol>
      <symbol id="sm-7d0">
         <name>atanf</name>
         <value>0x1c6d</value>
         <object_component_ref idref="oc-3cd"/>
      </symbol>
      <symbol id="sm-819">
         <name>I2CMasterDataPut</name>
         <value>0x370d</value>
         <object_component_ref idref="oc-2ac"/>
      </symbol>
      <symbol id="sm-81a">
         <name>I2CMasterInitExpClk</name>
         <value>0x2fa1</value>
         <object_component_ref idref="oc-2fe"/>
      </symbol>
      <symbol id="sm-81b">
         <name>I2CMasterSlaveAddrSet</name>
         <value>0x36df</value>
         <object_component_ref idref="oc-2a4"/>
      </symbol>
      <symbol id="sm-81c">
         <name>I2CMasterDataGet</name>
         <value>0x3709</value>
         <object_component_ref idref="oc-29a"/>
      </symbol>
      <symbol id="sm-81d">
         <name>I2CMasterIntEnableEx</name>
         <value>0x36d7</value>
         <object_component_ref idref="oc-304"/>
      </symbol>
      <symbol id="sm-81e">
         <name>I2CMasterControl</name>
         <value>0x3705</value>
         <object_component_ref idref="oc-17a"/>
      </symbol>
      <symbol id="sm-81f">
         <name>I2CMasterEnable</name>
         <value>0x36c5</value>
         <object_component_ref idref="oc-3a5"/>
      </symbol>
      <symbol id="sm-820">
         <name>I2CMasterIntClear</name>
         <value>0x36cf</value>
         <object_component_ref idref="oc-174"/>
      </symbol>
      <symbol id="sm-821">
         <name>__TI_static_base__</name>
         <value>0x0</value>
      </symbol>
      <symbol id="sm-824">
         <name>SHT$$INIT_ARRAY$$Limit</name>
         <value>0x0</value>
      </symbol>
      <symbol id="sm-825">
         <name>SHT$$INIT_ARRAY$$Base</name>
         <value>0x0</value>
      </symbol>
      <symbol id="sm-826">
         <name>_FDclass</name>
         <value>0x0</value>
      </symbol>
   </symbol_table>
   <title>Link errors: red sections failed placement</title>
</link_info>
