******************************************************************************
                  TI ARM Linker PC v15.12.1                    
******************************************************************************
>> Linked Thu Oct 06 13:47:44 2016

OUTPUT FILE NAME:   <compdcm_mpu9150.out>
ENTRY POINT SYMBOL: "_c_int00"  address: 00002ea9


MEMORY CONFIGURATION

         name            origin    length      used     unused   attr    fill
----------------------  --------  ---------  --------  --------  ----  --------
  FLASH                 00000000   00100000  00003aac  000fc554  R  X
  SRAM                  20000000   00040000  00000ab4  0003f54c  RW X


SEGMENT ALLOCATION MAP

run origin  load origin   length   init length attrs members
----------  ----------- ---------- ----------- ----- -------
00000000    00000000    00003ab4   00003ab4    r-x
  00000000    00000000    00000200   00000200    r-- .intvecs
  00000200    00000200    00003514   00003514    r-x .text
  00003718    00003718    0000035c   0000035c    r-- .const
  00003a78    00003a78    0000003c   0000003c    r-- .cinit
20000000    20000000    00000ab4   00000000    rw-
  20000000    20000000    00000680   00000000    rw- .bss
  20000680    20000680    00000400   00000000    rw- .stack
  20000a80    20000a80    00000034   00000000    rw- .data


SECTION ALLOCATION MAP

 output                                  attributes/
section   page    origin      length       input sections
--------  ----  ----------  ----------   ----------------
.intvecs   0    00000000    00000200     
                  00000000    00000200     startup_ccs.obj (.intvecs)

.text      0    00000200    00003514     
                  00000200    00000739     compdcm_mpu9150.obj (.text:main)
                  00000939    00000001     --HOLE-- [fill = 0]
                  0000093a    00000002     startup_ccs.obj (.text:FaultISR)
                  0000093c    00000290     sensorlib.lib : comp_dcm.obj (.text:CompDCMUpdate)
                  00000bcc    00000218     pinout.obj (.text:PinoutSet)
                  00000de4    000001ec     driverlib.lib : sysctl.obj (.text:SysCtlClockFreqSet)
                  00000fd0    000001ea     uartstdio.obj (.text:UARTvprintf)
                  000011ba    000001c8     sensorlib.lib : comp_dcm.obj (.text:CompDCMComputeQuaternion)
                  00001382    000001b6     rtsv7M4_T_le_v4SPD16_eabi.lib : fd_add_t2.obj (.text)
                  00001538    00000194     sensorlib.lib : mpu9150.obj (.text:MPU9150Callback)
                  000016cc    00000178     rtsv7M4_T_le_v4SPD16_eabi.lib : e_asinf.obj (.text)
                  00001844    00000170                                   : e_sqrt.obj (.text)
                  000019b4    00000160     uartstdio.obj (.text:UARTStdioIntHandler)
                  00001b14    00000158     rtsv7M4_T_le_v4SPD16_eabi.lib : e_atan2f.obj (.text)
                  00001c6c    00000150                                   : s_atanf.obj (.text)
                  00001dbc    00000132     driverlib.lib : gpio.obj (.text:GPIOPadConfigSet)
                  00001eee    000000fc     rtsv7M4_T_le_v4SPD16_eabi.lib : fd_mul_t2.obj (.text)
                  00001fea    00000002     startup_ccs.obj (.text:IntDefaultHandler)
                  00001fec    000000f2     sensorlib.lib : i2cm_drv.obj (.text:I2CMIntHandler)
                  000020de    00000002     startup_ccs.obj (.text:NmiSR)
                  000020e0    000000c4     compdcm_mpu9150.obj (.text:MPU9150AppErrorHandler)
                  000021a4    000000b0     sensorlib.lib : comp_dcm.obj (.text:CompDCMStart)
                  00002254    000000b0     uartstdio.obj (.text:UARTStdioConfig)
                  00002304    000000a8     uartstdio.obj (.text:UARTwrite)
                  000023ac    0000009c     sensorlib.lib : mpu9150.obj (.text:MPU9150DataMagnetoGetFloat)
                  00002448    0000009c                   : mpu9150.obj (.text:MPU9150Write)
                  000024e4    0000009c     rtsv7M4_T_le_v4SPD16_eabi.lib : memcpy_t2.obj (.text)
                  00002580    00000098     sensorlib.lib : i2cm_drv.obj (.text:I2CMStateIdle)
                  00002618    0000008c     uartstdio.obj (.text:UARTPrimeTransmit)
                  000026a4    00000088     sensorlib.lib : i2cm_drv.obj (.text:I2CMCommand)
                  0000272c    00000086     rtsv7M4_T_le_v4SPD16_eabi.lib : fd_cmp_t2.obj (.text:__aeabi_cdrcmple)
                  000027b2    00000002                                   : i_div0.obj (.text)
                  000027b4    0000007c     sensorlib.lib : mpu9150.obj (.text:MPU9150DataAccelGetFloat)
                  00002830    0000007c                   : mpu9150.obj (.text:MPU9150DataGyroGetFloat)
                  000028ac    0000007a     rtsv7M4_T_le_v4SPD16_eabi.lib : memset_t2.obj (.text)
                  00002926    00000002                                   : mpu_init.obj (.text)
                  00002928    00000070                                   : autoinit.obj (.text)
                  00002998    0000006e                                   : fd_tos_t2.obj (.text)
                  00002a06    00000002                                   : startup.obj (.text)
                  00002a08    0000006c     pinout.obj (.text:LEDWrite)
                  00002a74    0000006c     sensorlib.lib : mpu9150.obj (.text:MPU9150Init)
                  00002ae0    0000006a     rtsv7M4_T_le_v4SPD16_eabi.lib : copy_decompress_rle.obj (.text)
                  00002b4a    00000002     --HOLE-- [fill = 0]
                  00002b4c    00000068     driverlib.lib : interrupt.obj (.text:IntDisable)
                  00002bb4    00000068                   : interrupt.obj (.text:IntEnable)
                  00002c1c    00000064                   : interrupt.obj (.text:IntIsEnabled)
                  00002c80    00000060     pinout.obj (.text:LEDRead)
                  00002ce0    00000060     sensorlib.lib : mpu9150.obj (.text:MPU9150DataRead)
                  00002d40    0000005e                   : i2cm_drv.obj (.text:I2CMStateWritePause)
                  00002d9e    00000002     --HOLE-- [fill = 0]
                  00002da0    0000005c     compdcm_mpu9150.obj (.text:ConfigureUART)
                  00002dfc    00000056     sensorlib.lib : vector.obj (.text:VectorCrossProduct)
                  00002e52    00000002     --HOLE-- [fill = 0]
                  00002e54    00000054                   : i2cm_drv.obj (.text:I2CMWrite8)
                  00002ea8    00000054     rtsv7M4_T_le_v4SPD16_eabi.lib : boot.obj (.text)
                  00002efc    00000054                                   : exit.obj (.text)
                  00002f50    00000050     sensorlib.lib : i2cm_drv.obj (.text:I2CMStateWriteFinal)
                  00002fa0    0000004c     driverlib.lib : i2c.obj (.text:I2CMasterInitExpClk)
                  00002fec    0000004c     rtsv7M4_T_le_v4SPD16_eabi.lib : cpy_tbl.obj (.text)
                  00003038    0000004a     sensorlib.lib : i2cm_drv.obj (.text:I2CMStateReadNext)
                  00003082    00000048                   : i2cm_drv.obj (.text:I2CMStateWriteNext)
                  000030ca    00000002     --HOLE-- [fill = 0]
                  000030cc    00000048     driverlib.lib : sysctl.obj (.text:_SysCtlFrequencyGet)
                  00003114    00000044     sensorlib.lib : comp_dcm.obj (.text:CompDCMInit)
                  00003158    00000044                   : i2cm_drv.obj (.text:I2CMStateCallback)
                  0000319c    00000042                   : comp_dcm.obj (.text:CompDCMComputeEulers)
                  000031de    00000042                   : i2cm_drv.obj (.text:I2CMStateReadFinal)
                  00003220    00000040                   : i2cm_drv.obj (.text:I2CMWrite8Callback)
                  00003260    00000040     rtsv7M4_T_le_v4SPD16_eabi.lib : u_divt2.obj (.text)
                  000032a0    0000003e     sensorlib.lib : i2cm_drv.obj (.text:I2CMStateReadPause)
                  000032de    00000002     --HOLE-- [fill = 0]
                  000032e0    0000003c     compdcm_mpu9150.obj (.text:GPIOPortMIntHandler)
                  0000331c    0000003c     uartstdio.obj (.text:UARTFlushTx)
                  00003358    00000038     rtsv7M4_T_le_v4SPD16_eabi.lib : fs_tod_t2.obj (.text)
                  00003390    00000034     sensorlib.lib : i2cm_drv.obj (.text:I2CMInit)
                  000033c4    00000032                   : vector.obj (.text:VectorAdd)
                  000033f6    00000030                   : i2cm_drv.obj (.text:I2CMTransferResume)
                  00003426    00000002     --HOLE-- [fill = 0]
                  00003428    00000030     compdcm_mpu9150.obj (.text:MPU9150AppI2CWait)
                  00003458    0000002c     uartstdio.obj (.text:UARTFlushRx)
                  00003484    0000002a     driverlib.lib : gpio.obj (.text:GPIODirModeSet)
                  000034ae    0000002a     sensorlib.lib : i2cm_drv.obj (.text:I2CMStateReadFirst)
                  000034d8    00000028     rtsv7M4_T_le_v4SPD16_eabi.lib : e_sqrtf.obj (.text)
                  00003500    00000026     sensorlib.lib : vector.obj (.text:VectorDotProduct)
                  00003526    00000026                   : vector.obj (.text:VectorScale)
                  0000354c    00000024     compdcm_mpu9150.obj (.text:MPU9150AppCallback)
                  00003570    00000020     sensorlib.lib : i2cm_drv.obj (.text:I2CMStateReadOne)
                  00003590    00000020     driverlib.lib : sysctl.obj (.text:_SysCtlMemTimingGet)
                  000035b0    0000001a     sensorlib.lib : i2cm_drv.obj (.text:I2CMStateReadWait)
                  000035ca    0000001a     uartstdio.obj (.text:UARTprintf)
                  000035e4    00000018     uartstdio.obj (.text:IsBufferFull)
                  000035fc    00000018     rtsv7M4_T_le_v4SPD16_eabi.lib : args_main.obj (.text)
                  00003614    00000014                                   : _lock.obj (.text)
                  00003628    00000012     driverlib.lib : gpio.obj (.text:GPIOPinTypeEthernetLED)
                  0000363a    00000012                   : gpio.obj (.text:GPIOPinTypeI2CSCL)
                  0000364c    0000000e     sensorlib.lib : comp_dcm.obj (.text:CompDCMAccelUpdate)
                  0000365a    0000000e                   : comp_dcm.obj (.text:CompDCMGyroUpdate)
                  00003668    0000000e                   : comp_dcm.obj (.text:CompDCMMagnetoUpdate)
                  00003676    0000000e     driverlib.lib : gpio.obj (.text:GPIOIntStatus)
                  00003684    0000000e     uartstdio.obj (.text:IsBufferEmpty)
                  00003692    0000000e     rtsv7M4_T_le_v4SPD16_eabi.lib : copy_decompress_none.obj (.text:decompress:none)
                  000036a0    0000000c     driverlib.lib : gpio.obj (.text:GPIOIntEnable)
                  000036ac    0000000c                   : interrupt.obj (.text:IntTrigger)
                  000036b8    0000000c     compdcm_mpu9150.obj (.text:MPU9150I2CIntHandler)
                  000036c4    0000000a     driverlib.lib : i2c.obj (.text:I2CMasterEnable)
                  000036ce    00000008                   : i2c.obj (.text:I2CMasterIntClear)
                  000036d6    00000008                   : i2c.obj (.text:I2CMasterIntEnableEx)
                  000036de    00000008                   : i2c.obj (.text:I2CMasterSlaveAddrSet)
                  000036e6    00000006                   : gpio.obj (.text:GPIOIntClear)
                  000036ec    00000006                   : gpio.obj (.text:GPIOPinRead)
                  000036f2    00000006                   : gpio.obj (.text:GPIOPinWrite)
                  000036f8    00000006     startup_ccs.obj (.text:ResetISR)
                  000036fe    00000006     rtsv7M4_T_le_v4SPD16_eabi.lib : copy_decompress_rle.obj (.text:decompress:rle24)
                  00003704    00000004     driverlib.lib : i2c.obj (.text:I2CMasterControl)
                  00003708    00000004                   : i2c.obj (.text:I2CMasterDataGet)
                  0000370c    00000004                   : i2c.obj (.text:I2CMasterDataPut)
                  00003710    00000004     rtsv7M4_T_le_v4SPD16_eabi.lib : pre_init.obj (.text)

.const     0    00003718    0000035c     
                  00003718    000001b0     driverlib.lib : sysctl.obj (.const:g_pppui32XTALtoVCO)
                  000038c8    00000070                   : interrupt.obj (.const)
                  00003938    0000006c                   : sysctl.obj (.const:g_pui32Xtals)
                  000039a4    00000034     rtsv7M4_T_le_v4SPD16_eabi.lib : s_atanf.obj (.const:$O1$$)
                  000039d8    00000030     driverlib.lib : sysctl.obj (.const:g_sXTALtoMEMTIM)
                  00003a08    00000020     rtsv7M4_T_le_v4SPD16_eabi.lib : e_asinf.obj (.const)
                  00003a28    00000020     sensorlib.lib : mpu9150.obj (.const)
                  00003a48    0000000c     uartstdio.obj (.const:g_ui32UARTBase)
                  00003a54    0000000c     uartstdio.obj (.const:g_ui32UARTInt)
                  00003a60    0000000c     uartstdio.obj (.const:g_ui32UARTPeriph)
                  00003a6c    00000008     driverlib.lib : sysctl.obj (.const)

.cinit     0    00003a78    0000003c     
                  00003a78    00000016     (.cinit..data.load) [load image, compression = rle]
                  00003a8e    00000002     --HOLE-- [fill = 0]
                  00003a90    0000000b     (.cinit..bss.load) [load image, compression = rle]
                  00003a9b    00000001     --HOLE-- [fill = 0]
                  00003a9c    00000008     (__TI_handler_table)
                  00003aa4    00000010     (__TI_cinit_table)

.init_array 
*          0    00000000    00000000     UNINITIALIZED

.bss       0    20000000    00000680     UNINITIALIZED
                  20000000    00000400     uartstdio.obj (.bss:g_pcUARTTxBuffer)
                  20000400    00000124     (.common:g_sI2CInst)
                  20000524    00000080     uartstdio.obj (.bss:g_pcUARTRxBuffer)
                  200005a4    0000006c     (.common:g_sMPU9150Inst)
                  20000610    00000058     (.common:g_sCompDCMInst)
                  20000668    00000008     uartstdio.obj (.bss)
                  20000670    00000004     (.common:g_ui32PrintSkipCounter)
                  20000674    00000004     (.common:g_ui32SysClock)
                  20000678    00000004     (.common:g_vui8ErrorFlag)
                  2000067c    00000004     (.common:g_vui8I2CDoneFlag)

.stack     0    20000680    00000400     UNINITIALIZED
                  20000680    00000400     --HOLE--

.data      0    20000a80    00000034     UNINITIALIZED
                  20000a80    00000015     uartstdio.obj (.data)
                  20000a95    00000003     --HOLE--
                  20000a98    0000000c     rtsv7M4_T_le_v4SPD16_eabi.lib : exit.obj (.data:$O1$$)
                  20000aa4    00000008                                   : _lock.obj (.data:$O1$$)
                  20000aac    00000004                                   : errno.obj (.data)
                  20000ab0    00000004                                   : stkdepth_vars.obj (.data)

MODULE SUMMARY

       Module                     code    ro data   rw data
       ------                     ----    -------   -------
    .\
       compdcm_mpu9150.obj        2293    0         504    
       startup_ccs.obj            12      512       0      
    +--+--------------------------+-------+---------+---------+
       Total:                     2305    512       504    
                                                           
    .\drivers\
       pinout.obj                 740     0         0      
    +--+--------------------------+-------+---------+---------+
       Total:                     740     0         0      
                                                           
    .\utils\
       uartstdio.obj              1494    36        1181   
    +--+--------------------------+-------+---------+---------+
       Total:                     1494    36        1181   
                                                           
    C:/TI_CodeComposer/TivaWare/driverlib/ccs/Debug/driverlib.lib
       sysctl.obj                 596     596       0      
       interrupt.obj              320     112       0      
       gpio.obj                   428     0         0      
       i2c.obj                    122     0         0      
    +--+--------------------------+-------+---------+---------+
       Total:                     1466    708       0      
                                                           
    C:/TI_CodeComposer/TivaWare/sensorlib/ccs/Debug/sensorlib.lib
       comp_dcm.obj               1464    0         0      
       i2cm_drv.obj               1394    0         0      
       mpu9150.obj                1168    32        0      
       vector.obj                 212     0         0      
    +--+--------------------------+-------+---------+---------+
       Total:                     4238    32        0      
                                                           
    C:\TI_CodeComposer\ccsv6\tools\compiler\ti-cgt-arm_15.12.1.LTS\lib\rtsv7M4_T_le_v4SPD16_eabi.lib
       fd_add_t2.obj              438     0         0      
       e_asinf.obj                376     32        0      
       s_atanf.obj                336     52        0      
       e_sqrt.obj                 368     0         0      
       e_atan2f.obj               344     0         0      
       fd_mul_t2.obj              252     0         0      
       memcpy_t2.obj              156     0         0      
       fd_cmp_t2.obj              134     0         0      
       memset_t2.obj              122     0         0      
       autoinit.obj               112     0         0      
       copy_decompress_rle.obj    112     0         0      
       fd_tos_t2.obj              110     0         0      
       exit.obj                   84      0         12     
       boot.obj                   84      0         0      
       cpy_tbl.obj                76      0         0      
       u_divt2.obj                64      0         0      
       fs_tod_t2.obj              56      0         0      
       e_sqrtf.obj                40      0         0      
       _lock.obj                  20      0         8      
       args_main.obj              24      0         0      
       copy_decompress_none.obj   14      0         0      
       errno.obj                  0       0         4      
       pre_init.obj               4       0         0      
       stkdepth_vars.obj          0       0         4      
       i_div0.obj                 2       0         0      
       mpu_init.obj               2       0         0      
       startup.obj                2       0         0      
    +--+--------------------------+-------+---------+---------+
       Total:                     3332    84        28     
                                                           
       Stack:                     0       0         1024   
       Linker Generated:          0       57        0      
    +--+--------------------------+-------+---------+---------+
       Grand Total:               13575   1429      2737   


LINKER GENERATED COPY TABLES

__TI_cinit_table @ 00003aa4 records: 2, size/record: 8, table size: 16
	.data: load addr=00003a78, load size=00000016 bytes, run addr=20000a80, run size=00000034 bytes, compression=rle
	.bss: load addr=00003a90, load size=0000000b bytes, run addr=20000000, run size=00000680 bytes, compression=rle


LINKER GENERATED HANDLER TABLE

__TI_handler_table @ 00003a9c records: 2, size/record: 4, table size: 8
	index: 0, handler: __TI_decompress_rle24
	index: 1, handler: __TI_decompress_none


GLOBAL SYMBOLS: SORTED ALPHABETICALLY BY Name 

address   name                           
-------   ----                           
00002efd  C$$EXIT                        
0000364d  CompDCMAccelUpdate             
0000319d  CompDCMComputeEulers           
000011bb  CompDCMComputeQuaternion       
0000365b  CompDCMGyroUpdate              
00003115  CompDCMInit                    
00003669  CompDCMMagnetoUpdate           
000021a5  CompDCMStart                   
0000093d  CompDCMUpdate                  
00002da1  ConfigureUART                  
00003485  GPIODirModeSet                 
000036e7  GPIOIntClear                   
000036a1  GPIOIntEnable                  
00003677  GPIOIntStatus                  
00001dbd  GPIOPadConfigSet               
000036ed  GPIOPinRead                    
00003629  GPIOPinTypeEthernetLED         
0000363b  GPIOPinTypeI2CSCL              
000036f3  GPIOPinWrite                   
000032e1  GPIOPortMIntHandler            
000026a5  I2CMCommand                    
00003391  I2CMInit                       
00001fed  I2CMIntHandler                 
000033f7  I2CMTransferResume             
00002e55  I2CMWrite8                     
00003705  I2CMasterControl               
00003709  I2CMasterDataGet               
0000370d  I2CMasterDataPut               
000036c5  I2CMasterEnable                
00002fa1  I2CMasterInitExpClk            
000036cf  I2CMasterIntClear              
000036d7  I2CMasterIntEnableEx           
000036df  I2CMasterSlaveAddrSet          
00002b4d  IntDisable                     
00002bb5  IntEnable                      
00002c1d  IntIsEnabled                   
000036ad  IntTrigger                     
00002c81  LEDRead                        
00002a09  LEDWrite                       
0000354d  MPU9150AppCallback             
000020e1  MPU9150AppErrorHandler         
00003429  MPU9150AppI2CWait              
000027b5  MPU9150DataAccelGetFloat       
00002831  MPU9150DataGyroGetFloat        
000023ad  MPU9150DataMagnetoGetFloat     
00002ce1  MPU9150DataRead                
000036b9  MPU9150I2CIntHandler           
00002a75  MPU9150Init                    
00002449  MPU9150Write                   
00000bcd  PinoutSet                      
000036f9  ResetISR                       
UNDEFED   SHT$$INIT_ARRAY$$Base          
UNDEFED   SHT$$INIT_ARRAY$$Limit         
00000de5  SysCtlClockFreqSet             
00003459  UARTFlushRx                    
0000331d  UARTFlushTx                    
00002255  UARTStdioConfig                
000019b5  UARTStdioIntHandler            
000035cb  UARTprintf                     
00000fd1  UARTvprintf                    
00002305  UARTwrite                      
000033c5  VectorAdd                      
00002dfd  VectorCrossProduct             
00003501  VectorDotProduct               
00003527  VectorScale                    
UNDEFED   _FDclass                       
20000a80  __STACK_END                    
00000400  __STACK_SIZE                   
20000a80  __STACK_TOP                    
00003aa4  __TI_CINIT_Base                
00003ab4  __TI_CINIT_Limit               
00003a9c  __TI_Handler_Table_Base        
00003aa4  __TI_Handler_Table_Limit       
00002929  __TI_auto_init                 
20000a98  __TI_cleanup_ptr               
00003693  __TI_decompress_none           
000036ff  __TI_decompress_rle24          
20000a9c  __TI_dtors_ptr                 
20000aa0  __TI_enable_exit_profile_output
ffffffff  __TI_pprof_out_hndl            
ffffffff  __TI_prof_data_size            
ffffffff  __TI_prof_data_start           
00000000  __TI_static_base__             
0000272d  __aeabi_cdrcmple               
00002999  __aeabi_d2f                    
0000138d  __aeabi_dadd                   
00001eef  __aeabi_dmul                   
00001383  __aeabi_dsub                   
00003359  __aeabi_f2d                    
000027b3  __aeabi_idiv0                  
000028ad  __aeabi_memclr                 
000028ad  __aeabi_memclr4                
000028ad  __aeabi_memclr8                
000024e5  __aeabi_memcpy                 
000024e5  __aeabi_memcpy4                
000024e5  __aeabi_memcpy8                
000028af  __aeabi_memset                 
000028af  __aeabi_memset4                
000028af  __aeabi_memset8                
00003261  __aeabi_uidiv                  
00003261  __aeabi_uidivmod               
ffffffff  __binit__                      
ffffffff  __c_args__                     
00002927  __mpu_init                     
20000680  __stack                        
000035fd  _args_main                     
00002ea9  _c_int00                       
20000aa4  _lock                          
00003623  _nop                           
0000361b  _register_lock                 
00003615  _register_unlock               
00002a07  _system_post_cinit             
00003711  _system_pre_init               
20000aa8  _unlock                        
00002f01  abort                          
000016cd  asinf                          
00001b15  atan2f                         
00001c6d  atanf                          
ffffffff  binit                          
00002fed  copy_in                        
20000aac  errno                          
00002f09  exit                           
00000000  g_pfnVectors                   
20000610  g_sCompDCMInst                 
20000400  g_sI2CInst                     
200005a4  g_sMPU9150Inst                 
20000670  g_ui32PrintSkipCounter         
20000674  g_ui32SysClock                 
20000678  g_vui8ErrorFlag                
2000067c  g_vui8I2CDoneFlag              
00000201  main                           
20000ab0  main_func_sp                   
000024e5  memcpy                         
000028b5  memset                         
00001845  sqrt                           
000034d9  sqrtf                          
00001845  sqrtl                          


GLOBAL SYMBOLS: SORTED BY Symbol Address 

address   name                           
-------   ----                           
00000000  __TI_static_base__             
00000000  g_pfnVectors                   
00000201  main                           
00000400  __STACK_SIZE                   
0000093d  CompDCMUpdate                  
00000bcd  PinoutSet                      
00000de5  SysCtlClockFreqSet             
00000fd1  UARTvprintf                    
000011bb  CompDCMComputeQuaternion       
00001383  __aeabi_dsub                   
0000138d  __aeabi_dadd                   
000016cd  asinf                          
00001845  sqrt                           
00001845  sqrtl                          
000019b5  UARTStdioIntHandler            
00001b15  atan2f                         
00001c6d  atanf                          
00001dbd  GPIOPadConfigSet               
00001eef  __aeabi_dmul                   
00001fed  I2CMIntHandler                 
000020e1  MPU9150AppErrorHandler         
000021a5  CompDCMStart                   
00002255  UARTStdioConfig                
00002305  UARTwrite                      
000023ad  MPU9150DataMagnetoGetFloat     
00002449  MPU9150Write                   
000024e5  __aeabi_memcpy                 
000024e5  __aeabi_memcpy4                
000024e5  __aeabi_memcpy8                
000024e5  memcpy                         
000026a5  I2CMCommand                    
0000272d  __aeabi_cdrcmple               
000027b3  __aeabi_idiv0                  
000027b5  MPU9150DataAccelGetFloat       
00002831  MPU9150DataGyroGetFloat        
000028ad  __aeabi_memclr                 
000028ad  __aeabi_memclr4                
000028ad  __aeabi_memclr8                
000028af  __aeabi_memset                 
000028af  __aeabi_memset4                
000028af  __aeabi_memset8                
000028b5  memset                         
00002927  __mpu_init                     
00002929  __TI_auto_init                 
00002999  __aeabi_d2f                    
00002a07  _system_post_cinit             
00002a09  LEDWrite                       
00002a75  MPU9150Init                    
00002b4d  IntDisable                     
00002bb5  IntEnable                      
00002c1d  IntIsEnabled                   
00002c81  LEDRead                        
00002ce1  MPU9150DataRead                
00002da1  ConfigureUART                  
00002dfd  VectorCrossProduct             
00002e55  I2CMWrite8                     
00002ea9  _c_int00                       
00002efd  C$$EXIT                        
00002f01  abort                          
00002f09  exit                           
00002fa1  I2CMasterInitExpClk            
00002fed  copy_in                        
00003115  CompDCMInit                    
0000319d  CompDCMComputeEulers           
00003261  __aeabi_uidiv                  
00003261  __aeabi_uidivmod               
000032e1  GPIOPortMIntHandler            
0000331d  UARTFlushTx                    
00003359  __aeabi_f2d                    
00003391  I2CMInit                       
000033c5  VectorAdd                      
000033f7  I2CMTransferResume             
00003429  MPU9150AppI2CWait              
00003459  UARTFlushRx                    
00003485  GPIODirModeSet                 
000034d9  sqrtf                          
00003501  VectorDotProduct               
00003527  VectorScale                    
0000354d  MPU9150AppCallback             
000035cb  UARTprintf                     
000035fd  _args_main                     
00003615  _register_unlock               
0000361b  _register_lock                 
00003623  _nop                           
00003629  GPIOPinTypeEthernetLED         
0000363b  GPIOPinTypeI2CSCL              
0000364d  CompDCMAccelUpdate             
0000365b  CompDCMGyroUpdate              
00003669  CompDCMMagnetoUpdate           
00003677  GPIOIntStatus                  
00003693  __TI_decompress_none           
000036a1  GPIOIntEnable                  
000036ad  IntTrigger                     
000036b9  MPU9150I2CIntHandler           
000036c5  I2CMasterEnable                
000036cf  I2CMasterIntClear              
000036d7  I2CMasterIntEnableEx           
000036df  I2CMasterSlaveAddrSet          
000036e7  GPIOIntClear                   
000036ed  GPIOPinRead                    
000036f3  GPIOPinWrite                   
000036f9  ResetISR                       
000036ff  __TI_decompress_rle24          
00003705  I2CMasterControl               
00003709  I2CMasterDataGet               
0000370d  I2CMasterDataPut               
00003711  _system_pre_init               
00003a9c  __TI_Handler_Table_Base        
00003aa4  __TI_CINIT_Base                
00003aa4  __TI_Handler_Table_Limit       
00003ab4  __TI_CINIT_Limit               
20000400  g_sI2CInst                     
200005a4  g_sMPU9150Inst                 
20000610  g_sCompDCMInst                 
20000670  g_ui32PrintSkipCounter         
20000674  g_ui32SysClock                 
20000678  g_vui8ErrorFlag                
2000067c  g_vui8I2CDoneFlag              
20000680  __stack                        
20000a80  __STACK_END                    
20000a80  __STACK_TOP                    
20000a98  __TI_cleanup_ptr               
20000a9c  __TI_dtors_ptr                 
20000aa0  __TI_enable_exit_profile_output
20000aa4  _lock                          
20000aa8  _unlock                        
20000aac  errno                          
20000ab0  main_func_sp                   
ffffffff  __TI_pprof_out_hndl            
ffffffff  __TI_prof_data_size            
ffffffff  __TI_prof_data_start           
ffffffff  __binit__                      
ffffffff  __c_args__                     
ffffffff  binit                          
UNDEFED   SHT$$INIT_ARRAY$$Base          
UNDEFED   SHT$$INIT_ARRAY$$Limit         
UNDEFED   _FDclass                       

[137 symbols]
